Archive member included because of file (symbol)

c:/winavr-20100110/bin/../lib/gcc/avr/4.3.3/avr5\libgcc.a(_mulsi3.o)
                              ./MCAL/I2C/I2C_program.o (__mulsi3)
c:/winavr-20100110/bin/../lib/gcc/avr/4.3.3/avr5\libgcc.a(_udivmodsi4.o)
                              ./MCAL/TIM0/TIM0_program.o (__udivmodsi4)
c:/winavr-20100110/bin/../lib/gcc/avr/4.3.3/avr5\libgcc.a(_exit.o)
                              c:/winavr-20100110/bin/../lib/gcc/avr/4.3.3/../../../../avr/lib/avr5/crtm32.o (exit)
c:/winavr-20100110/bin/../lib/gcc/avr/4.3.3/avr5\libgcc.a(_copy_data.o)
                              ./HAL/Stepper/Stepper_program.o (__do_copy_data)
c:/winavr-20100110/bin/../lib/gcc/avr/4.3.3/avr5\libgcc.a(_clear_bss.o)
                              ./MCAL/TIM1/TIM1_program.o (__do_clear_bss)
c:/winavr-20100110/bin/../lib/gcc/avr/4.3.3/avr5\libgcc.a(_fixunssfsi.o)
                              ./MCAL/I2C/I2C_program.o (__fixunssfsi)
c:/winavr-20100110/bin/../lib/gcc/avr/4.3.3/avr5\libgcc.a(_addsub_sf.o)
                              c:/winavr-20100110/bin/../lib/gcc/avr/4.3.3/avr5\libgcc.a(_fixunssfsi.o) (__subsf3)
c:/winavr-20100110/bin/../lib/gcc/avr/4.3.3/avr5\libgcc.a(_mul_sf.o)
                              ./MCAL/I2C/I2C_program.o (__mulsf3)
c:/winavr-20100110/bin/../lib/gcc/avr/4.3.3/avr5\libgcc.a(_div_sf.o)
                              ./HAL/LCD/LCD_program.o (__divsf3)
c:/winavr-20100110/bin/../lib/gcc/avr/4.3.3/avr5\libgcc.a(_gt_sf.o)
                              ./MCAL/I2C/I2C_program.o (__gtsf2)
c:/winavr-20100110/bin/../lib/gcc/avr/4.3.3/avr5\libgcc.a(_ge_sf.o)
                              c:/winavr-20100110/bin/../lib/gcc/avr/4.3.3/avr5\libgcc.a(_fixunssfsi.o) (__gesf2)
c:/winavr-20100110/bin/../lib/gcc/avr/4.3.3/avr5\libgcc.a(_lt_sf.o)
                              ./MCAL/I2C/I2C_program.o (__ltsf2)
c:/winavr-20100110/bin/../lib/gcc/avr/4.3.3/avr5\libgcc.a(_sf_to_si.o)
                              c:/winavr-20100110/bin/../lib/gcc/avr/4.3.3/avr5\libgcc.a(_fixunssfsi.o) (__fixsfsi)
c:/winavr-20100110/bin/../lib/gcc/avr/4.3.3/avr5\libgcc.a(_thenan_sf.o)
                              c:/winavr-20100110/bin/../lib/gcc/avr/4.3.3/avr5\libgcc.a(_addsub_sf.o) (__thenan_sf)
c:/winavr-20100110/bin/../lib/gcc/avr/4.3.3/avr5\libgcc.a(_prologue.o)
                              c:/winavr-20100110/bin/../lib/gcc/avr/4.3.3/avr5\libgcc.a(_addsub_sf.o) (__prologue_saves__)
c:/winavr-20100110/bin/../lib/gcc/avr/4.3.3/avr5\libgcc.a(_epilogue.o)
                              c:/winavr-20100110/bin/../lib/gcc/avr/4.3.3/avr5\libgcc.a(_addsub_sf.o) (__epilogue_restores__)
c:/winavr-20100110/bin/../lib/gcc/avr/4.3.3/avr5\libgcc.a(_pack_sf.o)
                              c:/winavr-20100110/bin/../lib/gcc/avr/4.3.3/avr5\libgcc.a(_addsub_sf.o) (__pack_f)
c:/winavr-20100110/bin/../lib/gcc/avr/4.3.3/avr5\libgcc.a(_unpack_sf.o)
                              c:/winavr-20100110/bin/../lib/gcc/avr/4.3.3/avr5\libgcc.a(_addsub_sf.o) (__unpack_f)
c:/winavr-20100110/bin/../lib/gcc/avr/4.3.3/avr5\libgcc.a(_fpcmp_parts_sf.o)
                              c:/winavr-20100110/bin/../lib/gcc/avr/4.3.3/avr5\libgcc.a(_gt_sf.o) (__fpcmp_parts_f)

Allocating common symbols
Common symbol       size              file

preload             0x4               ./MCAL/TIM0/TIM0_program.o
func_ptr_ovf        0x2               ./MCAL/TIM0/TIM0_program.o
NoCounts            0x4               ./MCAL/TIM0/TIM0_program.o
callback_ptr1       0x2               ./MCAL/EXTI/EXTI_program.o
callback_ptr2       0x2               ./MCAL/EXTI/EXTI_program.o
callback_ptr3       0x2               ./MCAL/EXTI/EXTI_program.o
tim1_callback_ptr   0x2               ./MCAL/TIM1/TIM1_program.o
func_ptr_ctc        0x2               ./MCAL/TIM0/TIM0_program.o

Memory Configuration

Name             Origin             Length             Attributes
text             0x00000000         0x00020000         xr
data             0x00800060         0x0000ffa0         rw !x
eeprom           0x00810000         0x00010000         rw !x
fuse             0x00820000         0x00000400         rw !x
lock             0x00830000         0x00000400         rw !x
signature        0x00840000         0x00000400         rw !x
*default*        0x00000000         0xffffffff

Linker script and memory map

LOAD c:/winavr-20100110/bin/../lib/gcc/avr/4.3.3/../../../../avr/lib/avr5/crtm32.o
LOAD ./MCAL/TIM1/TIM1_program.o
LOAD ./MCAL/TIM0/TIM0_program.o
LOAD ./MCAL/I2C/I2C_program.o
LOAD ./MCAL/GIE/GIE_program.o
LOAD ./MCAL/EXTI/EXTI_program.o
LOAD ./MCAL/DIO/DIO_program.o
LOAD ./MCAL/ADC/ADC_program.o
LOAD ./HAL/Stepper/Stepper_program.o
LOAD ./HAL/SevenSegment/SS_program.o
LOAD ./HAL/Servo/Servo_program.o
LOAD ./HAL/Motor/Motor_program.o
LOAD ./HAL/LED/LED_program.o
LOAD ./HAL/LCD/LCD_program.o
LOAD ./HAL/Keypad/Keypad_program.o
LOAD ./HAL/ICU/ICU_program.o
LOAD ./HAL/Button/Button_program.o
LOAD ./APP/main.o
LOAD c:/winavr-20100110/bin/../lib/gcc/avr/4.3.3/avr5\libgcc.a
LOAD c:/winavr-20100110/bin/../lib/gcc/avr/4.3.3/../../../../avr/lib/avr5\libc.a
LOAD c:/winavr-20100110/bin/../lib/gcc/avr/4.3.3/avr5\libgcc.a

.hash
 *(.hash)

.dynsym
 *(.dynsym)

.dynstr
 *(.dynstr)

.gnu.version
 *(.gnu.version)

.gnu.version_d
 *(.gnu.version_d)

.gnu.version_r
 *(.gnu.version_r)

.rel.init
 *(.rel.init)

.rela.init
 *(.rela.init)

.rel.text
 *(.rel.text)
 *(.rel.text.*)
 *(.rel.gnu.linkonce.t*)

.rela.text
 *(.rela.text)
 *(.rela.text.*)
 *(.rela.gnu.linkonce.t*)

.rel.fini
 *(.rel.fini)

.rela.fini
 *(.rela.fini)

.rel.rodata
 *(.rel.rodata)
 *(.rel.rodata.*)
 *(.rel.gnu.linkonce.r*)

.rela.rodata
 *(.rela.rodata)
 *(.rela.rodata.*)
 *(.rela.gnu.linkonce.r*)

.rel.data
 *(.rel.data)
 *(.rel.data.*)
 *(.rel.gnu.linkonce.d*)

.rela.data
 *(.rela.data)
 *(.rela.data.*)
 *(.rela.gnu.linkonce.d*)

.rel.ctors
 *(.rel.ctors)

.rela.ctors
 *(.rela.ctors)

.rel.dtors
 *(.rel.dtors)

.rela.dtors
 *(.rela.dtors)

.rel.got
 *(.rel.got)

.rela.got
 *(.rela.got)

.rel.bss
 *(.rel.bss)

.rela.bss
 *(.rela.bss)

.rel.plt
 *(.rel.plt)

.rela.plt
 *(.rela.plt)

.text           0x00000000     0x38c0
 *(.vectors)
 .vectors       0x00000000       0x54 c:/winavr-20100110/bin/../lib/gcc/avr/4.3.3/../../../../avr/lib/avr5/crtm32.o
                0x00000000                __vectors
                0x00000000                __vector_default
 *(.vectors)
 *(.progmem.gcc*)
 *(.progmem*)
                0x00000054                . = ALIGN (0x2)
                0x00000054                __trampolines_start = .
 *(.trampolines)
 .trampolines   0x00000054        0x0 linker stubs
 *(.trampolines*)
                0x00000054                __trampolines_end = .
 *(.jumptables)
 *(.jumptables*)
 *(.lowtext)
 *(.lowtext*)
                0x00000054                __ctors_start = .
 *(.ctors)
                0x00000054                __ctors_end = .
                0x00000054                __dtors_start = .
 *(.dtors)
                0x00000054                __dtors_end = .
 SORT(*)(.ctors)
 SORT(*)(.dtors)
 *(.init0)
 .init0         0x00000054        0x0 c:/winavr-20100110/bin/../lib/gcc/avr/4.3.3/../../../../avr/lib/avr5/crtm32.o
                0x00000054                __init
 *(.init0)
 *(.init1)
 *(.init1)
 *(.init2)
 .init2         0x00000054        0xc c:/winavr-20100110/bin/../lib/gcc/avr/4.3.3/../../../../avr/lib/avr5/crtm32.o
 *(.init2)
 *(.init3)
 *(.init3)
 *(.init4)
 .init4         0x00000060       0x16 c:/winavr-20100110/bin/../lib/gcc/avr/4.3.3/avr5\libgcc.a(_copy_data.o)
                0x00000060                __do_copy_data
 .init4         0x00000076       0x10 c:/winavr-20100110/bin/../lib/gcc/avr/4.3.3/avr5\libgcc.a(_clear_bss.o)
                0x00000076                __do_clear_bss
 *(.init4)
 *(.init5)
 *(.init5)
 *(.init6)
 *(.init6)
 *(.init7)
 *(.init7)
 *(.init8)
 *(.init8)
 *(.init9)
 .init9         0x00000086        0x8 c:/winavr-20100110/bin/../lib/gcc/avr/4.3.3/../../../../avr/lib/avr5/crtm32.o
 *(.init9)
 *(.text)
 .text          0x0000008e        0x4 c:/winavr-20100110/bin/../lib/gcc/avr/4.3.3/../../../../avr/lib/avr5/crtm32.o
                0x0000008e                __vector_12
                0x0000008e                __bad_interrupt
                0x0000008e                __vector_13
                0x0000008e                __vector_17
                0x0000008e                __vector_19
                0x0000008e                __vector_7
                0x0000008e                __vector_5
                0x0000008e                __vector_4
                0x0000008e                __vector_9
                0x0000008e                __vector_15
                0x0000008e                __vector_8
                0x0000008e                __vector_14
                0x0000008e                __vector_16
                0x0000008e                __vector_18
                0x0000008e                __vector_20
 .text          0x00000092        0x0 ./MCAL/TIM1/TIM1_program.o
 .text          0x00000092        0x0 ./MCAL/TIM0/TIM0_program.o
 .text          0x00000092        0x0 ./MCAL/I2C/I2C_program.o
 .text          0x00000092        0x0 ./MCAL/GIE/GIE_program.o
 .text          0x00000092        0x0 ./MCAL/EXTI/EXTI_program.o
 .text          0x00000092        0x0 ./MCAL/DIO/DIO_program.o
 .text          0x00000092        0x0 ./MCAL/ADC/ADC_program.o
 .text          0x00000092        0x0 ./HAL/Stepper/Stepper_program.o
 .text          0x00000092        0x0 ./HAL/SevenSegment/SS_program.o
 .text          0x00000092        0x0 ./HAL/Servo/Servo_program.o
 .text          0x00000092        0x0 ./HAL/Motor/Motor_program.o
 .text          0x00000092        0x0 ./HAL/LED/LED_program.o
 .text          0x00000092        0x0 ./HAL/LCD/LCD_program.o
 .text          0x00000092        0x0 ./HAL/Keypad/Keypad_program.o
 .text          0x00000092        0x0 ./HAL/ICU/ICU_program.o
 .text          0x00000092        0x0 ./HAL/Button/Button_program.o
 .text          0x00000092        0x0 ./APP/main.o
 .text          0x00000092        0x0 c:/winavr-20100110/bin/../lib/gcc/avr/4.3.3/avr5\libgcc.a(_mulsi3.o)
 .text          0x00000092        0x0 c:/winavr-20100110/bin/../lib/gcc/avr/4.3.3/avr5\libgcc.a(_udivmodsi4.o)
 .text          0x00000092        0x0 c:/winavr-20100110/bin/../lib/gcc/avr/4.3.3/avr5\libgcc.a(_exit.o)
 .text          0x00000092        0x0 c:/winavr-20100110/bin/../lib/gcc/avr/4.3.3/avr5\libgcc.a(_copy_data.o)
 .text          0x00000092        0x0 c:/winavr-20100110/bin/../lib/gcc/avr/4.3.3/avr5\libgcc.a(_clear_bss.o)
 .text          0x00000092       0x58 c:/winavr-20100110/bin/../lib/gcc/avr/4.3.3/avr5\libgcc.a(_fixunssfsi.o)
                0x00000092                __fixunssfsi
 .text          0x000000ea      0x354 c:/winavr-20100110/bin/../lib/gcc/avr/4.3.3/avr5\libgcc.a(_addsub_sf.o)
                0x00000382                __subsf3
                0x000003e4                __addsf3
 .text          0x0000043e      0x1f4 c:/winavr-20100110/bin/../lib/gcc/avr/4.3.3/avr5\libgcc.a(_mul_sf.o)
                0x0000043e                __mulsf3
 .text          0x00000632      0x158 c:/winavr-20100110/bin/../lib/gcc/avr/4.3.3/avr5\libgcc.a(_div_sf.o)
                0x00000632                __divsf3
 .text          0x0000078a       0x60 c:/winavr-20100110/bin/../lib/gcc/avr/4.3.3/avr5\libgcc.a(_gt_sf.o)
                0x0000078a                __gtsf2
 .text          0x000007ea       0x60 c:/winavr-20100110/bin/../lib/gcc/avr/4.3.3/avr5\libgcc.a(_ge_sf.o)
                0x000007ea                __gesf2
 .text          0x0000084a       0x60 c:/winavr-20100110/bin/../lib/gcc/avr/4.3.3/avr5\libgcc.a(_lt_sf.o)
                0x0000084a                __ltsf2
 .text          0x000008aa       0xa8 c:/winavr-20100110/bin/../lib/gcc/avr/4.3.3/avr5\libgcc.a(_sf_to_si.o)
                0x000008aa                __fixsfsi
 .text          0x00000952        0x0 c:/winavr-20100110/bin/../lib/gcc/avr/4.3.3/avr5\libgcc.a(_thenan_sf.o)
 .text          0x00000952        0x0 c:/winavr-20100110/bin/../lib/gcc/avr/4.3.3/avr5\libgcc.a(_prologue.o)
 .text          0x00000952        0x0 c:/winavr-20100110/bin/../lib/gcc/avr/4.3.3/avr5\libgcc.a(_epilogue.o)
 .text          0x00000952      0x1aa c:/winavr-20100110/bin/../lib/gcc/avr/4.3.3/avr5\libgcc.a(_pack_sf.o)
                0x00000952                __pack_f
 .text          0x00000afc       0xf0 c:/winavr-20100110/bin/../lib/gcc/avr/4.3.3/avr5\libgcc.a(_unpack_sf.o)
                0x00000afc                __unpack_f
 .text          0x00000bec       0xb2 c:/winavr-20100110/bin/../lib/gcc/avr/4.3.3/avr5\libgcc.a(_fpcmp_parts_sf.o)
                0x00000bec                __fpcmp_parts_f
                0x00000c9e                . = ALIGN (0x2)
 *(.text.*)
 .text.TIM1_voidInit
                0x00000c9e       0x78 ./MCAL/TIM1/TIM1_program.o
                0x00000c9e                TIM1_voidInit
 .text.TIM1_voidICUInit
                0x00000d16       0x86 ./MCAL/TIM1/TIM1_program.o
                0x00000d16                TIM1_voidICUInit
 .text.TIM1_SetEdge
                0x00000d9c       0x54 ./MCAL/TIM1/TIM1_program.o
                0x00000d9c                TIM1_SetEdge
 .text.TIM1_GetICRValue
                0x00000df0       0x16 ./MCAL/TIM1/TIM1_program.o
                0x00000df0                TIM1_GetICRValue
 .text.TIM1_setCallback
                0x00000e06       0x24 ./MCAL/TIM1/TIM1_program.o
                0x00000e06                TIM1_setCallback
 .text.__vector_6
                0x00000e2a       0x5a ./MCAL/TIM1/TIM1_program.o
                0x00000e2a                __vector_6
 .text.TIM1_GetCounterValueUs
                0x00000e84       0x16 ./MCAL/TIM1/TIM1_program.o
                0x00000e84                TIM1_GetCounterValueUs
 .text.TIM1_ClearCounterValue
                0x00000e9a       0x16 ./MCAL/TIM1/TIM1_program.o
                0x00000e9a                TIM1_ClearCounterValue
 .text.TIM1_voidFPWMInit
                0x00000eb0       0xc6 ./MCAL/TIM1/TIM1_program.o
                0x00000eb0                TIM1_voidFPWMInit
 .text.TIM1_setDutyCycle
                0x00000f76       0x5c ./MCAL/TIM1/TIM1_program.o
                0x00000f76                TIM1_setDutyCycle
 .text.TIM0_Init
                0x00000fd2       0x38 ./MCAL/TIM0/TIM0_program.o
                0x00000fd2                TIM0_Init
 .text.TIM0_SetValueUS
                0x0000100a       0xc0 ./MCAL/TIM0/TIM0_program.o
                0x0000100a                TIM0_SetValueUS
 .text.TIM0_Disable
                0x000010ca       0x38 ./MCAL/TIM0/TIM0_program.o
                0x000010ca                TIM0_Disable
 .text.TIM0_SetOVFCallback
                0x00001102       0x24 ./MCAL/TIM0/TIM0_program.o
                0x00001102                TIM0_SetOVFCallback
 .text.TIM0_SetCTCCallback
                0x00001126       0x24 ./MCAL/TIM0/TIM0_program.o
                0x00001126                TIM0_SetCTCCallback
 .text.__vector_11
                0x0000114a       0xd0 ./MCAL/TIM0/TIM0_program.o
                0x0000114a                __vector_11
 .text.__vector_10
                0x0000121a       0xba ./MCAL/TIM0/TIM0_program.o
                0x0000121a                __vector_10
 .text.I2C_InitMaster
                0x000012d4       0x80 ./MCAL/I2C/I2C_program.o
                0x000012d4                I2C_InitMaster
 .text.I2C_InitSlave
                0x00001354       0x24 ./MCAL/I2C/I2C_program.o
                0x00001354                I2C_InitSlave
 .text.I2C_SendStart
                0x00001378       0x2e ./MCAL/I2C/I2C_program.o
                0x00001378                I2C_SendStart
 .text.I2C_SendAddress
                0x000013a6       0x4e ./MCAL/I2C/I2C_program.o
                0x000013a6                I2C_SendAddress
 .text.I2C_SendData
                0x000013f4       0x3c ./MCAL/I2C/I2C_program.o
                0x000013f4                I2C_SendData
 .text.I2C_SendStop
                0x00001430       0x24 ./MCAL/I2C/I2C_program.o
                0x00001430                I2C_SendStop
 .text.I2C_ReceiveWihtAck
                0x00001454       0x2c ./MCAL/I2C/I2C_program.o
                0x00001454                I2C_ReceiveWihtAck
 .text.I2C_ReceiveWihoutAck
                0x00001480       0x2c ./MCAL/I2C/I2C_program.o
                0x00001480                I2C_ReceiveWihoutAck
 .text.I2C_SendFram
                0x000014ac      0x188 ./MCAL/I2C/I2C_program.o
                0x000014ac                I2C_SendFram
 .text.GIE_Enable
                0x00001634       0x1c ./MCAL/GIE/GIE_program.o
                0x00001634                GIE_Enable
 .text.GIE_Disable
                0x00001650       0x1c ./MCAL/GIE/GIE_program.o
                0x00001650                GIE_Disable
 .text.EXTI_SetMode
                0x0000166c       0xd0 ./MCAL/EXTI/EXTI_program.o
                0x0000166c                EXTI_SetMode
 .text.EXTI_Enable
                0x0000173c       0x70 ./MCAL/EXTI/EXTI_program.o
                0x0000173c                EXTI_Enable
 .text.EXTI_Disable
                0x000017ac       0x70 ./MCAL/EXTI/EXTI_program.o
                0x000017ac                EXTI_Disable
 .text.EXTI_SetCallback
                0x0000181c       0x74 ./MCAL/EXTI/EXTI_program.o
                0x0000181c                EXTI_SetCallback
 .text.__vector_1
                0x00001890       0x5a ./MCAL/EXTI/EXTI_program.o
                0x00001890                __vector_1
 .text.__vector_2
                0x000018ea       0x5a ./MCAL/EXTI/EXTI_program.o
                0x000018ea                __vector_2
 .text.__vector_3
                0x00001944       0x5a ./MCAL/EXTI/EXTI_program.o
                0x00001944                __vector_3
 .text.DIO_u8SetPinValue
                0x0000199e      0x21c ./MCAL/DIO/DIO_program.o
                0x0000199e                DIO_u8SetPinValue
 .text.DIO_u8GetPinValue
                0x00001bba       0xf8 ./MCAL/DIO/DIO_program.o
                0x00001bba                DIO_u8GetPinValue
 .text.DIO_u8SetPinDirection
                0x00001cb2      0x21c ./MCAL/DIO/DIO_program.o
                0x00001cb2                DIO_u8SetPinDirection
 .text.DIO_u8SetPortValue
                0x00001ece       0x94 ./MCAL/DIO/DIO_program.o
                0x00001ece                DIO_u8SetPortValue
 .text.DIO_u8SetPortDirection
                0x00001f62       0x94 ./MCAL/DIO/DIO_program.o
                0x00001f62                DIO_u8SetPortDirection
 .text.ADC_Init
                0x00001ff6       0x3a ./MCAL/ADC/ADC_program.o
                0x00001ff6                ADC_Init
 .text.ADC_StartConversion
                0x00002030       0x6c ./MCAL/ADC/ADC_program.o
                0x00002030                ADC_StartConversion
 .text.Stepper_Init
                0x0000209c       0x58 ./HAL/Stepper/Stepper_program.o
                0x0000209c                Stepper_Init
 .text.Stepper_StepCW
                0x000020f4       0x92 ./HAL/Stepper/Stepper_program.o
                0x000020f4                Stepper_StepCW
 .text.Stepper_StepCCW
                0x00002186       0x94 ./HAL/Stepper/Stepper_program.o
                0x00002186                Stepper_StepCCW
 .text.SevenSegment_voidInit
                0x0000221a       0x1e ./HAL/SevenSegment/SS_program.o
                0x0000221a                SevenSegment_voidInit
 .text.SevenSegment_voidSetValue
                0x00002238       0x38 ./HAL/SevenSegment/SS_program.o
                0x00002238                SevenSegment_voidSetValue
 .text.SevenSegment_voidClear
                0x00002270       0x26 ./HAL/SevenSegment/SS_program.o
                0x00002270                SevenSegment_voidClear
 .text.Servo_Init
                0x00002296       0x2a ./HAL/Servo/Servo_program.o
                0x00002296                Servo_Init
 .text.Servo_SetAngle
                0x000022c0       0xc2 ./HAL/Servo/Servo_program.o
                0x000022c0                Servo_SetAngle
 .text.Motor_Init
                0x00002382       0x26 ./HAL/Motor/Motor_program.o
                0x00002382                Motor_Init
 .text.Motor_SetDirection
                0x000023a8      0x23a ./HAL/Motor/Motor_program.o
                0x000023a8                Motor_SetDirection
 .text.Motor_Stop
                0x000025e2       0x22 ./HAL/Motor/Motor_program.o
                0x000025e2                Motor_Stop
 .text.LED_voidInit
                0x00002604       0x50 ./HAL/LED/LED_program.o
                0x00002604                LED_voidInit
 .text.LED_voidSetLEDHigh
                0x00002654       0x48 ./HAL/LED/LED_program.o
                0x00002654                LED_voidSetLEDHigh
 .text.LED_voidSetLEDLow
                0x0000269c       0x48 ./HAL/LED/LED_program.o
                0x0000269c                LED_voidSetLEDLow
 .text.LCD_voidInit
                0x000026e4      0x55e ./HAL/LCD/LCD_program.o
                0x000026e4                LCD_voidInit
 .text.LCD_voidSendCommand
                0x00002c42      0x350 ./HAL/LCD/LCD_program.o
                0x00002c42                LCD_voidSendCommand
 .text.LCD_voidPrintChar
                0x00002f92      0x350 ./HAL/LCD/LCD_program.o
                0x00002f92                LCD_voidPrintChar
 .text.LCD_voidPrintStr
                0x000032e2       0x38 ./HAL/LCD/LCD_program.o
                0x000032e2                LCD_voidPrintStr
 .text.LCD_voidGotoRowCol
                0x0000331a       0x84 ./HAL/LCD/LCD_program.o
                0x0000331a                LCD_voidGotoRowCol
 .text.Keypad_voidInit
                0x0000339e       0xec ./HAL/Keypad/Keypad_program.o
                0x0000339e                Keypad_voidInit
 .text.Keypad_u8GetValue
                0x0000348a      0x128 ./HAL/Keypad/Keypad_program.o
                0x0000348a                Keypad_u8GetValue
 .text.ICU_Init
                0x000035b2       0x3a ./HAL/ICU/ICU_program.o
                0x000035b2                ICU_Init
 .text.ICU_GetOnTimeUs
                0x000035ec       0x16 ./HAL/ICU/ICU_program.o
                0x000035ec                ICU_GetOnTimeUs
 .text.ICU_GetPeriodUs
                0x00003602       0x16 ./HAL/ICU/ICU_program.o
                0x00003602                ICU_GetPeriodUs
 .text.ICU_GetDutyCycle
                0x00003618       0x5a ./HAL/ICU/ICU_program.o
                0x00003618                ICU_GetDutyCycle
 .text.EXTI_Callback
                0x00003672       0x84 ./HAL/ICU/ICU_program.o
                0x00003672                EXTI_Callback
 .text.Button_voidInit
                0x000036f6       0x22 ./HAL/Button/Button_program.o
                0x000036f6                Button_voidInit
 .text.Button_u8GetStatus
                0x00003718       0x46 ./HAL/Button/Button_program.o
                0x00003718                Button_u8GetStatus
 .text.Button_voidWaitForButton
                0x0000375e       0x2c ./HAL/Button/Button_program.o
                0x0000375e                Button_voidWaitForButton
 .text.main     0x0000378a       0x42 ./APP/main.o
                0x0000378a                main
 .text.libgcc   0x000037cc       0x3e c:/winavr-20100110/bin/../lib/gcc/avr/4.3.3/avr5\libgcc.a(_mulsi3.o)
                0x000037cc                __mulsi3
 .text.libgcc   0x0000380a       0x44 c:/winavr-20100110/bin/../lib/gcc/avr/4.3.3/avr5\libgcc.a(_udivmodsi4.o)
                0x0000380a                __udivmodsi4
 .text.libgcc   0x0000384e        0x0 c:/winavr-20100110/bin/../lib/gcc/avr/4.3.3/avr5\libgcc.a(_exit.o)
 .text.libgcc   0x0000384e        0x0 c:/winavr-20100110/bin/../lib/gcc/avr/4.3.3/avr5\libgcc.a(_copy_data.o)
 .text.libgcc   0x0000384e        0x0 c:/winavr-20100110/bin/../lib/gcc/avr/4.3.3/avr5\libgcc.a(_clear_bss.o)
 .text.libgcc   0x0000384e       0x38 c:/winavr-20100110/bin/../lib/gcc/avr/4.3.3/avr5\libgcc.a(_prologue.o)
                0x0000384e                __prologue_saves__
 .text.libgcc   0x00003886       0x36 c:/winavr-20100110/bin/../lib/gcc/avr/4.3.3/avr5\libgcc.a(_epilogue.o)
                0x00003886                __epilogue_restores__
                0x000038bc                . = ALIGN (0x2)
 *(.fini9)
 .fini9         0x000038bc        0x0 c:/winavr-20100110/bin/../lib/gcc/avr/4.3.3/avr5\libgcc.a(_exit.o)
                0x000038bc                exit
                0x000038bc                _exit
 *(.fini9)
 *(.fini8)
 *(.fini8)
 *(.fini7)
 *(.fini7)
 *(.fini6)
 *(.fini6)
 *(.fini5)
 *(.fini5)
 *(.fini4)
 *(.fini4)
 *(.fini3)
 *(.fini3)
 *(.fini2)
 *(.fini2)
 *(.fini1)
 *(.fini1)
 *(.fini0)
 .fini0         0x000038bc        0x4 c:/winavr-20100110/bin/../lib/gcc/avr/4.3.3/avr5\libgcc.a(_exit.o)
 *(.fini0)
                0x000038c0                _etext = .

.data           0x00800060       0x4c load address 0x000038c0
                0x00800060                PROVIDE (__data_start, .)
 *(.data)
 .data          0x00800060        0x0 c:/winavr-20100110/bin/../lib/gcc/avr/4.3.3/../../../../avr/lib/avr5/crtm32.o
 .data          0x00800060        0x0 ./MCAL/TIM1/TIM1_program.o
 .data          0x00800060        0x0 ./MCAL/TIM0/TIM0_program.o
 .data          0x00800060        0x0 ./MCAL/I2C/I2C_program.o
 .data          0x00800060        0x0 ./MCAL/GIE/GIE_program.o
 .data          0x00800060        0x0 ./MCAL/EXTI/EXTI_program.o
 .data          0x00800060        0x0 ./MCAL/DIO/DIO_program.o
 .data          0x00800060        0x0 ./MCAL/ADC/ADC_program.o
 .data          0x00800060        0x0 ./HAL/Stepper/Stepper_program.o
 .data          0x00800060        0x0 ./HAL/SevenSegment/SS_program.o
 .data          0x00800060        0x0 ./HAL/Servo/Servo_program.o
 .data          0x00800060        0x0 ./HAL/Motor/Motor_program.o
 .data          0x00800060        0x0 ./HAL/LED/LED_program.o
 .data          0x00800060        0x0 ./HAL/LCD/LCD_program.o
 .data          0x00800060        0x0 ./HAL/Keypad/Keypad_program.o
 .data          0x00800060        0x0 ./HAL/ICU/ICU_program.o
 .data          0x00800060        0x0 ./HAL/Button/Button_program.o
 .data          0x00800060        0x0 ./APP/main.o
 .data          0x00800060        0x0 c:/winavr-20100110/bin/../lib/gcc/avr/4.3.3/avr5\libgcc.a(_mulsi3.o)
 .data          0x00800060        0x0 c:/winavr-20100110/bin/../lib/gcc/avr/4.3.3/avr5\libgcc.a(_udivmodsi4.o)
 .data          0x00800060        0x0 c:/winavr-20100110/bin/../lib/gcc/avr/4.3.3/avr5\libgcc.a(_exit.o)
 .data          0x00800060        0x0 c:/winavr-20100110/bin/../lib/gcc/avr/4.3.3/avr5\libgcc.a(_copy_data.o)
 .data          0x00800060        0x0 c:/winavr-20100110/bin/../lib/gcc/avr/4.3.3/avr5\libgcc.a(_clear_bss.o)
 .data          0x00800060        0x0 c:/winavr-20100110/bin/../lib/gcc/avr/4.3.3/avr5\libgcc.a(_fixunssfsi.o)
 .data          0x00800060        0x0 c:/winavr-20100110/bin/../lib/gcc/avr/4.3.3/avr5\libgcc.a(_addsub_sf.o)
 .data          0x00800060        0x0 c:/winavr-20100110/bin/../lib/gcc/avr/4.3.3/avr5\libgcc.a(_mul_sf.o)
 .data          0x00800060        0x0 c:/winavr-20100110/bin/../lib/gcc/avr/4.3.3/avr5\libgcc.a(_div_sf.o)
 .data          0x00800060        0x0 c:/winavr-20100110/bin/../lib/gcc/avr/4.3.3/avr5\libgcc.a(_gt_sf.o)
 .data          0x00800060        0x0 c:/winavr-20100110/bin/../lib/gcc/avr/4.3.3/avr5\libgcc.a(_ge_sf.o)
 .data          0x00800060        0x0 c:/winavr-20100110/bin/../lib/gcc/avr/4.3.3/avr5\libgcc.a(_lt_sf.o)
 .data          0x00800060        0x0 c:/winavr-20100110/bin/../lib/gcc/avr/4.3.3/avr5\libgcc.a(_sf_to_si.o)
 .data          0x00800060        0x8 c:/winavr-20100110/bin/../lib/gcc/avr/4.3.3/avr5\libgcc.a(_thenan_sf.o)
                0x00800060                __thenan_sf
 .data          0x00800068        0x0 c:/winavr-20100110/bin/../lib/gcc/avr/4.3.3/avr5\libgcc.a(_prologue.o)
 .data          0x00800068        0x0 c:/winavr-20100110/bin/../lib/gcc/avr/4.3.3/avr5\libgcc.a(_epilogue.o)
 .data          0x00800068        0x0 c:/winavr-20100110/bin/../lib/gcc/avr/4.3.3/avr5\libgcc.a(_pack_sf.o)
 .data          0x00800068        0x0 c:/winavr-20100110/bin/../lib/gcc/avr/4.3.3/avr5\libgcc.a(_unpack_sf.o)
 .data          0x00800068        0x0 c:/winavr-20100110/bin/../lib/gcc/avr/4.3.3/avr5\libgcc.a(_fpcmp_parts_sf.o)
 *(.data*)
 .data.coils    0x00800068        0x8 ./HAL/Stepper/Stepper_program.o
                0x00800068                coils
 .data.leds     0x00800070        0xa ./HAL/LED/LED_program.o
                0x00800070                leds
 .data.characters
                0x0080007a       0x10 ./HAL/Keypad/Keypad_program.o
                0x0080007a                characters
 *(.rodata)
 *(.rodata*)
 .rodata.sequence_arr
                0x0080008a        0x8 ./HAL/Stepper/Stepper_program.o
                0x0080008a                sequence_arr
 .rodata.digits
                0x00800092        0xa ./HAL/SevenSegment/SS_program.o
                0x00800092                digits
 .rodata.cols   0x0080009c        0x8 ./HAL/Keypad/Keypad_program.o
                0x0080009c                cols
 .rodata.rows   0x008000a4        0x8 ./HAL/Keypad/Keypad_program.o
                0x008000a4                rows
 *(.gnu.linkonce.d*)
                0x008000ac                . = ALIGN (0x2)
                0x008000ac                _edata = .
                0x008000ac                PROVIDE (__data_end, .)

.bss            0x008000ac       0x36
                0x008000ac                PROVIDE (__bss_start, .)
 *(.bss)
 .bss           0x008000ac        0x0 c:/winavr-20100110/bin/../lib/gcc/avr/4.3.3/../../../../avr/lib/avr5/crtm32.o
 .bss           0x008000ac        0x0 ./MCAL/TIM1/TIM1_program.o
 .bss           0x008000ac        0x0 ./MCAL/TIM0/TIM0_program.o
 .bss           0x008000ac        0x0 ./MCAL/I2C/I2C_program.o
 .bss           0x008000ac        0x0 ./MCAL/GIE/GIE_program.o
 .bss           0x008000ac        0x0 ./MCAL/EXTI/EXTI_program.o
 .bss           0x008000ac        0x0 ./MCAL/DIO/DIO_program.o
 .bss           0x008000ac        0x0 ./MCAL/ADC/ADC_program.o
 .bss           0x008000ac        0x0 ./HAL/Stepper/Stepper_program.o
 .bss           0x008000ac        0x0 ./HAL/SevenSegment/SS_program.o
 .bss           0x008000ac        0x0 ./HAL/Servo/Servo_program.o
 .bss           0x008000ac        0x0 ./HAL/Motor/Motor_program.o
 .bss           0x008000ac        0x0 ./HAL/LED/LED_program.o
 .bss           0x008000ac        0x0 ./HAL/LCD/LCD_program.o
 .bss           0x008000ac        0x0 ./HAL/Keypad/Keypad_program.o
 .bss           0x008000ac        0x0 ./HAL/ICU/ICU_program.o
 .bss           0x008000ac        0x0 ./HAL/Button/Button_program.o
 .bss           0x008000ac        0x0 ./APP/main.o
 .bss           0x008000ac        0x0 c:/winavr-20100110/bin/../lib/gcc/avr/4.3.3/avr5\libgcc.a(_mulsi3.o)
 .bss           0x008000ac        0x0 c:/winavr-20100110/bin/../lib/gcc/avr/4.3.3/avr5\libgcc.a(_udivmodsi4.o)
 .bss           0x008000ac        0x0 c:/winavr-20100110/bin/../lib/gcc/avr/4.3.3/avr5\libgcc.a(_exit.o)
 .bss           0x008000ac        0x0 c:/winavr-20100110/bin/../lib/gcc/avr/4.3.3/avr5\libgcc.a(_copy_data.o)
 .bss           0x008000ac        0x0 c:/winavr-20100110/bin/../lib/gcc/avr/4.3.3/avr5\libgcc.a(_clear_bss.o)
 .bss           0x008000ac        0x0 c:/winavr-20100110/bin/../lib/gcc/avr/4.3.3/avr5\libgcc.a(_fixunssfsi.o)
 .bss           0x008000ac        0x0 c:/winavr-20100110/bin/../lib/gcc/avr/4.3.3/avr5\libgcc.a(_addsub_sf.o)
 .bss           0x008000ac        0x0 c:/winavr-20100110/bin/../lib/gcc/avr/4.3.3/avr5\libgcc.a(_mul_sf.o)
 .bss           0x008000ac        0x0 c:/winavr-20100110/bin/../lib/gcc/avr/4.3.3/avr5\libgcc.a(_div_sf.o)
 .bss           0x008000ac        0x0 c:/winavr-20100110/bin/../lib/gcc/avr/4.3.3/avr5\libgcc.a(_gt_sf.o)
 .bss           0x008000ac        0x0 c:/winavr-20100110/bin/../lib/gcc/avr/4.3.3/avr5\libgcc.a(_ge_sf.o)
 .bss           0x008000ac        0x0 c:/winavr-20100110/bin/../lib/gcc/avr/4.3.3/avr5\libgcc.a(_lt_sf.o)
 .bss           0x008000ac        0x0 c:/winavr-20100110/bin/../lib/gcc/avr/4.3.3/avr5\libgcc.a(_sf_to_si.o)
 .bss           0x008000ac        0x0 c:/winavr-20100110/bin/../lib/gcc/avr/4.3.3/avr5\libgcc.a(_thenan_sf.o)
 .bss           0x008000ac        0x0 c:/winavr-20100110/bin/../lib/gcc/avr/4.3.3/avr5\libgcc.a(_prologue.o)
 .bss           0x008000ac        0x0 c:/winavr-20100110/bin/../lib/gcc/avr/4.3.3/avr5\libgcc.a(_epilogue.o)
 .bss           0x008000ac        0x0 c:/winavr-20100110/bin/../lib/gcc/avr/4.3.3/avr5\libgcc.a(_pack_sf.o)
 .bss           0x008000ac        0x0 c:/winavr-20100110/bin/../lib/gcc/avr/4.3.3/avr5\libgcc.a(_unpack_sf.o)
 .bss           0x008000ac        0x0 c:/winavr-20100110/bin/../lib/gcc/avr/4.3.3/avr5\libgcc.a(_fpcmp_parts_sf.o)
 *(.bss*)
 .bss.counter.1276
                0x008000ac        0x4 ./MCAL/TIM0/TIM0_program.o
 .bss.counter.1290
                0x008000b0        0x4 ./MCAL/TIM0/TIM0_program.o
 .bss.current_pattern
                0x008000b4        0x1 ./HAL/Stepper/Stepper_program.o
 .bss.t_on      0x008000b5        0x2 ./HAL/ICU/ICU_program.o
 .bss.period    0x008000b7        0x2 ./HAL/ICU/ICU_program.o
 .bss.state.1275
                0x008000b9        0x1 ./HAL/ICU/ICU_program.o
 .bss.arr1      0x008000ba       0x14 ./APP/main.o
                0x008000ba                arr1
 *(COMMON)
 COMMON         0x008000ce        0x2 ./MCAL/TIM1/TIM1_program.o
                0x008000ce                tim1_callback_ptr
 COMMON         0x008000d0        0xc ./MCAL/TIM0/TIM0_program.o
                0x008000d0                preload
                0x008000d4                func_ptr_ovf
                0x008000d6                NoCounts
                0x008000da                func_ptr_ctc
 COMMON         0x008000dc        0x6 ./MCAL/EXTI/EXTI_program.o
                0x008000dc                callback_ptr1
                0x008000de                callback_ptr2
                0x008000e0                callback_ptr3
                0x008000e2                PROVIDE (__bss_end, .)
                0x000038c0                __data_load_start = LOADADDR (.data)
                0x0000390c                __data_load_end = (__data_load_start + SIZEOF (.data))

.noinit         0x008000e2        0x0
                0x008000e2                PROVIDE (__noinit_start, .)
 *(.noinit*)
                0x008000e2                PROVIDE (__noinit_end, .)
                0x008000e2                _end = .
                0x008000e2                PROVIDE (__heap_start, .)

.eeprom         0x00810000        0x0
 *(.eeprom*)
                0x00810000                __eeprom_end = .

.fuse
 *(.fuse)
 *(.lfuse)
 *(.hfuse)
 *(.efuse)

.lock
 *(.lock*)

.signature
 *(.signature*)

.stab
 *(.stab)

.stabstr
 *(.stabstr)

.stab.excl
 *(.stab.excl)

.stab.exclstr
 *(.stab.exclstr)

.stab.index
 *(.stab.index)

.stab.indexstr
 *(.stab.indexstr)

.comment
 *(.comment)

.debug
 *(.debug)

.line
 *(.line)

.debug_srcinfo
 *(.debug_srcinfo)

.debug_sfnames
 *(.debug_sfnames)

.debug_aranges  0x00000000      0x538
 *(.debug_aranges)
 .debug_aranges
                0x00000000       0x68 ./MCAL/TIM1/TIM1_program.o
 .debug_aranges
                0x00000068       0x50 ./MCAL/TIM0/TIM0_program.o
 .debug_aranges
                0x000000b8       0x60 ./MCAL/I2C/I2C_program.o
 .debug_aranges
                0x00000118       0x28 ./MCAL/GIE/GIE_program.o
 .debug_aranges
                0x00000140       0x50 ./MCAL/EXTI/EXTI_program.o
 .debug_aranges
                0x00000190       0x40 ./MCAL/DIO/DIO_program.o
 .debug_aranges
                0x000001d0       0x28 ./MCAL/ADC/ADC_program.o
 .debug_aranges
                0x000001f8       0x30 ./HAL/Stepper/Stepper_program.o
 .debug_aranges
                0x00000228       0x30 ./HAL/SevenSegment/SS_program.o
 .debug_aranges
                0x00000258       0x28 ./HAL/Servo/Servo_program.o
 .debug_aranges
                0x00000280       0x30 ./HAL/Motor/Motor_program.o
 .debug_aranges
                0x000002b0       0x30 ./HAL/LED/LED_program.o
 .debug_aranges
                0x000002e0       0x40 ./HAL/LCD/LCD_program.o
 .debug_aranges
                0x00000320       0x28 ./HAL/Keypad/Keypad_program.o
 .debug_aranges
                0x00000348       0x40 ./HAL/ICU/ICU_program.o
 .debug_aranges
                0x00000388       0x30 ./HAL/Button/Button_program.o
 .debug_aranges
                0x000003b8       0x20 ./APP/main.o
 .debug_aranges
                0x000003d8       0x20 c:/winavr-20100110/bin/../lib/gcc/avr/4.3.3/avr5\libgcc.a(_fixunssfsi.o)
 .debug_aranges
                0x000003f8       0x20 c:/winavr-20100110/bin/../lib/gcc/avr/4.3.3/avr5\libgcc.a(_addsub_sf.o)
 .debug_aranges
                0x00000418       0x20 c:/winavr-20100110/bin/../lib/gcc/avr/4.3.3/avr5\libgcc.a(_mul_sf.o)
 .debug_aranges
                0x00000438       0x20 c:/winavr-20100110/bin/../lib/gcc/avr/4.3.3/avr5\libgcc.a(_div_sf.o)
 .debug_aranges
                0x00000458       0x20 c:/winavr-20100110/bin/../lib/gcc/avr/4.3.3/avr5\libgcc.a(_gt_sf.o)
 .debug_aranges
                0x00000478       0x20 c:/winavr-20100110/bin/../lib/gcc/avr/4.3.3/avr5\libgcc.a(_ge_sf.o)
 .debug_aranges
                0x00000498       0x20 c:/winavr-20100110/bin/../lib/gcc/avr/4.3.3/avr5\libgcc.a(_lt_sf.o)
 .debug_aranges
                0x000004b8       0x20 c:/winavr-20100110/bin/../lib/gcc/avr/4.3.3/avr5\libgcc.a(_sf_to_si.o)
 .debug_aranges
                0x000004d8       0x20 c:/winavr-20100110/bin/../lib/gcc/avr/4.3.3/avr5\libgcc.a(_pack_sf.o)
 .debug_aranges
                0x000004f8       0x20 c:/winavr-20100110/bin/../lib/gcc/avr/4.3.3/avr5\libgcc.a(_unpack_sf.o)
 .debug_aranges
                0x00000518       0x20 c:/winavr-20100110/bin/../lib/gcc/avr/4.3.3/avr5\libgcc.a(_fpcmp_parts_sf.o)

.debug_pubnames
                0x00000000      0x937
 *(.debug_pubnames)
 .debug_pubnames
                0x00000000       0xfb ./MCAL/TIM1/TIM1_program.o
 .debug_pubnames
                0x000000fb       0xd0 ./MCAL/TIM0/TIM0_program.o
 .debug_pubnames
                0x000001cb       0xc0 ./MCAL/I2C/I2C_program.o
 .debug_pubnames
                0x0000028b       0x31 ./MCAL/GIE/GIE_program.o
 .debug_pubnames
                0x000002bc       0xbc ./MCAL/EXTI/EXTI_program.o
 .debug_pubnames
                0x00000378       0x8a ./MCAL/DIO/DIO_program.o
 .debug_pubnames
                0x00000402       0x37 ./MCAL/ADC/ADC_program.o
 .debug_pubnames
                0x00000439       0x65 ./HAL/Stepper/Stepper_program.o
 .debug_pubnames
                0x0000049e       0x70 ./HAL/SevenSegment/SS_program.o
 .debug_pubnames
                0x0000050e       0x34 ./HAL/Servo/Servo_program.o
 .debug_pubnames
                0x00000542       0x47 ./HAL/Motor/Motor_program.o
 .debug_pubnames
                0x00000589       0x59 ./HAL/LED/LED_program.o
 .debug_pubnames
                0x000005e2       0x7d ./HAL/LCD/LCD_program.o
 .debug_pubnames
                0x0000065f       0x5d ./HAL/Keypad/Keypad_program.o
 .debug_pubnames
                0x000006bc       0x6e ./HAL/ICU/ICU_program.o
 .debug_pubnames
                0x0000072a       0x5a ./HAL/Button/Button_program.o
 .debug_pubnames
                0x00000784       0x24 ./APP/main.o
 .debug_pubnames
                0x000007a8       0x23 c:/winavr-20100110/bin/../lib/gcc/avr/4.3.3/avr5\libgcc.a(_fixunssfsi.o)
 .debug_pubnames
                0x000007cb       0x2c c:/winavr-20100110/bin/../lib/gcc/avr/4.3.3/avr5\libgcc.a(_addsub_sf.o)
 .debug_pubnames
                0x000007f7       0x1f c:/winavr-20100110/bin/../lib/gcc/avr/4.3.3/avr5\libgcc.a(_mul_sf.o)
 .debug_pubnames
                0x00000816       0x1f c:/winavr-20100110/bin/../lib/gcc/avr/4.3.3/avr5\libgcc.a(_div_sf.o)
 .debug_pubnames
                0x00000835       0x1e c:/winavr-20100110/bin/../lib/gcc/avr/4.3.3/avr5\libgcc.a(_gt_sf.o)
 .debug_pubnames
                0x00000853       0x1e c:/winavr-20100110/bin/../lib/gcc/avr/4.3.3/avr5\libgcc.a(_ge_sf.o)
 .debug_pubnames
                0x00000871       0x1e c:/winavr-20100110/bin/../lib/gcc/avr/4.3.3/avr5\libgcc.a(_lt_sf.o)
 .debug_pubnames
                0x0000088f       0x20 c:/winavr-20100110/bin/../lib/gcc/avr/4.3.3/avr5\libgcc.a(_sf_to_si.o)
 .debug_pubnames
                0x000008af       0x22 c:/winavr-20100110/bin/../lib/gcc/avr/4.3.3/avr5\libgcc.a(_thenan_sf.o)
 .debug_pubnames
                0x000008d1       0x1f c:/winavr-20100110/bin/../lib/gcc/avr/4.3.3/avr5\libgcc.a(_pack_sf.o)
 .debug_pubnames
                0x000008f0       0x21 c:/winavr-20100110/bin/../lib/gcc/avr/4.3.3/avr5\libgcc.a(_unpack_sf.o)
 .debug_pubnames
                0x00000911       0x26 c:/winavr-20100110/bin/../lib/gcc/avr/4.3.3/avr5\libgcc.a(_fpcmp_parts_sf.o)

.debug_info     0x00000000     0x3b16
 *(.debug_info)
 .debug_info    0x00000000      0x1b4 ./MCAL/TIM1/TIM1_program.o
 .debug_info    0x000001b4      0x1c6 ./MCAL/TIM0/TIM0_program.o
 .debug_info    0x0000037a      0x29e ./MCAL/I2C/I2C_program.o
 .debug_info    0x00000618       0x83 ./MCAL/GIE/GIE_program.o
 .debug_info    0x0000069b      0x1a4 ./MCAL/EXTI/EXTI_program.o
 .debug_info    0x0000083f      0x1a8 ./MCAL/DIO/DIO_program.o
 .debug_info    0x000009e7       0xcc ./MCAL/ADC/ADC_program.o
 .debug_info    0x00000ab3      0x17f ./HAL/Stepper/Stepper_program.o
 .debug_info    0x00000c32       0xfe ./HAL/SevenSegment/SS_program.o
 .debug_info    0x00000d30       0xcd ./HAL/Servo/Servo_program.o
 .debug_info    0x00000dfd      0x1be ./HAL/Motor/Motor_program.o
 .debug_info    0x00000fbb      0x12f ./HAL/LED/LED_program.o
 .debug_info    0x000010ea      0x5a4 ./HAL/LCD/LCD_program.o
 .debug_info    0x0000168e      0x190 ./HAL/Keypad/Keypad_program.o
 .debug_info    0x0000181e      0x11d ./HAL/ICU/ICU_program.o
 .debug_info    0x0000193b       0xc6 ./HAL/Button/Button_program.o
 .debug_info    0x00001a01       0xd0 ./APP/main.o
 .debug_info    0x00001ad1       0xb1 c:/winavr-20100110/bin/../lib/gcc/avr/4.3.3/avr5\libgcc.a(_fixunssfsi.o)
 .debug_info    0x00001b82      0x47a c:/winavr-20100110/bin/../lib/gcc/avr/4.3.3/avr5\libgcc.a(_addsub_sf.o)
 .debug_info    0x00001ffc      0x485 c:/winavr-20100110/bin/../lib/gcc/avr/4.3.3/avr5\libgcc.a(_mul_sf.o)
 .debug_info    0x00002481      0x3fc c:/winavr-20100110/bin/../lib/gcc/avr/4.3.3/avr5\libgcc.a(_div_sf.o)
 .debug_info    0x0000287d      0x27f c:/winavr-20100110/bin/../lib/gcc/avr/4.3.3/avr5\libgcc.a(_gt_sf.o)
 .debug_info    0x00002afc      0x27f c:/winavr-20100110/bin/../lib/gcc/avr/4.3.3/avr5\libgcc.a(_ge_sf.o)
 .debug_info    0x00002d7b      0x27f c:/winavr-20100110/bin/../lib/gcc/avr/4.3.3/avr5\libgcc.a(_lt_sf.o)
 .debug_info    0x00002ffa      0x2b0 c:/winavr-20100110/bin/../lib/gcc/avr/4.3.3/avr5\libgcc.a(_sf_to_si.o)
 .debug_info    0x000032aa      0x12c c:/winavr-20100110/bin/../lib/gcc/avr/4.3.3/avr5\libgcc.a(_thenan_sf.o)
 .debug_info    0x000033d6      0x2df c:/winavr-20100110/bin/../lib/gcc/avr/4.3.3/avr5\libgcc.a(_pack_sf.o)
 .debug_info    0x000036b5      0x251 c:/winavr-20100110/bin/../lib/gcc/avr/4.3.3/avr5\libgcc.a(_unpack_sf.o)
 .debug_info    0x00003906      0x210 c:/winavr-20100110/bin/../lib/gcc/avr/4.3.3/avr5\libgcc.a(_fpcmp_parts_sf.o)
 *(.gnu.linkonce.wi.*)

.debug_abbrev   0x00000000     0x1cab
 *(.debug_abbrev)
 .debug_abbrev  0x00000000       0xb0 ./MCAL/TIM1/TIM1_program.o
 .debug_abbrev  0x000000b0       0xb1 ./MCAL/TIM0/TIM0_program.o
 .debug_abbrev  0x00000161      0x142 ./MCAL/I2C/I2C_program.o
 .debug_abbrev  0x000002a3       0x36 ./MCAL/GIE/GIE_program.o
 .debug_abbrev  0x000002d9       0xa5 ./MCAL/EXTI/EXTI_program.o
 .debug_abbrev  0x0000037e       0x7c ./MCAL/DIO/DIO_program.o
 .debug_abbrev  0x000003fa       0x7a ./MCAL/ADC/ADC_program.o
 .debug_abbrev  0x00000474       0xd7 ./HAL/Stepper/Stepper_program.o
 .debug_abbrev  0x0000054b       0x9a ./HAL/SevenSegment/SS_program.o
 .debug_abbrev  0x000005e5       0x76 ./HAL/Servo/Servo_program.o
 .debug_abbrev  0x0000065b       0xed ./HAL/Motor/Motor_program.o
 .debug_abbrev  0x00000748       0xda ./HAL/LED/LED_program.o
 .debug_abbrev  0x00000822      0x10c ./HAL/LCD/LCD_program.o
 .debug_abbrev  0x0000092e       0xec ./HAL/Keypad/Keypad_program.o
 .debug_abbrev  0x00000a1a       0x87 ./HAL/ICU/ICU_program.o
 .debug_abbrev  0x00000aa1       0x7e ./HAL/Button/Button_program.o
 .debug_abbrev  0x00000b1f       0x8b ./APP/main.o
 .debug_abbrev  0x00000baa       0x5d c:/winavr-20100110/bin/../lib/gcc/avr/4.3.3/avr5\libgcc.a(_fixunssfsi.o)
 .debug_abbrev  0x00000c07      0x1ea c:/winavr-20100110/bin/../lib/gcc/avr/4.3.3/avr5\libgcc.a(_addsub_sf.o)
 .debug_abbrev  0x00000df1      0x21b c:/winavr-20100110/bin/../lib/gcc/avr/4.3.3/avr5\libgcc.a(_mul_sf.o)
 .debug_abbrev  0x0000100c      0x216 c:/winavr-20100110/bin/../lib/gcc/avr/4.3.3/avr5\libgcc.a(_div_sf.o)
 .debug_abbrev  0x00001222      0x15a c:/winavr-20100110/bin/../lib/gcc/avr/4.3.3/avr5\libgcc.a(_gt_sf.o)
 .debug_abbrev  0x0000137c      0x15a c:/winavr-20100110/bin/../lib/gcc/avr/4.3.3/avr5\libgcc.a(_ge_sf.o)
 .debug_abbrev  0x000014d6      0x15a c:/winavr-20100110/bin/../lib/gcc/avr/4.3.3/avr5\libgcc.a(_lt_sf.o)
 .debug_abbrev  0x00001630      0x17f c:/winavr-20100110/bin/../lib/gcc/avr/4.3.3/avr5\libgcc.a(_sf_to_si.o)
 .debug_abbrev  0x000017af       0xad c:/winavr-20100110/bin/../lib/gcc/avr/4.3.3/avr5\libgcc.a(_thenan_sf.o)
 .debug_abbrev  0x0000185c      0x1c0 c:/winavr-20100110/bin/../lib/gcc/avr/4.3.3/avr5\libgcc.a(_pack_sf.o)
 .debug_abbrev  0x00001a1c      0x154 c:/winavr-20100110/bin/../lib/gcc/avr/4.3.3/avr5\libgcc.a(_unpack_sf.o)
 .debug_abbrev  0x00001b70      0x13b c:/winavr-20100110/bin/../lib/gcc/avr/4.3.3/avr5\libgcc.a(_fpcmp_parts_sf.o)

.debug_line     0x00000000     0x3190
 *(.debug_line)
 .debug_line    0x00000000      0x2d9 ./MCAL/TIM1/TIM1_program.o
 .debug_line    0x000002d9      0x20b ./MCAL/TIM0/TIM0_program.o
 .debug_line    0x000004e4      0x37b ./MCAL/I2C/I2C_program.o
 .debug_line    0x0000085f       0x9f ./MCAL/GIE/GIE_program.o
 .debug_line    0x000008fe      0x1f3 ./MCAL/EXTI/EXTI_program.o
 .debug_line    0x00000af1      0x2b4 ./MCAL/DIO/DIO_program.o
 .debug_line    0x00000da5      0x126 ./MCAL/ADC/ADC_program.o
 .debug_line    0x00000ecb      0x173 ./HAL/Stepper/Stepper_program.o
 .debug_line    0x0000103e      0x127 ./HAL/SevenSegment/SS_program.o
 .debug_line    0x00001165      0x102 ./HAL/Servo/Servo_program.o
 .debug_line    0x00001267      0x27f ./HAL/Motor/Motor_program.o
 .debug_line    0x000014e6      0x11e ./HAL/LED/LED_program.o
 .debug_line    0x00001604      0x721 ./HAL/LCD/LCD_program.o
 .debug_line    0x00001d25      0x16a ./HAL/Keypad/Keypad_program.o
 .debug_line    0x00001e8f      0x1b3 ./HAL/ICU/ICU_program.o
 .debug_line    0x00002042      0x117 ./HAL/Button/Button_program.o
 .debug_line    0x00002159       0xb5 ./APP/main.o
 .debug_line    0x0000220e       0xa7 c:/winavr-20100110/bin/../lib/gcc/avr/4.3.3/avr5\libgcc.a(_fixunssfsi.o)
 .debug_line    0x000022b5      0x2af c:/winavr-20100110/bin/../lib/gcc/avr/4.3.3/avr5\libgcc.a(_addsub_sf.o)
 .debug_line    0x00002564      0x239 c:/winavr-20100110/bin/../lib/gcc/avr/4.3.3/avr5\libgcc.a(_mul_sf.o)
 .debug_line    0x0000279d      0x1d5 c:/winavr-20100110/bin/../lib/gcc/avr/4.3.3/avr5\libgcc.a(_div_sf.o)
 .debug_line    0x00002972       0xd3 c:/winavr-20100110/bin/../lib/gcc/avr/4.3.3/avr5\libgcc.a(_gt_sf.o)
 .debug_line    0x00002a45       0xd3 c:/winavr-20100110/bin/../lib/gcc/avr/4.3.3/avr5\libgcc.a(_ge_sf.o)
 .debug_line    0x00002b18       0xd3 c:/winavr-20100110/bin/../lib/gcc/avr/4.3.3/avr5\libgcc.a(_lt_sf.o)
 .debug_line    0x00002beb      0x109 c:/winavr-20100110/bin/../lib/gcc/avr/4.3.3/avr5\libgcc.a(_sf_to_si.o)
 .debug_line    0x00002cf4       0x90 c:/winavr-20100110/bin/../lib/gcc/avr/4.3.3/avr5\libgcc.a(_thenan_sf.o)
 .debug_line    0x00002d84      0x18a c:/winavr-20100110/bin/../lib/gcc/avr/4.3.3/avr5\libgcc.a(_pack_sf.o)
 .debug_line    0x00002f0e      0x14b c:/winavr-20100110/bin/../lib/gcc/avr/4.3.3/avr5\libgcc.a(_unpack_sf.o)
 .debug_line    0x00003059      0x137 c:/winavr-20100110/bin/../lib/gcc/avr/4.3.3/avr5\libgcc.a(_fpcmp_parts_sf.o)

.debug_frame    0x00000000      0x710
 *(.debug_frame)
 .debug_frame   0x00000000       0xb0 ./MCAL/TIM1/TIM1_program.o
 .debug_frame   0x000000b0       0x80 ./MCAL/TIM0/TIM0_program.o
 .debug_frame   0x00000130       0xa0 ./MCAL/I2C/I2C_program.o
 .debug_frame   0x000001d0       0x30 ./MCAL/GIE/GIE_program.o
 .debug_frame   0x00000200       0x80 ./MCAL/EXTI/EXTI_program.o
 .debug_frame   0x00000280       0x60 ./MCAL/DIO/DIO_program.o
 .debug_frame   0x000002e0       0x30 ./MCAL/ADC/ADC_program.o
 .debug_frame   0x00000310       0x40 ./HAL/Stepper/Stepper_program.o
 .debug_frame   0x00000350       0x40 ./HAL/SevenSegment/SS_program.o
 .debug_frame   0x00000390       0x30 ./HAL/Servo/Servo_program.o
 .debug_frame   0x000003c0       0x40 ./HAL/Motor/Motor_program.o
 .debug_frame   0x00000400       0x40 ./HAL/LED/LED_program.o
 .debug_frame   0x00000440       0x60 ./HAL/LCD/LCD_program.o
 .debug_frame   0x000004a0       0x30 ./HAL/Keypad/Keypad_program.o
 .debug_frame   0x000004d0       0x60 ./HAL/ICU/ICU_program.o
 .debug_frame   0x00000530       0x40 ./HAL/Button/Button_program.o
 .debug_frame   0x00000570       0x20 ./APP/main.o
 .debug_frame   0x00000590       0x20 c:/winavr-20100110/bin/../lib/gcc/avr/4.3.3/avr5\libgcc.a(_fixunssfsi.o)
 .debug_frame   0x000005b0       0x40 c:/winavr-20100110/bin/../lib/gcc/avr/4.3.3/avr5\libgcc.a(_addsub_sf.o)
 .debug_frame   0x000005f0       0x20 c:/winavr-20100110/bin/../lib/gcc/avr/4.3.3/avr5\libgcc.a(_mul_sf.o)
 .debug_frame   0x00000610       0x20 c:/winavr-20100110/bin/../lib/gcc/avr/4.3.3/avr5\libgcc.a(_div_sf.o)
 .debug_frame   0x00000630       0x20 c:/winavr-20100110/bin/../lib/gcc/avr/4.3.3/avr5\libgcc.a(_gt_sf.o)
 .debug_frame   0x00000650       0x20 c:/winavr-20100110/bin/../lib/gcc/avr/4.3.3/avr5\libgcc.a(_ge_sf.o)
 .debug_frame   0x00000670       0x20 c:/winavr-20100110/bin/../lib/gcc/avr/4.3.3/avr5\libgcc.a(_lt_sf.o)
 .debug_frame   0x00000690       0x20 c:/winavr-20100110/bin/../lib/gcc/avr/4.3.3/avr5\libgcc.a(_sf_to_si.o)
 .debug_frame   0x000006b0       0x20 c:/winavr-20100110/bin/../lib/gcc/avr/4.3.3/avr5\libgcc.a(_pack_sf.o)
 .debug_frame   0x000006d0       0x20 c:/winavr-20100110/bin/../lib/gcc/avr/4.3.3/avr5\libgcc.a(_unpack_sf.o)
 .debug_frame   0x000006f0       0x20 c:/winavr-20100110/bin/../lib/gcc/avr/4.3.3/avr5\libgcc.a(_fpcmp_parts_sf.o)

.debug_str      0x00000000      0xba7
 *(.debug_str)
 .debug_str     0x00000000      0x17c ./MCAL/TIM1/TIM1_program.o
                                0x1a9 (size before relaxing)
 .debug_str     0x0000017c       0xb6 ./MCAL/TIM0/TIM0_program.o
                                0x166 (size before relaxing)
 .debug_str     0x00000232      0x129 ./MCAL/I2C/I2C_program.o
                                0x1e6 (size before relaxing)
 .debug_str     0x0000035b       0x31 ./MCAL/GIE/GIE_program.o
                                 0xe1 (size before relaxing)
 .debug_str     0x0000038c       0xb3 ./MCAL/EXTI/EXTI_program.o
                                0x163 (size before relaxing)
 .debug_str     0x0000043f       0xb2 ./MCAL/DIO/DIO_program.o
                                0x162 (size before relaxing)
 .debug_str     0x000004f1       0x5a ./MCAL/ADC/ADC_program.o
                                0x10a (size before relaxing)
 .debug_str     0x0000054b       0x7a ./HAL/Stepper/Stepper_program.o
                                0x12a (size before relaxing)
 .debug_str     0x000005c5       0x7a ./HAL/SevenSegment/SS_program.o
                                0x134 (size before relaxing)
 .debug_str     0x0000063f       0x43 ./HAL/Servo/Servo_program.o
                                 0xf3 (size before relaxing)
 .debug_str     0x00000682       0x46 ./HAL/Motor/Motor_program.o
                                0x179 (size before relaxing)
 .debug_str     0x000006c8       0x58 ./HAL/LED/LED_program.o
                                0x10d (size before relaxing)
 .debug_str     0x00000720       0xcb ./HAL/LCD/LCD_program.o
                                0x1f8 (size before relaxing)
 .debug_str     0x000007eb       0x56 ./HAL/Keypad/Keypad_program.o
                                0x10b (size before relaxing)
 .debug_str     0x00000841       0x6d ./HAL/ICU/ICU_program.o
                                0x123 (size before relaxing)
 .debug_str     0x000008ae       0x68 ./HAL/Button/Button_program.o
                                0x118 (size before relaxing)
 .debug_str     0x00000916       0x18 ./APP/main.o
                                 0xfa (size before relaxing)
 .debug_str     0x0000092e       0x80 c:/winavr-20100110/bin/../lib/gcc/avr/4.3.3/avr5\libgcc.a(_fixunssfsi.o)
                                 0xfe (size before relaxing)
 .debug_str     0x000009ae      0x143 c:/winavr-20100110/bin/../lib/gcc/avr/4.3.3/avr5\libgcc.a(_addsub_sf.o)
                                0x206 (size before relaxing)
 .debug_str     0x00000af1       0x27 c:/winavr-20100110/bin/../lib/gcc/avr/4.3.3/avr5\libgcc.a(_mul_sf.o)
                                0x1bf (size before relaxing)
 .debug_str     0x00000b18       0x35 c:/winavr-20100110/bin/../lib/gcc/avr/4.3.3/avr5\libgcc.a(_div_sf.o)
                                0x1c8 (size before relaxing)
 .debug_str     0x00000b4d        0xf c:/winavr-20100110/bin/../lib/gcc/avr/4.3.3/avr5\libgcc.a(_gt_sf.o)
                                0x195 (size before relaxing)
 .debug_str     0x00000b5c        0x8 c:/winavr-20100110/bin/../lib/gcc/avr/4.3.3/avr5\libgcc.a(_ge_sf.o)
                                0x195 (size before relaxing)
 .debug_str     0x00000b64        0x8 c:/winavr-20100110/bin/../lib/gcc/avr/4.3.3/avr5\libgcc.a(_lt_sf.o)
                                0x195 (size before relaxing)
 .debug_str     0x00000b6c        0xa c:/winavr-20100110/bin/../lib/gcc/avr/4.3.3/avr5\libgcc.a(_sf_to_si.o)
                                0x19e (size before relaxing)
 .debug_str     0x00000000      0x103 c:/winavr-20100110/bin/../lib/gcc/avr/4.3.3/avr5\libgcc.a(_thenan_sf.o)
 .debug_str     0x00000b76       0x16 c:/winavr-20100110/bin/../lib/gcc/avr/4.3.3/avr5\libgcc.a(_pack_sf.o)
                                0x19d (size before relaxing)
 .debug_str     0x00000b8c        0xb c:/winavr-20100110/bin/../lib/gcc/avr/4.3.3/avr5\libgcc.a(_unpack_sf.o)
                                0x17f (size before relaxing)
 .debug_str     0x00000b97       0x10 c:/winavr-20100110/bin/../lib/gcc/avr/4.3.3/avr5\libgcc.a(_fpcmp_parts_sf.o)
                                0x163 (size before relaxing)

.debug_loc      0x00000000      0x88e
 *(.debug_loc)
 .debug_loc     0x00000000       0x34 c:/winavr-20100110/bin/../lib/gcc/avr/4.3.3/avr5\libgcc.a(_fixunssfsi.o)
 .debug_loc     0x00000034      0x32a c:/winavr-20100110/bin/../lib/gcc/avr/4.3.3/avr5\libgcc.a(_addsub_sf.o)
 .debug_loc     0x0000035e      0x104 c:/winavr-20100110/bin/../lib/gcc/avr/4.3.3/avr5\libgcc.a(_mul_sf.o)
 .debug_loc     0x00000462       0xc0 c:/winavr-20100110/bin/../lib/gcc/avr/4.3.3/avr5\libgcc.a(_div_sf.o)
 .debug_loc     0x00000522       0x3c c:/winavr-20100110/bin/../lib/gcc/avr/4.3.3/avr5\libgcc.a(_gt_sf.o)
 .debug_loc     0x0000055e       0x3c c:/winavr-20100110/bin/../lib/gcc/avr/4.3.3/avr5\libgcc.a(_ge_sf.o)
 .debug_loc     0x0000059a       0x3c c:/winavr-20100110/bin/../lib/gcc/avr/4.3.3/avr5\libgcc.a(_lt_sf.o)
 .debug_loc     0x000005d6       0x7e c:/winavr-20100110/bin/../lib/gcc/avr/4.3.3/avr5\libgcc.a(_sf_to_si.o)
 .debug_loc     0x00000654      0x13e c:/winavr-20100110/bin/../lib/gcc/avr/4.3.3/avr5\libgcc.a(_pack_sf.o)
 .debug_loc     0x00000792       0xac c:/winavr-20100110/bin/../lib/gcc/avr/4.3.3/avr5\libgcc.a(_unpack_sf.o)
 .debug_loc     0x0000083e       0x50 c:/winavr-20100110/bin/../lib/gcc/avr/4.3.3/avr5\libgcc.a(_fpcmp_parts_sf.o)

.debug_macinfo
 *(.debug_macinfo)
OUTPUT(I2C_Master.elf elf32-avr)
LOAD linker stubs

.debug_ranges   0x00000000      0x3a0
 .debug_ranges  0x00000000       0x60 ./MCAL/TIM1/TIM1_program.o
 .debug_ranges  0x00000060       0x48 ./MCAL/TIM0/TIM0_program.o
 .debug_ranges  0x000000a8       0x58 ./MCAL/I2C/I2C_program.o
 .debug_ranges  0x00000100       0x20 ./MCAL/GIE/GIE_program.o
 .debug_ranges  0x00000120       0x48 ./MCAL/EXTI/EXTI_program.o
 .debug_ranges  0x00000168       0x38 ./MCAL/DIO/DIO_program.o
 .debug_ranges  0x000001a0       0x20 ./MCAL/ADC/ADC_program.o
 .debug_ranges  0x000001c0       0x28 ./HAL/Stepper/Stepper_program.o
 .debug_ranges  0x000001e8       0x28 ./HAL/SevenSegment/SS_program.o
 .debug_ranges  0x00000210       0x20 ./HAL/Servo/Servo_program.o
 .debug_ranges  0x00000230       0x28 ./HAL/Motor/Motor_program.o
 .debug_ranges  0x00000258       0x28 ./HAL/LED/LED_program.o
 .debug_ranges  0x00000280       0x38 ./HAL/LCD/LCD_program.o
 .debug_ranges  0x000002b8       0x20 ./HAL/Keypad/Keypad_program.o
 .debug_ranges  0x000002d8       0x38 ./HAL/ICU/ICU_program.o
 .debug_ranges  0x00000310       0x28 ./HAL/Button/Button_program.o
 .debug_ranges  0x00000338       0x18 ./APP/main.o
 .debug_ranges  0x00000350       0x50 c:/winavr-20100110/bin/../lib/gcc/avr/4.3.3/avr5\libgcc.a(_mul_sf.o)
