Archive member included because of file (symbol)

c:/winavr-20100110/bin/../lib/gcc/avr/4.3.3/avr5\libgcc.a(_mulsi3.o)
                              ./HAL/Servo/Servo_program.o (__mulsi3)
c:/winavr-20100110/bin/../lib/gcc/avr/4.3.3/avr5\libgcc.a(_udivmodsi4.o)
                              ./MCAL/TIM0/TIM0_program.o (__udivmodsi4)
c:/winavr-20100110/bin/../lib/gcc/avr/4.3.3/avr5\libgcc.a(_exit.o)
                              c:/winavr-20100110/bin/../lib/gcc/avr/4.3.3/../../../../avr/lib/avr5/crtm32.o (exit)
c:/winavr-20100110/bin/../lib/gcc/avr/4.3.3/avr5\libgcc.a(_copy_data.o)
                              ./HAL/Stepper/Stepper_program.o (__do_copy_data)
c:/winavr-20100110/bin/../lib/gcc/avr/4.3.3/avr5\libgcc.a(_clear_bss.o)
                              ./MCAL/TIM1/TIM1_program.o (__do_clear_bss)
c:/winavr-20100110/bin/../lib/gcc/avr/4.3.3/avr5\libgcc.a(_fixunssfsi.o)
                              ./HAL/Motor/Motor_program.o (__fixunssfsi)
c:/winavr-20100110/bin/../lib/gcc/avr/4.3.3/avr5\libgcc.a(_addsub_sf.o)
                              c:/winavr-20100110/bin/../lib/gcc/avr/4.3.3/avr5\libgcc.a(_fixunssfsi.o) (__subsf3)
c:/winavr-20100110/bin/../lib/gcc/avr/4.3.3/avr5\libgcc.a(_mul_sf.o)
                              ./HAL/Motor/Motor_program.o (__mulsf3)
c:/winavr-20100110/bin/../lib/gcc/avr/4.3.3/avr5\libgcc.a(_div_sf.o)
                              ./HAL/LCD/LCD_program.o (__divsf3)
c:/winavr-20100110/bin/../lib/gcc/avr/4.3.3/avr5\libgcc.a(_gt_sf.o)
                              ./HAL/Motor/Motor_program.o (__gtsf2)
c:/winavr-20100110/bin/../lib/gcc/avr/4.3.3/avr5\libgcc.a(_ge_sf.o)
                              c:/winavr-20100110/bin/../lib/gcc/avr/4.3.3/avr5\libgcc.a(_fixunssfsi.o) (__gesf2)
c:/winavr-20100110/bin/../lib/gcc/avr/4.3.3/avr5\libgcc.a(_lt_sf.o)
                              ./HAL/Motor/Motor_program.o (__ltsf2)
c:/winavr-20100110/bin/../lib/gcc/avr/4.3.3/avr5\libgcc.a(_sf_to_si.o)
                              c:/winavr-20100110/bin/../lib/gcc/avr/4.3.3/avr5\libgcc.a(_fixunssfsi.o) (__fixsfsi)
c:/winavr-20100110/bin/../lib/gcc/avr/4.3.3/avr5\libgcc.a(_thenan_sf.o)
                              c:/winavr-20100110/bin/../lib/gcc/avr/4.3.3/avr5\libgcc.a(_addsub_sf.o) (__thenan_sf)
c:/winavr-20100110/bin/../lib/gcc/avr/4.3.3/avr5\libgcc.a(_prologue.o)
                              c:/winavr-20100110/bin/../lib/gcc/avr/4.3.3/avr5\libgcc.a(_addsub_sf.o) (__prologue_saves__)
c:/winavr-20100110/bin/../lib/gcc/avr/4.3.3/avr5\libgcc.a(_epilogue.o)
                              c:/winavr-20100110/bin/../lib/gcc/avr/4.3.3/avr5\libgcc.a(_addsub_sf.o) (__epilogue_restores__)
c:/winavr-20100110/bin/../lib/gcc/avr/4.3.3/avr5\libgcc.a(_pack_sf.o)
                              c:/winavr-20100110/bin/../lib/gcc/avr/4.3.3/avr5\libgcc.a(_addsub_sf.o) (__pack_f)
c:/winavr-20100110/bin/../lib/gcc/avr/4.3.3/avr5\libgcc.a(_unpack_sf.o)
                              c:/winavr-20100110/bin/../lib/gcc/avr/4.3.3/avr5\libgcc.a(_addsub_sf.o) (__unpack_f)
c:/winavr-20100110/bin/../lib/gcc/avr/4.3.3/avr5\libgcc.a(_fpcmp_parts_sf.o)
                              c:/winavr-20100110/bin/../lib/gcc/avr/4.3.3/avr5\libgcc.a(_gt_sf.o) (__fpcmp_parts_f)
c:/winavr-20100110/bin/../lib/gcc/avr/4.3.3/../../../../avr/lib/avr5\libc.a(itoa.o)
                              ./HAL/LCD/LCD_program.o (itoa)
c:/winavr-20100110/bin/../lib/gcc/avr/4.3.3/../../../../avr/lib/avr5\libc.a(strrev.o)
                              c:/winavr-20100110/bin/../lib/gcc/avr/4.3.3/../../../../avr/lib/avr5\libc.a(itoa.o) (strrev)
c:/winavr-20100110/bin/../lib/gcc/avr/4.3.3/avr5\libgcc.a(_udivmodhi4.o)
                              c:/winavr-20100110/bin/../lib/gcc/avr/4.3.3/../../../../avr/lib/avr5\libc.a(itoa.o) (__udivmodhi4)

Allocating common symbols
Common symbol       size              file

preload             0x4               ./MCAL/TIM0/TIM0_program.o
func_ptr_ovf        0x2               ./MCAL/TIM0/TIM0_program.o
NoCounts            0x4               ./MCAL/TIM0/TIM0_program.o
callback_ptr1       0x2               ./MCAL/EXTI/EXTI_program.o
callback_ptr2       0x2               ./MCAL/EXTI/EXTI_program.o
callback_ptr3       0x2               ./MCAL/EXTI/EXTI_program.o
tim1_callback_ptr   0x2               ./MCAL/TIM1/TIM1_program.o
func_ptr_ctc        0x2               ./MCAL/TIM0/TIM0_program.o

Memory Configuration

Name             Origin             Length             Attributes
text             0x00000000         0x00020000         xr
data             0x00800060         0x0000ffa0         rw !x
eeprom           0x00810000         0x00010000         rw !x
fuse             0x00820000         0x00000400         rw !x
lock             0x00830000         0x00000400         rw !x
signature        0x00840000         0x00000400         rw !x
*default*        0x00000000         0xffffffff

Linker script and memory map

LOAD c:/winavr-20100110/bin/../lib/gcc/avr/4.3.3/../../../../avr/lib/avr5/crtm32.o
LOAD ./MCAL/TIM1/TIM1_program.o
LOAD ./MCAL/TIM0/TIM0_program.o
LOAD ./MCAL/GIE/GIE_program.o
LOAD ./MCAL/EXTI/EXTI_program.o
LOAD ./MCAL/DIO/DIO_program.o
LOAD ./MCAL/ADC/ADC_program.o
LOAD ./HAL/Stepper/Stepper_program.o
LOAD ./HAL/SevenSegment/SS_program.o
LOAD ./HAL/Servo/Servo_program.o
LOAD ./HAL/Motor/Motor_program.o
LOAD ./HAL/LED/LED_program.o
LOAD ./HAL/LCD/LCD_program.o
LOAD ./HAL/Keypad/Keypad_program.o
LOAD ./HAL/ICU/ICU_program.o
LOAD ./HAL/Button/Button_program.o
LOAD ./APP/main.o
LOAD c:/winavr-20100110/bin/../lib/gcc/avr/4.3.3/avr5\libgcc.a
LOAD c:/winavr-20100110/bin/../lib/gcc/avr/4.3.3/../../../../avr/lib/avr5\libc.a
LOAD c:/winavr-20100110/bin/../lib/gcc/avr/4.3.3/avr5\libgcc.a

.hash
 *(.hash)

.dynsym
 *(.dynsym)

.dynstr
 *(.dynstr)

.gnu.version
 *(.gnu.version)

.gnu.version_d
 *(.gnu.version_d)

.gnu.version_r
 *(.gnu.version_r)

.rel.init
 *(.rel.init)

.rela.init
 *(.rela.init)

.rel.text
 *(.rel.text)
 *(.rel.text.*)
 *(.rel.gnu.linkonce.t*)

.rela.text
 *(.rela.text)
 *(.rela.text.*)
 *(.rela.gnu.linkonce.t*)

.rel.fini
 *(.rel.fini)

.rela.fini
 *(.rela.fini)

.rel.rodata
 *(.rel.rodata)
 *(.rel.rodata.*)
 *(.rel.gnu.linkonce.r*)

.rela.rodata
 *(.rela.rodata)
 *(.rela.rodata.*)
 *(.rela.gnu.linkonce.r*)

.rel.data
 *(.rel.data)
 *(.rel.data.*)
 *(.rel.gnu.linkonce.d*)

.rela.data
 *(.rela.data)
 *(.rela.data.*)
 *(.rela.gnu.linkonce.d*)

.rel.ctors
 *(.rel.ctors)

.rela.ctors
 *(.rela.ctors)

.rel.dtors
 *(.rel.dtors)

.rela.dtors
 *(.rela.dtors)

.rel.got
 *(.rel.got)

.rela.got
 *(.rela.got)

.rel.bss
 *(.rel.bss)

.rela.bss
 *(.rela.bss)

.rel.plt
 *(.rel.plt)

.rela.plt
 *(.rela.plt)

.text           0x00000000     0x361e
 *(.vectors)
 .vectors       0x00000000       0x54 c:/winavr-20100110/bin/../lib/gcc/avr/4.3.3/../../../../avr/lib/avr5/crtm32.o
                0x00000000                __vectors
                0x00000000                __vector_default
 *(.vectors)
 *(.progmem.gcc*)
 *(.progmem*)
                0x00000054                . = ALIGN (0x2)
                0x00000054                __trampolines_start = .
 *(.trampolines)
 .trampolines   0x00000054        0x0 linker stubs
 *(.trampolines*)
                0x00000054                __trampolines_end = .
 *(.jumptables)
 *(.jumptables*)
 *(.lowtext)
 *(.lowtext*)
                0x00000054                __ctors_start = .
 *(.ctors)
                0x00000054                __ctors_end = .
                0x00000054                __dtors_start = .
 *(.dtors)
                0x00000054                __dtors_end = .
 SORT(*)(.ctors)
 SORT(*)(.dtors)
 *(.init0)
 .init0         0x00000054        0x0 c:/winavr-20100110/bin/../lib/gcc/avr/4.3.3/../../../../avr/lib/avr5/crtm32.o
                0x00000054                __init
 *(.init0)
 *(.init1)
 *(.init1)
 *(.init2)
 .init2         0x00000054        0xc c:/winavr-20100110/bin/../lib/gcc/avr/4.3.3/../../../../avr/lib/avr5/crtm32.o
 *(.init2)
 *(.init3)
 *(.init3)
 *(.init4)
 .init4         0x00000060       0x16 c:/winavr-20100110/bin/../lib/gcc/avr/4.3.3/avr5\libgcc.a(_copy_data.o)
                0x00000060                __do_copy_data
 .init4         0x00000076       0x10 c:/winavr-20100110/bin/../lib/gcc/avr/4.3.3/avr5\libgcc.a(_clear_bss.o)
                0x00000076                __do_clear_bss
 *(.init4)
 *(.init5)
 *(.init5)
 *(.init6)
 *(.init6)
 *(.init7)
 *(.init7)
 *(.init8)
 *(.init8)
 *(.init9)
 .init9         0x00000086        0x8 c:/winavr-20100110/bin/../lib/gcc/avr/4.3.3/../../../../avr/lib/avr5/crtm32.o
 *(.init9)
 *(.text)
 .text          0x0000008e        0x4 c:/winavr-20100110/bin/../lib/gcc/avr/4.3.3/../../../../avr/lib/avr5/crtm32.o
                0x0000008e                __vector_12
                0x0000008e                __bad_interrupt
                0x0000008e                __vector_13
                0x0000008e                __vector_17
                0x0000008e                __vector_19
                0x0000008e                __vector_7
                0x0000008e                __vector_5
                0x0000008e                __vector_4
                0x0000008e                __vector_9
                0x0000008e                __vector_15
                0x0000008e                __vector_8
                0x0000008e                __vector_14
                0x0000008e                __vector_16
                0x0000008e                __vector_18
                0x0000008e                __vector_20
 .text          0x00000092        0x0 ./MCAL/TIM1/TIM1_program.o
 .text          0x00000092        0x0 ./MCAL/TIM0/TIM0_program.o
 .text          0x00000092        0x0 ./MCAL/GIE/GIE_program.o
 .text          0x00000092        0x0 ./MCAL/EXTI/EXTI_program.o
 .text          0x00000092        0x0 ./MCAL/DIO/DIO_program.o
 .text          0x00000092        0x0 ./MCAL/ADC/ADC_program.o
 .text          0x00000092        0x0 ./HAL/Stepper/Stepper_program.o
 .text          0x00000092        0x0 ./HAL/SevenSegment/SS_program.o
 .text          0x00000092        0x0 ./HAL/Servo/Servo_program.o
 .text          0x00000092        0x0 ./HAL/Motor/Motor_program.o
 .text          0x00000092        0x0 ./HAL/LED/LED_program.o
 .text          0x00000092        0x0 ./HAL/LCD/LCD_program.o
 .text          0x00000092        0x0 ./HAL/Keypad/Keypad_program.o
 .text          0x00000092        0x0 ./HAL/ICU/ICU_program.o
 .text          0x00000092        0x0 ./HAL/Button/Button_program.o
 .text          0x00000092        0x0 ./APP/main.o
 .text          0x00000092        0x0 c:/winavr-20100110/bin/../lib/gcc/avr/4.3.3/avr5\libgcc.a(_mulsi3.o)
 .text          0x00000092        0x0 c:/winavr-20100110/bin/../lib/gcc/avr/4.3.3/avr5\libgcc.a(_udivmodsi4.o)
 .text          0x00000092        0x0 c:/winavr-20100110/bin/../lib/gcc/avr/4.3.3/avr5\libgcc.a(_exit.o)
 .text          0x00000092        0x0 c:/winavr-20100110/bin/../lib/gcc/avr/4.3.3/avr5\libgcc.a(_copy_data.o)
 .text          0x00000092        0x0 c:/winavr-20100110/bin/../lib/gcc/avr/4.3.3/avr5\libgcc.a(_clear_bss.o)
 .text          0x00000092       0x58 c:/winavr-20100110/bin/../lib/gcc/avr/4.3.3/avr5\libgcc.a(_fixunssfsi.o)
                0x00000092                __fixunssfsi
 .text          0x000000ea      0x354 c:/winavr-20100110/bin/../lib/gcc/avr/4.3.3/avr5\libgcc.a(_addsub_sf.o)
                0x00000382                __subsf3
                0x000003e4                __addsf3
 .text          0x0000043e      0x1f4 c:/winavr-20100110/bin/../lib/gcc/avr/4.3.3/avr5\libgcc.a(_mul_sf.o)
                0x0000043e                __mulsf3
 .text          0x00000632      0x158 c:/winavr-20100110/bin/../lib/gcc/avr/4.3.3/avr5\libgcc.a(_div_sf.o)
                0x00000632                __divsf3
 .text          0x0000078a       0x60 c:/winavr-20100110/bin/../lib/gcc/avr/4.3.3/avr5\libgcc.a(_gt_sf.o)
                0x0000078a                __gtsf2
 .text          0x000007ea       0x60 c:/winavr-20100110/bin/../lib/gcc/avr/4.3.3/avr5\libgcc.a(_ge_sf.o)
                0x000007ea                __gesf2
 .text          0x0000084a       0x60 c:/winavr-20100110/bin/../lib/gcc/avr/4.3.3/avr5\libgcc.a(_lt_sf.o)
                0x0000084a                __ltsf2
 .text          0x000008aa       0xa8 c:/winavr-20100110/bin/../lib/gcc/avr/4.3.3/avr5\libgcc.a(_sf_to_si.o)
                0x000008aa                __fixsfsi
 .text          0x00000952        0x0 c:/winavr-20100110/bin/../lib/gcc/avr/4.3.3/avr5\libgcc.a(_thenan_sf.o)
 .text          0x00000952        0x0 c:/winavr-20100110/bin/../lib/gcc/avr/4.3.3/avr5\libgcc.a(_prologue.o)
 .text          0x00000952        0x0 c:/winavr-20100110/bin/../lib/gcc/avr/4.3.3/avr5\libgcc.a(_epilogue.o)
 .text          0x00000952      0x1aa c:/winavr-20100110/bin/../lib/gcc/avr/4.3.3/avr5\libgcc.a(_pack_sf.o)
                0x00000952                __pack_f
 .text          0x00000afc       0xf0 c:/winavr-20100110/bin/../lib/gcc/avr/4.3.3/avr5\libgcc.a(_unpack_sf.o)
                0x00000afc                __unpack_f
 .text          0x00000bec       0xb2 c:/winavr-20100110/bin/../lib/gcc/avr/4.3.3/avr5\libgcc.a(_fpcmp_parts_sf.o)
                0x00000bec                __fpcmp_parts_f
 .text          0x00000c9e        0x0 c:/winavr-20100110/bin/../lib/gcc/avr/4.3.3/../../../../avr/lib/avr5\libc.a(itoa.o)
 .text          0x00000c9e        0x0 c:/winavr-20100110/bin/../lib/gcc/avr/4.3.3/../../../../avr/lib/avr5\libc.a(strrev.o)
 .text          0x00000c9e        0x0 c:/winavr-20100110/bin/../lib/gcc/avr/4.3.3/avr5\libgcc.a(_udivmodhi4.o)
                0x00000c9e                . = ALIGN (0x2)
 *(.text.*)
 .text.TIM1_voidInit
                0x00000c9e       0x78 ./MCAL/TIM1/TIM1_program.o
                0x00000c9e                TIM1_voidInit
 .text.TIM1_voidICUInit
                0x00000d16       0x86 ./MCAL/TIM1/TIM1_program.o
                0x00000d16                TIM1_voidICUInit
 .text.TIM1_SetEdge
                0x00000d9c       0x54 ./MCAL/TIM1/TIM1_program.o
                0x00000d9c                TIM1_SetEdge
 .text.TIM1_GetICRValue
                0x00000df0       0x16 ./MCAL/TIM1/TIM1_program.o
                0x00000df0                TIM1_GetICRValue
 .text.TIM1_setCallback
                0x00000e06       0x24 ./MCAL/TIM1/TIM1_program.o
                0x00000e06                TIM1_setCallback
 .text.__vector_6
                0x00000e2a       0x5a ./MCAL/TIM1/TIM1_program.o
                0x00000e2a                __vector_6
 .text.TIM1_GetCounterValueUs
                0x00000e84       0x16 ./MCAL/TIM1/TIM1_program.o
                0x00000e84                TIM1_GetCounterValueUs
 .text.TIM1_ClearCounterValue
                0x00000e9a       0x16 ./MCAL/TIM1/TIM1_program.o
                0x00000e9a                TIM1_ClearCounterValue
 .text.TIM1_voidFPWMInit
                0x00000eb0       0xc6 ./MCAL/TIM1/TIM1_program.o
                0x00000eb0                TIM1_voidFPWMInit
 .text.TIM1_setDutyCycle
                0x00000f76       0x5c ./MCAL/TIM1/TIM1_program.o
                0x00000f76                TIM1_setDutyCycle
 .text.TIM0_Init
                0x00000fd2       0x38 ./MCAL/TIM0/TIM0_program.o
                0x00000fd2                TIM0_Init
 .text.TIM0_SetValueUS
                0x0000100a       0xc0 ./MCAL/TIM0/TIM0_program.o
                0x0000100a                TIM0_SetValueUS
 .text.TIM0_Disable
                0x000010ca       0x38 ./MCAL/TIM0/TIM0_program.o
                0x000010ca                TIM0_Disable
 .text.TIM0_SetOVFCallback
                0x00001102       0x24 ./MCAL/TIM0/TIM0_program.o
                0x00001102                TIM0_SetOVFCallback
 .text.TIM0_SetCTCCallback
                0x00001126       0x24 ./MCAL/TIM0/TIM0_program.o
                0x00001126                TIM0_SetCTCCallback
 .text.__vector_11
                0x0000114a       0xd0 ./MCAL/TIM0/TIM0_program.o
                0x0000114a                __vector_11
 .text.__vector_10
                0x0000121a       0xba ./MCAL/TIM0/TIM0_program.o
                0x0000121a                __vector_10
 .text.GIE_Enable
                0x000012d4       0x1c ./MCAL/GIE/GIE_program.o
                0x000012d4                GIE_Enable
 .text.GIE_Disable
                0x000012f0       0x1c ./MCAL/GIE/GIE_program.o
                0x000012f0                GIE_Disable
 .text.EXTI_SetMode
                0x0000130c       0xd0 ./MCAL/EXTI/EXTI_program.o
                0x0000130c                EXTI_SetMode
 .text.EXTI_Enable
                0x000013dc       0x70 ./MCAL/EXTI/EXTI_program.o
                0x000013dc                EXTI_Enable
 .text.EXTI_Disable
                0x0000144c       0x70 ./MCAL/EXTI/EXTI_program.o
                0x0000144c                EXTI_Disable
 .text.EXTI_SetCallback
                0x000014bc       0x74 ./MCAL/EXTI/EXTI_program.o
                0x000014bc                EXTI_SetCallback
 .text.__vector_1
                0x00001530       0x5a ./MCAL/EXTI/EXTI_program.o
                0x00001530                __vector_1
 .text.__vector_2
                0x0000158a       0x5a ./MCAL/EXTI/EXTI_program.o
                0x0000158a                __vector_2
 .text.__vector_3
                0x000015e4       0x5a ./MCAL/EXTI/EXTI_program.o
                0x000015e4                __vector_3
 .text.DIO_u8SetPinValue
                0x0000163e      0x21c ./MCAL/DIO/DIO_program.o
                0x0000163e                DIO_u8SetPinValue
 .text.DIO_u8GetPinValue
                0x0000185a       0xf8 ./MCAL/DIO/DIO_program.o
                0x0000185a                DIO_u8GetPinValue
 .text.DIO_u8SetPinDirection
                0x00001952      0x21c ./MCAL/DIO/DIO_program.o
                0x00001952                DIO_u8SetPinDirection
 .text.DIO_u8SetPortValue
                0x00001b6e       0x94 ./MCAL/DIO/DIO_program.o
                0x00001b6e                DIO_u8SetPortValue
 .text.DIO_u8SetPortDirection
                0x00001c02       0x94 ./MCAL/DIO/DIO_program.o
                0x00001c02                DIO_u8SetPortDirection
 .text.ADC_Init
                0x00001c96       0x3a ./MCAL/ADC/ADC_program.o
                0x00001c96                ADC_Init
 .text.ADC_StartConversion
                0x00001cd0       0x6c ./MCAL/ADC/ADC_program.o
                0x00001cd0                ADC_StartConversion
 .text.Stepper_Init
                0x00001d3c       0x58 ./HAL/Stepper/Stepper_program.o
                0x00001d3c                Stepper_Init
 .text.Stepper_StepCW
                0x00001d94       0x92 ./HAL/Stepper/Stepper_program.o
                0x00001d94                Stepper_StepCW
 .text.Stepper_StepCCW
                0x00001e26       0x94 ./HAL/Stepper/Stepper_program.o
                0x00001e26                Stepper_StepCCW
 .text.SevenSegment_voidInit
                0x00001eba       0x1e ./HAL/SevenSegment/SS_program.o
                0x00001eba                SevenSegment_voidInit
 .text.SevenSegment_voidSetValue
                0x00001ed8       0x38 ./HAL/SevenSegment/SS_program.o
                0x00001ed8                SevenSegment_voidSetValue
 .text.SevenSegment_voidClear
                0x00001f10       0x26 ./HAL/SevenSegment/SS_program.o
                0x00001f10                SevenSegment_voidClear
 .text.Servo_Init
                0x00001f36       0x2a ./HAL/Servo/Servo_program.o
                0x00001f36                Servo_Init
 .text.Servo_SetAngle
                0x00001f60       0xc2 ./HAL/Servo/Servo_program.o
                0x00001f60                Servo_SetAngle
 .text.Motor_Init
                0x00002022       0x26 ./HAL/Motor/Motor_program.o
                0x00002022                Motor_Init
 .text.Motor_SetDirection
                0x00002048      0x23a ./HAL/Motor/Motor_program.o
                0x00002048                Motor_SetDirection
 .text.Motor_Stop
                0x00002282       0x22 ./HAL/Motor/Motor_program.o
                0x00002282                Motor_Stop
 .text.LED_voidInit
                0x000022a4       0x50 ./HAL/LED/LED_program.o
                0x000022a4                LED_voidInit
 .text.LED_voidSetLEDHigh
                0x000022f4       0x48 ./HAL/LED/LED_program.o
                0x000022f4                LED_voidSetLEDHigh
 .text.LED_voidSetLEDLow
                0x0000233c       0x48 ./HAL/LED/LED_program.o
                0x0000233c                LED_voidSetLEDLow
 .text.LCD_voidInit
                0x00002384      0x55e ./HAL/LCD/LCD_program.o
                0x00002384                LCD_voidInit
 .text.LCD_voidSendCommand
                0x000028e2      0x350 ./HAL/LCD/LCD_program.o
                0x000028e2                LCD_voidSendCommand
 .text.LCD_voidPrintChar
                0x00002c32      0x350 ./HAL/LCD/LCD_program.o
                0x00002c32                LCD_voidPrintChar
 .text.LCD_voidPrintStr
                0x00002f82       0x38 ./HAL/LCD/LCD_program.o
                0x00002f82                LCD_voidPrintStr
 .text.LCD_display_number
                0x00002fba       0x46 ./HAL/LCD/LCD_program.o
                0x00002fba                LCD_display_number
 .text.LCD_voidGotoRowCol
                0x00003000       0x84 ./HAL/LCD/LCD_program.o
                0x00003000                LCD_voidGotoRowCol
 .text.Keypad_voidInit
                0x00003084       0xec ./HAL/Keypad/Keypad_program.o
                0x00003084                Keypad_voidInit
 .text.Keypad_u8GetValue
                0x00003170      0x128 ./HAL/Keypad/Keypad_program.o
                0x00003170                Keypad_u8GetValue
 .text.ICU_Init
                0x00003298       0x3a ./HAL/ICU/ICU_program.o
                0x00003298                ICU_Init
 .text.ICU_GetOnTimeUs
                0x000032d2       0x16 ./HAL/ICU/ICU_program.o
                0x000032d2                ICU_GetOnTimeUs
 .text.ICU_GetOFFTimeUs
                0x000032e8       0x26 ./HAL/ICU/ICU_program.o
                0x000032e8                ICU_GetOFFTimeUs
 .text.ICU_GetPeriodUs
                0x0000330e       0x16 ./HAL/ICU/ICU_program.o
                0x0000330e                ICU_GetPeriodUs
 .text.EXTI_Callback
                0x00003324       0x88 ./HAL/ICU/ICU_program.o
                0x00003324                EXTI_Callback
 .text.Button_voidInit
                0x000033ac       0x22 ./HAL/Button/Button_program.o
                0x000033ac                Button_voidInit
 .text.Button_u8GetStatus
                0x000033ce       0x46 ./HAL/Button/Button_program.o
                0x000033ce                Button_u8GetStatus
 .text.Button_voidWaitForButton
                0x00003414       0x2c ./HAL/Button/Button_program.o
                0x00003414                Button_voidWaitForButton
 .text.main     0x00003440       0x60 ./APP/main.o
                0x00003440                main
 .text.libgcc   0x000034a0       0x3e c:/winavr-20100110/bin/../lib/gcc/avr/4.3.3/avr5\libgcc.a(_mulsi3.o)
                0x000034a0                __mulsi3
 .text.libgcc   0x000034de       0x44 c:/winavr-20100110/bin/../lib/gcc/avr/4.3.3/avr5\libgcc.a(_udivmodsi4.o)
                0x000034de                __udivmodsi4
 .text.libgcc   0x00003522        0x0 c:/winavr-20100110/bin/../lib/gcc/avr/4.3.3/avr5\libgcc.a(_exit.o)
 .text.libgcc   0x00003522        0x0 c:/winavr-20100110/bin/../lib/gcc/avr/4.3.3/avr5\libgcc.a(_copy_data.o)
 .text.libgcc   0x00003522        0x0 c:/winavr-20100110/bin/../lib/gcc/avr/4.3.3/avr5\libgcc.a(_clear_bss.o)
 .text.libgcc   0x00003522       0x38 c:/winavr-20100110/bin/../lib/gcc/avr/4.3.3/avr5\libgcc.a(_prologue.o)
                0x00003522                __prologue_saves__
 .text.libgcc   0x0000355a       0x36 c:/winavr-20100110/bin/../lib/gcc/avr/4.3.3/avr5\libgcc.a(_epilogue.o)
                0x0000355a                __epilogue_restores__
 .text.avr-libc
                0x00003590       0x42 c:/winavr-20100110/bin/../lib/gcc/avr/4.3.3/../../../../avr/lib/avr5\libc.a(itoa.o)
                0x00003590                itoa
 .text.avr-libc
                0x000035d2       0x20 c:/winavr-20100110/bin/../lib/gcc/avr/4.3.3/../../../../avr/lib/avr5\libc.a(strrev.o)
                0x000035d2                strrev
 .text.libgcc   0x000035f2       0x28 c:/winavr-20100110/bin/../lib/gcc/avr/4.3.3/avr5\libgcc.a(_udivmodhi4.o)
                0x000035f2                __udivmodhi4
                0x0000361a                . = ALIGN (0x2)
 *(.fini9)
 .fini9         0x0000361a        0x0 c:/winavr-20100110/bin/../lib/gcc/avr/4.3.3/avr5\libgcc.a(_exit.o)
                0x0000361a                exit
                0x0000361a                _exit
 *(.fini9)
 *(.fini8)
 *(.fini8)
 *(.fini7)
 *(.fini7)
 *(.fini6)
 *(.fini6)
 *(.fini5)
 *(.fini5)
 *(.fini4)
 *(.fini4)
 *(.fini3)
 *(.fini3)
 *(.fini2)
 *(.fini2)
 *(.fini1)
 *(.fini1)
 *(.fini0)
 .fini0         0x0000361a        0x4 c:/winavr-20100110/bin/../lib/gcc/avr/4.3.3/avr5\libgcc.a(_exit.o)
 *(.fini0)
                0x0000361e                _etext = .

.data           0x00800060       0x5a load address 0x0000361e
                0x00800060                PROVIDE (__data_start, .)
 *(.data)
 .data          0x00800060        0x0 c:/winavr-20100110/bin/../lib/gcc/avr/4.3.3/../../../../avr/lib/avr5/crtm32.o
 .data          0x00800060        0x0 ./MCAL/TIM1/TIM1_program.o
 .data          0x00800060        0x0 ./MCAL/TIM0/TIM0_program.o
 .data          0x00800060        0x0 ./MCAL/GIE/GIE_program.o
 .data          0x00800060        0x0 ./MCAL/EXTI/EXTI_program.o
 .data          0x00800060        0x0 ./MCAL/DIO/DIO_program.o
 .data          0x00800060        0x0 ./MCAL/ADC/ADC_program.o
 .data          0x00800060        0x0 ./HAL/Stepper/Stepper_program.o
 .data          0x00800060        0x0 ./HAL/SevenSegment/SS_program.o
 .data          0x00800060        0x0 ./HAL/Servo/Servo_program.o
 .data          0x00800060        0x0 ./HAL/Motor/Motor_program.o
 .data          0x00800060        0x0 ./HAL/LED/LED_program.o
 .data          0x00800060        0x0 ./HAL/LCD/LCD_program.o
 .data          0x00800060        0x0 ./HAL/Keypad/Keypad_program.o
 .data          0x00800060        0x0 ./HAL/ICU/ICU_program.o
 .data          0x00800060        0x0 ./HAL/Button/Button_program.o
 .data          0x00800060        0xe ./APP/main.o
 .data          0x0080006e        0x0 c:/winavr-20100110/bin/../lib/gcc/avr/4.3.3/avr5\libgcc.a(_mulsi3.o)
 .data          0x0080006e        0x0 c:/winavr-20100110/bin/../lib/gcc/avr/4.3.3/avr5\libgcc.a(_udivmodsi4.o)
 .data          0x0080006e        0x0 c:/winavr-20100110/bin/../lib/gcc/avr/4.3.3/avr5\libgcc.a(_exit.o)
 .data          0x0080006e        0x0 c:/winavr-20100110/bin/../lib/gcc/avr/4.3.3/avr5\libgcc.a(_copy_data.o)
 .data          0x0080006e        0x0 c:/winavr-20100110/bin/../lib/gcc/avr/4.3.3/avr5\libgcc.a(_clear_bss.o)
 .data          0x0080006e        0x0 c:/winavr-20100110/bin/../lib/gcc/avr/4.3.3/avr5\libgcc.a(_fixunssfsi.o)
 .data          0x0080006e        0x0 c:/winavr-20100110/bin/../lib/gcc/avr/4.3.3/avr5\libgcc.a(_addsub_sf.o)
 .data          0x0080006e        0x0 c:/winavr-20100110/bin/../lib/gcc/avr/4.3.3/avr5\libgcc.a(_mul_sf.o)
 .data          0x0080006e        0x0 c:/winavr-20100110/bin/../lib/gcc/avr/4.3.3/avr5\libgcc.a(_div_sf.o)
 .data          0x0080006e        0x0 c:/winavr-20100110/bin/../lib/gcc/avr/4.3.3/avr5\libgcc.a(_gt_sf.o)
 .data          0x0080006e        0x0 c:/winavr-20100110/bin/../lib/gcc/avr/4.3.3/avr5\libgcc.a(_ge_sf.o)
 .data          0x0080006e        0x0 c:/winavr-20100110/bin/../lib/gcc/avr/4.3.3/avr5\libgcc.a(_lt_sf.o)
 .data          0x0080006e        0x0 c:/winavr-20100110/bin/../lib/gcc/avr/4.3.3/avr5\libgcc.a(_sf_to_si.o)
 .data          0x0080006e        0x8 c:/winavr-20100110/bin/../lib/gcc/avr/4.3.3/avr5\libgcc.a(_thenan_sf.o)
                0x0080006e                __thenan_sf
 .data          0x00800076        0x0 c:/winavr-20100110/bin/../lib/gcc/avr/4.3.3/avr5\libgcc.a(_prologue.o)
 .data          0x00800076        0x0 c:/winavr-20100110/bin/../lib/gcc/avr/4.3.3/avr5\libgcc.a(_epilogue.o)
 .data          0x00800076        0x0 c:/winavr-20100110/bin/../lib/gcc/avr/4.3.3/avr5\libgcc.a(_pack_sf.o)
 .data          0x00800076        0x0 c:/winavr-20100110/bin/../lib/gcc/avr/4.3.3/avr5\libgcc.a(_unpack_sf.o)
 .data          0x00800076        0x0 c:/winavr-20100110/bin/../lib/gcc/avr/4.3.3/avr5\libgcc.a(_fpcmp_parts_sf.o)
 .data          0x00800076        0x0 c:/winavr-20100110/bin/../lib/gcc/avr/4.3.3/../../../../avr/lib/avr5\libc.a(itoa.o)
 .data          0x00800076        0x0 c:/winavr-20100110/bin/../lib/gcc/avr/4.3.3/../../../../avr/lib/avr5\libc.a(strrev.o)
 .data          0x00800076        0x0 c:/winavr-20100110/bin/../lib/gcc/avr/4.3.3/avr5\libgcc.a(_udivmodhi4.o)
 *(.data*)
 .data.coils    0x00800076        0x8 ./HAL/Stepper/Stepper_program.o
                0x00800076                coils
 .data.leds     0x0080007e        0xa ./HAL/LED/LED_program.o
                0x0080007e                leds
 .data.characters
                0x00800088       0x10 ./HAL/Keypad/Keypad_program.o
                0x00800088                characters
 *(.rodata)
 *(.rodata*)
 .rodata.sequence_arr
                0x00800098        0x8 ./HAL/Stepper/Stepper_program.o
                0x00800098                sequence_arr
 .rodata.digits
                0x008000a0        0xa ./HAL/SevenSegment/SS_program.o
                0x008000a0                digits
 .rodata.cols   0x008000aa        0x8 ./HAL/Keypad/Keypad_program.o
                0x008000aa                cols
 .rodata.rows   0x008000b2        0x8 ./HAL/Keypad/Keypad_program.o
                0x008000b2                rows
 *(.gnu.linkonce.d*)
                0x008000ba                . = ALIGN (0x2)
                0x008000ba                _edata = .
                0x008000ba                PROVIDE (__data_end, .)

.bss            0x008000ba       0x22
                0x008000ba                PROVIDE (__bss_start, .)
 *(.bss)
 .bss           0x008000ba        0x0 c:/winavr-20100110/bin/../lib/gcc/avr/4.3.3/../../../../avr/lib/avr5/crtm32.o
 .bss           0x008000ba        0x0 ./MCAL/TIM1/TIM1_program.o
 .bss           0x008000ba        0x0 ./MCAL/TIM0/TIM0_program.o
 .bss           0x008000ba        0x0 ./MCAL/GIE/GIE_program.o
 .bss           0x008000ba        0x0 ./MCAL/EXTI/EXTI_program.o
 .bss           0x008000ba        0x0 ./MCAL/DIO/DIO_program.o
 .bss           0x008000ba        0x0 ./MCAL/ADC/ADC_program.o
 .bss           0x008000ba        0x0 ./HAL/Stepper/Stepper_program.o
 .bss           0x008000ba        0x0 ./HAL/SevenSegment/SS_program.o
 .bss           0x008000ba        0x0 ./HAL/Servo/Servo_program.o
 .bss           0x008000ba        0x0 ./HAL/Motor/Motor_program.o
 .bss           0x008000ba        0x0 ./HAL/LED/LED_program.o
 .bss           0x008000ba        0x0 ./HAL/LCD/LCD_program.o
 .bss           0x008000ba        0x0 ./HAL/Keypad/Keypad_program.o
 .bss           0x008000ba        0x0 ./HAL/ICU/ICU_program.o
 .bss           0x008000ba        0x0 ./HAL/Button/Button_program.o
 .bss           0x008000ba        0x0 ./APP/main.o
 .bss           0x008000ba        0x0 c:/winavr-20100110/bin/../lib/gcc/avr/4.3.3/avr5\libgcc.a(_mulsi3.o)
 .bss           0x008000ba        0x0 c:/winavr-20100110/bin/../lib/gcc/avr/4.3.3/avr5\libgcc.a(_udivmodsi4.o)
 .bss           0x008000ba        0x0 c:/winavr-20100110/bin/../lib/gcc/avr/4.3.3/avr5\libgcc.a(_exit.o)
 .bss           0x008000ba        0x0 c:/winavr-20100110/bin/../lib/gcc/avr/4.3.3/avr5\libgcc.a(_copy_data.o)
 .bss           0x008000ba        0x0 c:/winavr-20100110/bin/../lib/gcc/avr/4.3.3/avr5\libgcc.a(_clear_bss.o)
 .bss           0x008000ba        0x0 c:/winavr-20100110/bin/../lib/gcc/avr/4.3.3/avr5\libgcc.a(_fixunssfsi.o)
 .bss           0x008000ba        0x0 c:/winavr-20100110/bin/../lib/gcc/avr/4.3.3/avr5\libgcc.a(_addsub_sf.o)
 .bss           0x008000ba        0x0 c:/winavr-20100110/bin/../lib/gcc/avr/4.3.3/avr5\libgcc.a(_mul_sf.o)
 .bss           0x008000ba        0x0 c:/winavr-20100110/bin/../lib/gcc/avr/4.3.3/avr5\libgcc.a(_div_sf.o)
 .bss           0x008000ba        0x0 c:/winavr-20100110/bin/../lib/gcc/avr/4.3.3/avr5\libgcc.a(_gt_sf.o)
 .bss           0x008000ba        0x0 c:/winavr-20100110/bin/../lib/gcc/avr/4.3.3/avr5\libgcc.a(_ge_sf.o)
 .bss           0x008000ba        0x0 c:/winavr-20100110/bin/../lib/gcc/avr/4.3.3/avr5\libgcc.a(_lt_sf.o)
 .bss           0x008000ba        0x0 c:/winavr-20100110/bin/../lib/gcc/avr/4.3.3/avr5\libgcc.a(_sf_to_si.o)
 .bss           0x008000ba        0x0 c:/winavr-20100110/bin/../lib/gcc/avr/4.3.3/avr5\libgcc.a(_thenan_sf.o)
 .bss           0x008000ba        0x0 c:/winavr-20100110/bin/../lib/gcc/avr/4.3.3/avr5\libgcc.a(_prologue.o)
 .bss           0x008000ba        0x0 c:/winavr-20100110/bin/../lib/gcc/avr/4.3.3/avr5\libgcc.a(_epilogue.o)
 .bss           0x008000ba        0x0 c:/winavr-20100110/bin/../lib/gcc/avr/4.3.3/avr5\libgcc.a(_pack_sf.o)
 .bss           0x008000ba        0x0 c:/winavr-20100110/bin/../lib/gcc/avr/4.3.3/avr5\libgcc.a(_unpack_sf.o)
 .bss           0x008000ba        0x0 c:/winavr-20100110/bin/../lib/gcc/avr/4.3.3/avr5\libgcc.a(_fpcmp_parts_sf.o)
 .bss           0x008000ba        0x0 c:/winavr-20100110/bin/../lib/gcc/avr/4.3.3/../../../../avr/lib/avr5\libc.a(itoa.o)
 .bss           0x008000ba        0x0 c:/winavr-20100110/bin/../lib/gcc/avr/4.3.3/../../../../avr/lib/avr5\libc.a(strrev.o)
 .bss           0x008000ba        0x0 c:/winavr-20100110/bin/../lib/gcc/avr/4.3.3/avr5\libgcc.a(_udivmodhi4.o)
 *(.bss*)
 .bss.counter.1276
                0x008000ba        0x4 ./MCAL/TIM0/TIM0_program.o
 .bss.counter.1290
                0x008000be        0x4 ./MCAL/TIM0/TIM0_program.o
 .bss.current_pattern
                0x008000c2        0x1 ./HAL/Stepper/Stepper_program.o
 .bss.t_on      0x008000c3        0x2 ./HAL/ICU/ICU_program.o
 .bss.period    0x008000c5        0x2 ./HAL/ICU/ICU_program.o
 .bss.state.1270
                0x008000c7        0x1 ./HAL/ICU/ICU_program.o
 *(COMMON)
 COMMON         0x008000c8        0x2 ./MCAL/TIM1/TIM1_program.o
                0x008000c8                tim1_callback_ptr
 COMMON         0x008000ca        0xc ./MCAL/TIM0/TIM0_program.o
                0x008000ca                preload
                0x008000ce                func_ptr_ovf
                0x008000d0                NoCounts
                0x008000d4                func_ptr_ctc
 COMMON         0x008000d6        0x6 ./MCAL/EXTI/EXTI_program.o
                0x008000d6                callback_ptr1
                0x008000d8                callback_ptr2
                0x008000da                callback_ptr3
                0x008000dc                PROVIDE (__bss_end, .)
                0x0000361e                __data_load_start = LOADADDR (.data)
                0x00003678                __data_load_end = (__data_load_start + SIZEOF (.data))

.noinit         0x008000dc        0x0
                0x008000dc                PROVIDE (__noinit_start, .)
 *(.noinit*)
                0x008000dc                PROVIDE (__noinit_end, .)
                0x008000dc                _end = .
                0x008000dc                PROVIDE (__heap_start, .)

.eeprom         0x00810000        0x0
 *(.eeprom*)
                0x00810000                __eeprom_end = .

.fuse
 *(.fuse)
 *(.lfuse)
 *(.hfuse)
 *(.efuse)

.lock
 *(.lock*)

.signature
 *(.signature*)

.stab
 *(.stab)

.stabstr
 *(.stabstr)

.stab.excl
 *(.stab.excl)

.stab.exclstr
 *(.stab.exclstr)

.stab.index
 *(.stab.index)

.stab.indexstr
 *(.stab.indexstr)

.comment
 *(.comment)

.debug
 *(.debug)

.line
 *(.line)

.debug_srcinfo
 *(.debug_srcinfo)

.debug_sfnames
 *(.debug_sfnames)

.debug_aranges  0x00000000      0x4e0
 *(.debug_aranges)
 .debug_aranges
                0x00000000       0x68 ./MCAL/TIM1/TIM1_program.o
 .debug_aranges
                0x00000068       0x50 ./MCAL/TIM0/TIM0_program.o
 .debug_aranges
                0x000000b8       0x28 ./MCAL/GIE/GIE_program.o
 .debug_aranges
                0x000000e0       0x50 ./MCAL/EXTI/EXTI_program.o
 .debug_aranges
                0x00000130       0x40 ./MCAL/DIO/DIO_program.o
 .debug_aranges
                0x00000170       0x28 ./MCAL/ADC/ADC_program.o
 .debug_aranges
                0x00000198       0x30 ./HAL/Stepper/Stepper_program.o
 .debug_aranges
                0x000001c8       0x30 ./HAL/SevenSegment/SS_program.o
 .debug_aranges
                0x000001f8       0x28 ./HAL/Servo/Servo_program.o
 .debug_aranges
                0x00000220       0x30 ./HAL/Motor/Motor_program.o
 .debug_aranges
                0x00000250       0x30 ./HAL/LED/LED_program.o
 .debug_aranges
                0x00000280       0x48 ./HAL/LCD/LCD_program.o
 .debug_aranges
                0x000002c8       0x28 ./HAL/Keypad/Keypad_program.o
 .debug_aranges
                0x000002f0       0x40 ./HAL/ICU/ICU_program.o
 .debug_aranges
                0x00000330       0x30 ./HAL/Button/Button_program.o
 .debug_aranges
                0x00000360       0x20 ./APP/main.o
 .debug_aranges
                0x00000380       0x20 c:/winavr-20100110/bin/../lib/gcc/avr/4.3.3/avr5\libgcc.a(_fixunssfsi.o)
 .debug_aranges
                0x000003a0       0x20 c:/winavr-20100110/bin/../lib/gcc/avr/4.3.3/avr5\libgcc.a(_addsub_sf.o)
 .debug_aranges
                0x000003c0       0x20 c:/winavr-20100110/bin/../lib/gcc/avr/4.3.3/avr5\libgcc.a(_mul_sf.o)
 .debug_aranges
                0x000003e0       0x20 c:/winavr-20100110/bin/../lib/gcc/avr/4.3.3/avr5\libgcc.a(_div_sf.o)
 .debug_aranges
                0x00000400       0x20 c:/winavr-20100110/bin/../lib/gcc/avr/4.3.3/avr5\libgcc.a(_gt_sf.o)
 .debug_aranges
                0x00000420       0x20 c:/winavr-20100110/bin/../lib/gcc/avr/4.3.3/avr5\libgcc.a(_ge_sf.o)
 .debug_aranges
                0x00000440       0x20 c:/winavr-20100110/bin/../lib/gcc/avr/4.3.3/avr5\libgcc.a(_lt_sf.o)
 .debug_aranges
                0x00000460       0x20 c:/winavr-20100110/bin/../lib/gcc/avr/4.3.3/avr5\libgcc.a(_sf_to_si.o)
 .debug_aranges
                0x00000480       0x20 c:/winavr-20100110/bin/../lib/gcc/avr/4.3.3/avr5\libgcc.a(_pack_sf.o)
 .debug_aranges
                0x000004a0       0x20 c:/winavr-20100110/bin/../lib/gcc/avr/4.3.3/avr5\libgcc.a(_unpack_sf.o)
 .debug_aranges
                0x000004c0       0x20 c:/winavr-20100110/bin/../lib/gcc/avr/4.3.3/avr5\libgcc.a(_fpcmp_parts_sf.o)

.debug_pubnames
                0x00000000      0x885
 *(.debug_pubnames)
 .debug_pubnames
                0x00000000       0xfb ./MCAL/TIM1/TIM1_program.o
 .debug_pubnames
                0x000000fb       0xd0 ./MCAL/TIM0/TIM0_program.o
 .debug_pubnames
                0x000001cb       0x31 ./MCAL/GIE/GIE_program.o
 .debug_pubnames
                0x000001fc       0xbc ./MCAL/EXTI/EXTI_program.o
 .debug_pubnames
                0x000002b8       0x8a ./MCAL/DIO/DIO_program.o
 .debug_pubnames
                0x00000342       0x37 ./MCAL/ADC/ADC_program.o
 .debug_pubnames
                0x00000379       0x65 ./HAL/Stepper/Stepper_program.o
 .debug_pubnames
                0x000003de       0x70 ./HAL/SevenSegment/SS_program.o
 .debug_pubnames
                0x0000044e       0x34 ./HAL/Servo/Servo_program.o
 .debug_pubnames
                0x00000482       0x47 ./HAL/Motor/Motor_program.o
 .debug_pubnames
                0x000004c9       0x59 ./HAL/LED/LED_program.o
 .debug_pubnames
                0x00000522       0x94 ./HAL/LCD/LCD_program.o
 .debug_pubnames
                0x000005b6       0x5d ./HAL/Keypad/Keypad_program.o
 .debug_pubnames
                0x00000613       0x6e ./HAL/ICU/ICU_program.o
 .debug_pubnames
                0x00000681       0x5a ./HAL/Button/Button_program.o
 .debug_pubnames
                0x000006db       0x1b ./APP/main.o
 .debug_pubnames
                0x000006f6       0x23 c:/winavr-20100110/bin/../lib/gcc/avr/4.3.3/avr5\libgcc.a(_fixunssfsi.o)
 .debug_pubnames
                0x00000719       0x2c c:/winavr-20100110/bin/../lib/gcc/avr/4.3.3/avr5\libgcc.a(_addsub_sf.o)
 .debug_pubnames
                0x00000745       0x1f c:/winavr-20100110/bin/../lib/gcc/avr/4.3.3/avr5\libgcc.a(_mul_sf.o)
 .debug_pubnames
                0x00000764       0x1f c:/winavr-20100110/bin/../lib/gcc/avr/4.3.3/avr5\libgcc.a(_div_sf.o)
 .debug_pubnames
                0x00000783       0x1e c:/winavr-20100110/bin/../lib/gcc/avr/4.3.3/avr5\libgcc.a(_gt_sf.o)
 .debug_pubnames
                0x000007a1       0x1e c:/winavr-20100110/bin/../lib/gcc/avr/4.3.3/avr5\libgcc.a(_ge_sf.o)
 .debug_pubnames
                0x000007bf       0x1e c:/winavr-20100110/bin/../lib/gcc/avr/4.3.3/avr5\libgcc.a(_lt_sf.o)
 .debug_pubnames
                0x000007dd       0x20 c:/winavr-20100110/bin/../lib/gcc/avr/4.3.3/avr5\libgcc.a(_sf_to_si.o)
 .debug_pubnames
                0x000007fd       0x22 c:/winavr-20100110/bin/../lib/gcc/avr/4.3.3/avr5\libgcc.a(_thenan_sf.o)
 .debug_pubnames
                0x0000081f       0x1f c:/winavr-20100110/bin/../lib/gcc/avr/4.3.3/avr5\libgcc.a(_pack_sf.o)
 .debug_pubnames
                0x0000083e       0x21 c:/winavr-20100110/bin/../lib/gcc/avr/4.3.3/avr5\libgcc.a(_unpack_sf.o)
 .debug_pubnames
                0x0000085f       0x26 c:/winavr-20100110/bin/../lib/gcc/avr/4.3.3/avr5\libgcc.a(_fpcmp_parts_sf.o)

.debug_info     0x00000000     0x3885
 *(.debug_info)
 .debug_info    0x00000000      0x1b4 ./MCAL/TIM1/TIM1_program.o
 .debug_info    0x000001b4      0x1c6 ./MCAL/TIM0/TIM0_program.o
 .debug_info    0x0000037a       0x83 ./MCAL/GIE/GIE_program.o
 .debug_info    0x000003fd      0x1a4 ./MCAL/EXTI/EXTI_program.o
 .debug_info    0x000005a1      0x1a8 ./MCAL/DIO/DIO_program.o
 .debug_info    0x00000749       0xcc ./MCAL/ADC/ADC_program.o
 .debug_info    0x00000815      0x17f ./HAL/Stepper/Stepper_program.o
 .debug_info    0x00000994       0xfe ./HAL/SevenSegment/SS_program.o
 .debug_info    0x00000a92       0xcd ./HAL/Servo/Servo_program.o
 .debug_info    0x00000b5f      0x1be ./HAL/Motor/Motor_program.o
 .debug_info    0x00000d1d      0x12f ./HAL/LED/LED_program.o
 .debug_info    0x00000e4c      0x5f3 ./HAL/LCD/LCD_program.o
 .debug_info    0x0000143f      0x190 ./HAL/Keypad/Keypad_program.o
 .debug_info    0x000015cf      0x11d ./HAL/ICU/ICU_program.o
 .debug_info    0x000016ec       0xc6 ./HAL/Button/Button_program.o
 .debug_info    0x000017b2       0x8e ./APP/main.o
 .debug_info    0x00001840       0xb1 c:/winavr-20100110/bin/../lib/gcc/avr/4.3.3/avr5\libgcc.a(_fixunssfsi.o)
 .debug_info    0x000018f1      0x47a c:/winavr-20100110/bin/../lib/gcc/avr/4.3.3/avr5\libgcc.a(_addsub_sf.o)
 .debug_info    0x00001d6b      0x485 c:/winavr-20100110/bin/../lib/gcc/avr/4.3.3/avr5\libgcc.a(_mul_sf.o)
 .debug_info    0x000021f0      0x3fc c:/winavr-20100110/bin/../lib/gcc/avr/4.3.3/avr5\libgcc.a(_div_sf.o)
 .debug_info    0x000025ec      0x27f c:/winavr-20100110/bin/../lib/gcc/avr/4.3.3/avr5\libgcc.a(_gt_sf.o)
 .debug_info    0x0000286b      0x27f c:/winavr-20100110/bin/../lib/gcc/avr/4.3.3/avr5\libgcc.a(_ge_sf.o)
 .debug_info    0x00002aea      0x27f c:/winavr-20100110/bin/../lib/gcc/avr/4.3.3/avr5\libgcc.a(_lt_sf.o)
 .debug_info    0x00002d69      0x2b0 c:/winavr-20100110/bin/../lib/gcc/avr/4.3.3/avr5\libgcc.a(_sf_to_si.o)
 .debug_info    0x00003019      0x12c c:/winavr-20100110/bin/../lib/gcc/avr/4.3.3/avr5\libgcc.a(_thenan_sf.o)
 .debug_info    0x00003145      0x2df c:/winavr-20100110/bin/../lib/gcc/avr/4.3.3/avr5\libgcc.a(_pack_sf.o)
 .debug_info    0x00003424      0x251 c:/winavr-20100110/bin/../lib/gcc/avr/4.3.3/avr5\libgcc.a(_unpack_sf.o)
 .debug_info    0x00003675      0x210 c:/winavr-20100110/bin/../lib/gcc/avr/4.3.3/avr5\libgcc.a(_fpcmp_parts_sf.o)
 *(.gnu.linkonce.wi.*)

.debug_abbrev   0x00000000     0x1b49
 *(.debug_abbrev)
 .debug_abbrev  0x00000000       0xb0 ./MCAL/TIM1/TIM1_program.o
 .debug_abbrev  0x000000b0       0xb1 ./MCAL/TIM0/TIM0_program.o
 .debug_abbrev  0x00000161       0x36 ./MCAL/GIE/GIE_program.o
 .debug_abbrev  0x00000197       0xa5 ./MCAL/EXTI/EXTI_program.o
 .debug_abbrev  0x0000023c       0x7c ./MCAL/DIO/DIO_program.o
 .debug_abbrev  0x000002b8       0x7a ./MCAL/ADC/ADC_program.o
 .debug_abbrev  0x00000332       0xd7 ./HAL/Stepper/Stepper_program.o
 .debug_abbrev  0x00000409       0x9a ./HAL/SevenSegment/SS_program.o
 .debug_abbrev  0x000004a3       0x76 ./HAL/Servo/Servo_program.o
 .debug_abbrev  0x00000519       0xed ./HAL/Motor/Motor_program.o
 .debug_abbrev  0x00000606       0xda ./HAL/LED/LED_program.o
 .debug_abbrev  0x000006e0      0x136 ./HAL/LCD/LCD_program.o
 .debug_abbrev  0x00000816       0xec ./HAL/Keypad/Keypad_program.o
 .debug_abbrev  0x00000902       0x87 ./HAL/ICU/ICU_program.o
 .debug_abbrev  0x00000989       0x7e ./HAL/Button/Button_program.o
 .debug_abbrev  0x00000a07       0x41 ./APP/main.o
 .debug_abbrev  0x00000a48       0x5d c:/winavr-20100110/bin/../lib/gcc/avr/4.3.3/avr5\libgcc.a(_fixunssfsi.o)
 .debug_abbrev  0x00000aa5      0x1ea c:/winavr-20100110/bin/../lib/gcc/avr/4.3.3/avr5\libgcc.a(_addsub_sf.o)
 .debug_abbrev  0x00000c8f      0x21b c:/winavr-20100110/bin/../lib/gcc/avr/4.3.3/avr5\libgcc.a(_mul_sf.o)
 .debug_abbrev  0x00000eaa      0x216 c:/winavr-20100110/bin/../lib/gcc/avr/4.3.3/avr5\libgcc.a(_div_sf.o)
 .debug_abbrev  0x000010c0      0x15a c:/winavr-20100110/bin/../lib/gcc/avr/4.3.3/avr5\libgcc.a(_gt_sf.o)
 .debug_abbrev  0x0000121a      0x15a c:/winavr-20100110/bin/../lib/gcc/avr/4.3.3/avr5\libgcc.a(_ge_sf.o)
 .debug_abbrev  0x00001374      0x15a c:/winavr-20100110/bin/../lib/gcc/avr/4.3.3/avr5\libgcc.a(_lt_sf.o)
 .debug_abbrev  0x000014ce      0x17f c:/winavr-20100110/bin/../lib/gcc/avr/4.3.3/avr5\libgcc.a(_sf_to_si.o)
 .debug_abbrev  0x0000164d       0xad c:/winavr-20100110/bin/../lib/gcc/avr/4.3.3/avr5\libgcc.a(_thenan_sf.o)
 .debug_abbrev  0x000016fa      0x1c0 c:/winavr-20100110/bin/../lib/gcc/avr/4.3.3/avr5\libgcc.a(_pack_sf.o)
 .debug_abbrev  0x000018ba      0x154 c:/winavr-20100110/bin/../lib/gcc/avr/4.3.3/avr5\libgcc.a(_unpack_sf.o)
 .debug_abbrev  0x00001a0e      0x13b c:/winavr-20100110/bin/../lib/gcc/avr/4.3.3/avr5\libgcc.a(_fpcmp_parts_sf.o)

.debug_line     0x00000000     0x2e5b
 *(.debug_line)
 .debug_line    0x00000000      0x2d9 ./MCAL/TIM1/TIM1_program.o
 .debug_line    0x000002d9      0x20b ./MCAL/TIM0/TIM0_program.o
 .debug_line    0x000004e4       0x9f ./MCAL/GIE/GIE_program.o
 .debug_line    0x00000583      0x1f3 ./MCAL/EXTI/EXTI_program.o
 .debug_line    0x00000776      0x2b4 ./MCAL/DIO/DIO_program.o
 .debug_line    0x00000a2a      0x126 ./MCAL/ADC/ADC_program.o
 .debug_line    0x00000b50      0x173 ./HAL/Stepper/Stepper_program.o
 .debug_line    0x00000cc3      0x127 ./HAL/SevenSegment/SS_program.o
 .debug_line    0x00000dea      0x102 ./HAL/Servo/Servo_program.o
 .debug_line    0x00000eec      0x27f ./HAL/Motor/Motor_program.o
 .debug_line    0x0000116b      0x11e ./HAL/LED/LED_program.o
 .debug_line    0x00001289      0x74b ./HAL/LCD/LCD_program.o
 .debug_line    0x000019d4      0x16a ./HAL/Keypad/Keypad_program.o
 .debug_line    0x00001b3e      0x1bb ./HAL/ICU/ICU_program.o
 .debug_line    0x00001cf9      0x117 ./HAL/Button/Button_program.o
 .debug_line    0x00001e10       0xc9 ./APP/main.o
 .debug_line    0x00001ed9       0xa7 c:/winavr-20100110/bin/../lib/gcc/avr/4.3.3/avr5\libgcc.a(_fixunssfsi.o)
 .debug_line    0x00001f80      0x2af c:/winavr-20100110/bin/../lib/gcc/avr/4.3.3/avr5\libgcc.a(_addsub_sf.o)
 .debug_line    0x0000222f      0x239 c:/winavr-20100110/bin/../lib/gcc/avr/4.3.3/avr5\libgcc.a(_mul_sf.o)
 .debug_line    0x00002468      0x1d5 c:/winavr-20100110/bin/../lib/gcc/avr/4.3.3/avr5\libgcc.a(_div_sf.o)
 .debug_line    0x0000263d       0xd3 c:/winavr-20100110/bin/../lib/gcc/avr/4.3.3/avr5\libgcc.a(_gt_sf.o)
 .debug_line    0x00002710       0xd3 c:/winavr-20100110/bin/../lib/gcc/avr/4.3.3/avr5\libgcc.a(_ge_sf.o)
 .debug_line    0x000027e3       0xd3 c:/winavr-20100110/bin/../lib/gcc/avr/4.3.3/avr5\libgcc.a(_lt_sf.o)
 .debug_line    0x000028b6      0x109 c:/winavr-20100110/bin/../lib/gcc/avr/4.3.3/avr5\libgcc.a(_sf_to_si.o)
 .debug_line    0x000029bf       0x90 c:/winavr-20100110/bin/../lib/gcc/avr/4.3.3/avr5\libgcc.a(_thenan_sf.o)
 .debug_line    0x00002a4f      0x18a c:/winavr-20100110/bin/../lib/gcc/avr/4.3.3/avr5\libgcc.a(_pack_sf.o)
 .debug_line    0x00002bd9      0x14b c:/winavr-20100110/bin/../lib/gcc/avr/4.3.3/avr5\libgcc.a(_unpack_sf.o)
 .debug_line    0x00002d24      0x137 c:/winavr-20100110/bin/../lib/gcc/avr/4.3.3/avr5\libgcc.a(_fpcmp_parts_sf.o)

.debug_frame    0x00000000      0x680
 *(.debug_frame)
 .debug_frame   0x00000000       0xb0 ./MCAL/TIM1/TIM1_program.o
 .debug_frame   0x000000b0       0x80 ./MCAL/TIM0/TIM0_program.o
 .debug_frame   0x00000130       0x30 ./MCAL/GIE/GIE_program.o
 .debug_frame   0x00000160       0x80 ./MCAL/EXTI/EXTI_program.o
 .debug_frame   0x000001e0       0x60 ./MCAL/DIO/DIO_program.o
 .debug_frame   0x00000240       0x30 ./MCAL/ADC/ADC_program.o
 .debug_frame   0x00000270       0x40 ./HAL/Stepper/Stepper_program.o
 .debug_frame   0x000002b0       0x40 ./HAL/SevenSegment/SS_program.o
 .debug_frame   0x000002f0       0x30 ./HAL/Servo/Servo_program.o
 .debug_frame   0x00000320       0x40 ./HAL/Motor/Motor_program.o
 .debug_frame   0x00000360       0x40 ./HAL/LED/LED_program.o
 .debug_frame   0x000003a0       0x70 ./HAL/LCD/LCD_program.o
 .debug_frame   0x00000410       0x30 ./HAL/Keypad/Keypad_program.o
 .debug_frame   0x00000440       0x60 ./HAL/ICU/ICU_program.o
 .debug_frame   0x000004a0       0x40 ./HAL/Button/Button_program.o
 .debug_frame   0x000004e0       0x20 ./APP/main.o
 .debug_frame   0x00000500       0x20 c:/winavr-20100110/bin/../lib/gcc/avr/4.3.3/avr5\libgcc.a(_fixunssfsi.o)
 .debug_frame   0x00000520       0x40 c:/winavr-20100110/bin/../lib/gcc/avr/4.3.3/avr5\libgcc.a(_addsub_sf.o)
 .debug_frame   0x00000560       0x20 c:/winavr-20100110/bin/../lib/gcc/avr/4.3.3/avr5\libgcc.a(_mul_sf.o)
 .debug_frame   0x00000580       0x20 c:/winavr-20100110/bin/../lib/gcc/avr/4.3.3/avr5\libgcc.a(_div_sf.o)
 .debug_frame   0x000005a0       0x20 c:/winavr-20100110/bin/../lib/gcc/avr/4.3.3/avr5\libgcc.a(_gt_sf.o)
 .debug_frame   0x000005c0       0x20 c:/winavr-20100110/bin/../lib/gcc/avr/4.3.3/avr5\libgcc.a(_ge_sf.o)
 .debug_frame   0x000005e0       0x20 c:/winavr-20100110/bin/../lib/gcc/avr/4.3.3/avr5\libgcc.a(_lt_sf.o)
 .debug_frame   0x00000600       0x20 c:/winavr-20100110/bin/../lib/gcc/avr/4.3.3/avr5\libgcc.a(_sf_to_si.o)
 .debug_frame   0x00000620       0x20 c:/winavr-20100110/bin/../lib/gcc/avr/4.3.3/avr5\libgcc.a(_pack_sf.o)
 .debug_frame   0x00000640       0x20 c:/winavr-20100110/bin/../lib/gcc/avr/4.3.3/avr5\libgcc.a(_unpack_sf.o)
 .debug_frame   0x00000660       0x20 c:/winavr-20100110/bin/../lib/gcc/avr/4.3.3/avr5\libgcc.a(_fpcmp_parts_sf.o)

.debug_str      0x00000000      0xb51
 *(.debug_str)
 .debug_str     0x00000000      0x17a ./MCAL/TIM1/TIM1_program.o
                                0x1a7 (size before relaxing)
 .debug_str     0x0000017a       0xb6 ./MCAL/TIM0/TIM0_program.o
                                0x164 (size before relaxing)
 .debug_str     0x00000230       0x31 ./MCAL/GIE/GIE_program.o
                                 0xdf (size before relaxing)
 .debug_str     0x00000261       0xb3 ./MCAL/EXTI/EXTI_program.o
                                0x161 (size before relaxing)
 .debug_str     0x00000314       0xb2 ./MCAL/DIO/DIO_program.o
                                0x160 (size before relaxing)
 .debug_str     0x000003c6       0x5a ./MCAL/ADC/ADC_program.o
                                0x108 (size before relaxing)
 .debug_str     0x00000420       0x7a ./HAL/Stepper/Stepper_program.o
                                0x128 (size before relaxing)
 .debug_str     0x0000049a       0x7a ./HAL/SevenSegment/SS_program.o
                                0x132 (size before relaxing)
 .debug_str     0x00000514       0x43 ./HAL/Servo/Servo_program.o
                                 0xf1 (size before relaxing)
 .debug_str     0x00000557       0xae ./HAL/Motor/Motor_program.o
                                0x177 (size before relaxing)
 .debug_str     0x00000605       0x58 ./HAL/LED/LED_program.o
                                0x10b (size before relaxing)
 .debug_str     0x0000065d      0x137 ./HAL/LCD/LCD_program.o
                                0x21c (size before relaxing)
 .debug_str     0x00000794       0x56 ./HAL/Keypad/Keypad_program.o
                                0x109 (size before relaxing)
 .debug_str     0x000007ea       0x73 ./HAL/ICU/ICU_program.o
                                0x128 (size before relaxing)
 .debug_str     0x0000085d       0x68 ./HAL/Button/Button_program.o
                                0x116 (size before relaxing)
 .debug_str     0x000008c5       0x13 ./APP/main.o
                                 0xfa (size before relaxing)
 .debug_str     0x000008d8       0x80 c:/winavr-20100110/bin/../lib/gcc/avr/4.3.3/avr5\libgcc.a(_fixunssfsi.o)
                                 0xfe (size before relaxing)
 .debug_str     0x00000958      0x143 c:/winavr-20100110/bin/../lib/gcc/avr/4.3.3/avr5\libgcc.a(_addsub_sf.o)
                                0x206 (size before relaxing)
 .debug_str     0x00000a9b       0x27 c:/winavr-20100110/bin/../lib/gcc/avr/4.3.3/avr5\libgcc.a(_mul_sf.o)
                                0x1bf (size before relaxing)
 .debug_str     0x00000ac2       0x35 c:/winavr-20100110/bin/../lib/gcc/avr/4.3.3/avr5\libgcc.a(_div_sf.o)
                                0x1c8 (size before relaxing)
 .debug_str     0x00000af7        0xf c:/winavr-20100110/bin/../lib/gcc/avr/4.3.3/avr5\libgcc.a(_gt_sf.o)
                                0x195 (size before relaxing)
 .debug_str     0x00000b06        0x8 c:/winavr-20100110/bin/../lib/gcc/avr/4.3.3/avr5\libgcc.a(_ge_sf.o)
                                0x195 (size before relaxing)
 .debug_str     0x00000b0e        0x8 c:/winavr-20100110/bin/../lib/gcc/avr/4.3.3/avr5\libgcc.a(_lt_sf.o)
                                0x195 (size before relaxing)
 .debug_str     0x00000b16        0xa c:/winavr-20100110/bin/../lib/gcc/avr/4.3.3/avr5\libgcc.a(_sf_to_si.o)
                                0x19e (size before relaxing)
 .debug_str     0x00000000      0x103 c:/winavr-20100110/bin/../lib/gcc/avr/4.3.3/avr5\libgcc.a(_thenan_sf.o)
 .debug_str     0x00000b20       0x16 c:/winavr-20100110/bin/../lib/gcc/avr/4.3.3/avr5\libgcc.a(_pack_sf.o)
                                0x19d (size before relaxing)
 .debug_str     0x00000b36        0xb c:/winavr-20100110/bin/../lib/gcc/avr/4.3.3/avr5\libgcc.a(_unpack_sf.o)
                                0x17f (size before relaxing)
 .debug_str     0x00000b41       0x10 c:/winavr-20100110/bin/../lib/gcc/avr/4.3.3/avr5\libgcc.a(_fpcmp_parts_sf.o)
                                0x163 (size before relaxing)

.debug_loc      0x00000000      0x88e
 *(.debug_loc)
 .debug_loc     0x00000000       0x34 c:/winavr-20100110/bin/../lib/gcc/avr/4.3.3/avr5\libgcc.a(_fixunssfsi.o)
 .debug_loc     0x00000034      0x32a c:/winavr-20100110/bin/../lib/gcc/avr/4.3.3/avr5\libgcc.a(_addsub_sf.o)
 .debug_loc     0x0000035e      0x104 c:/winavr-20100110/bin/../lib/gcc/avr/4.3.3/avr5\libgcc.a(_mul_sf.o)
 .debug_loc     0x00000462       0xc0 c:/winavr-20100110/bin/../lib/gcc/avr/4.3.3/avr5\libgcc.a(_div_sf.o)
 .debug_loc     0x00000522       0x3c c:/winavr-20100110/bin/../lib/gcc/avr/4.3.3/avr5\libgcc.a(_gt_sf.o)
 .debug_loc     0x0000055e       0x3c c:/winavr-20100110/bin/../lib/gcc/avr/4.3.3/avr5\libgcc.a(_ge_sf.o)
 .debug_loc     0x0000059a       0x3c c:/winavr-20100110/bin/../lib/gcc/avr/4.3.3/avr5\libgcc.a(_lt_sf.o)
 .debug_loc     0x000005d6       0x7e c:/winavr-20100110/bin/../lib/gcc/avr/4.3.3/avr5\libgcc.a(_sf_to_si.o)
 .debug_loc     0x00000654      0x13e c:/winavr-20100110/bin/../lib/gcc/avr/4.3.3/avr5\libgcc.a(_pack_sf.o)
 .debug_loc     0x00000792       0xac c:/winavr-20100110/bin/../lib/gcc/avr/4.3.3/avr5\libgcc.a(_unpack_sf.o)
 .debug_loc     0x0000083e       0x50 c:/winavr-20100110/bin/../lib/gcc/avr/4.3.3/avr5\libgcc.a(_fpcmp_parts_sf.o)

.debug_macinfo
 *(.debug_macinfo)
OUTPUT(ICU_Driver.elf elf32-avr)
LOAD linker stubs

.debug_ranges   0x00000000      0x350
 .debug_ranges  0x00000000       0x60 ./MCAL/TIM1/TIM1_program.o
 .debug_ranges  0x00000060       0x48 ./MCAL/TIM0/TIM0_program.o
 .debug_ranges  0x000000a8       0x20 ./MCAL/GIE/GIE_program.o
 .debug_ranges  0x000000c8       0x48 ./MCAL/EXTI/EXTI_program.o
 .debug_ranges  0x00000110       0x38 ./MCAL/DIO/DIO_program.o
 .debug_ranges  0x00000148       0x20 ./MCAL/ADC/ADC_program.o
 .debug_ranges  0x00000168       0x28 ./HAL/Stepper/Stepper_program.o
 .debug_ranges  0x00000190       0x28 ./HAL/SevenSegment/SS_program.o
 .debug_ranges  0x000001b8       0x20 ./HAL/Servo/Servo_program.o
 .debug_ranges  0x000001d8       0x28 ./HAL/Motor/Motor_program.o
 .debug_ranges  0x00000200       0x28 ./HAL/LED/LED_program.o
 .debug_ranges  0x00000228       0x40 ./HAL/LCD/LCD_program.o
 .debug_ranges  0x00000268       0x20 ./HAL/Keypad/Keypad_program.o
 .debug_ranges  0x00000288       0x38 ./HAL/ICU/ICU_program.o
 .debug_ranges  0x000002c0       0x28 ./HAL/Button/Button_program.o
 .debug_ranges  0x000002e8       0x18 ./APP/main.o
 .debug_ranges  0x00000300       0x50 c:/winavr-20100110/bin/../lib/gcc/avr/4.3.3/avr5\libgcc.a(_mul_sf.o)
