Archive member included because of file (symbol)

c:/winavr-20100110/bin/../lib/gcc/avr/4.3.3/avr5\libgcc.a(_exit.o)
                              c:/winavr-20100110/bin/../lib/gcc/avr/4.3.3/../../../../avr/lib/avr5/crtm16.o (exit)
c:/winavr-20100110/bin/../lib/gcc/avr/4.3.3/avr5\libgcc.a(_copy_data.o)
                              ./HAL/Steper/Steper_program.o (__do_copy_data)
c:/winavr-20100110/bin/../lib/gcc/avr/4.3.3/avr5\libgcc.a(_clear_bss.o)
                              ./MCAL/TIM0/TIM0_program.o (__do_clear_bss)
c:/winavr-20100110/bin/../lib/gcc/avr/4.3.3/avr5\libgcc.a(_fixunssfsi.o)
                              ./HAL/LCD/LCD_program.o (__fixunssfsi)
c:/winavr-20100110/bin/../lib/gcc/avr/4.3.3/avr5\libgcc.a(_addsub_sf.o)
                              c:/winavr-20100110/bin/../lib/gcc/avr/4.3.3/avr5\libgcc.a(_fixunssfsi.o) (__subsf3)
c:/winavr-20100110/bin/../lib/gcc/avr/4.3.3/avr5\libgcc.a(_mul_sf.o)
                              ./HAL/LCD/LCD_program.o (__mulsf3)
c:/winavr-20100110/bin/../lib/gcc/avr/4.3.3/avr5\libgcc.a(_gt_sf.o)
                              ./HAL/LCD/LCD_program.o (__gtsf2)
c:/winavr-20100110/bin/../lib/gcc/avr/4.3.3/avr5\libgcc.a(_ge_sf.o)
                              c:/winavr-20100110/bin/../lib/gcc/avr/4.3.3/avr5\libgcc.a(_fixunssfsi.o) (__gesf2)
c:/winavr-20100110/bin/../lib/gcc/avr/4.3.3/avr5\libgcc.a(_lt_sf.o)
                              ./HAL/LCD/LCD_program.o (__ltsf2)
c:/winavr-20100110/bin/../lib/gcc/avr/4.3.3/avr5\libgcc.a(_sf_to_si.o)
                              c:/winavr-20100110/bin/../lib/gcc/avr/4.3.3/avr5\libgcc.a(_fixunssfsi.o) (__fixsfsi)
c:/winavr-20100110/bin/../lib/gcc/avr/4.3.3/avr5\libgcc.a(_thenan_sf.o)
                              c:/winavr-20100110/bin/../lib/gcc/avr/4.3.3/avr5\libgcc.a(_addsub_sf.o) (__thenan_sf)
c:/winavr-20100110/bin/../lib/gcc/avr/4.3.3/avr5\libgcc.a(_prologue.o)
                              c:/winavr-20100110/bin/../lib/gcc/avr/4.3.3/avr5\libgcc.a(_addsub_sf.o) (__prologue_saves__)
c:/winavr-20100110/bin/../lib/gcc/avr/4.3.3/avr5\libgcc.a(_epilogue.o)
                              c:/winavr-20100110/bin/../lib/gcc/avr/4.3.3/avr5\libgcc.a(_addsub_sf.o) (__epilogue_restores__)
c:/winavr-20100110/bin/../lib/gcc/avr/4.3.3/avr5\libgcc.a(_pack_sf.o)
                              c:/winavr-20100110/bin/../lib/gcc/avr/4.3.3/avr5\libgcc.a(_addsub_sf.o) (__pack_f)
c:/winavr-20100110/bin/../lib/gcc/avr/4.3.3/avr5\libgcc.a(_unpack_sf.o)
                              c:/winavr-20100110/bin/../lib/gcc/avr/4.3.3/avr5\libgcc.a(_addsub_sf.o) (__unpack_f)
c:/winavr-20100110/bin/../lib/gcc/avr/4.3.3/avr5\libgcc.a(_fpcmp_parts_sf.o)
                              c:/winavr-20100110/bin/../lib/gcc/avr/4.3.3/avr5\libgcc.a(_gt_sf.o) (__fpcmp_parts_f)

Allocating common symbols
Common symbol       size              file

preload             0x2               ./MCAL/TIM0/TIM0_program.o
ptr3                0x2               ./MCAL/EXTI/EXTI_program.o
NoCounts            0x2               ./MCAL/TIM0/TIM0_program.o
ptr1                0x2               ./MCAL/EXTI/EXTI_program.o
ptr2                0x2               ./MCAL/EXTI/EXTI_program.o
func_ptr            0x2               ./MCAL/TIM0/TIM0_program.o

Memory Configuration

Name             Origin             Length             Attributes
text             0x00000000         0x00020000         xr
data             0x00800060         0x0000ffa0         rw !x
eeprom           0x00810000         0x00010000         rw !x
fuse             0x00820000         0x00000400         rw !x
lock             0x00830000         0x00000400         rw !x
signature        0x00840000         0x00000400         rw !x
*default*        0x00000000         0xffffffff

Linker script and memory map

LOAD c:/winavr-20100110/bin/../lib/gcc/avr/4.3.3/../../../../avr/lib/avr5/crtm16.o
LOAD ./MCAL/TIM0/TIM0_program.o
LOAD ./MCAL/GIE/GIE_program.o
LOAD ./MCAL/EXTI/EXTI_program.o
LOAD ./MCAL/DIO/DIO_program.o
LOAD ./HAL/Steper/Steper_program.o
LOAD ./HAL/SEG/SEG_program.o
LOAD ./HAL/LED/LED_program.o
LOAD ./HAL/LCD/LCD_program.o
LOAD ./HAL/KeyPade/KeyPade_program.o
LOAD ./HAL/Button/Button_program.o
LOAD ./APP/main.o
LOAD c:/winavr-20100110/bin/../lib/gcc/avr/4.3.3/avr5\libgcc.a
LOAD c:/winavr-20100110/bin/../lib/gcc/avr/4.3.3/../../../../avr/lib/avr5\libc.a
LOAD c:/winavr-20100110/bin/../lib/gcc/avr/4.3.3/avr5\libgcc.a

.hash
 *(.hash)

.dynsym
 *(.dynsym)

.dynstr
 *(.dynstr)

.gnu.version
 *(.gnu.version)

.gnu.version_d
 *(.gnu.version_d)

.gnu.version_r
 *(.gnu.version_r)

.rel.init
 *(.rel.init)

.rela.init
 *(.rela.init)

.rel.text
 *(.rel.text)
 *(.rel.text.*)
 *(.rel.gnu.linkonce.t*)

.rela.text
 *(.rela.text)
 *(.rela.text.*)
 *(.rela.gnu.linkonce.t*)

.rel.fini
 *(.rel.fini)

.rela.fini
 *(.rela.fini)

.rel.rodata
 *(.rel.rodata)
 *(.rel.rodata.*)
 *(.rel.gnu.linkonce.r*)

.rela.rodata
 *(.rela.rodata)
 *(.rela.rodata.*)
 *(.rela.gnu.linkonce.r*)

.rel.data
 *(.rel.data)
 *(.rel.data.*)
 *(.rel.gnu.linkonce.d*)

.rela.data
 *(.rela.data)
 *(.rela.data.*)
 *(.rela.gnu.linkonce.d*)

.rel.ctors
 *(.rel.ctors)

.rela.ctors
 *(.rela.ctors)

.rel.dtors
 *(.rel.dtors)

.rela.dtors
 *(.rela.dtors)

.rel.got
 *(.rel.got)

.rela.got
 *(.rela.got)

.rel.bss
 *(.rel.bss)

.rela.bss
 *(.rela.bss)

.rel.plt
 *(.rel.plt)

.rela.plt
 *(.rela.plt)

.text           0x00000000     0x2508
 *(.vectors)
 .vectors       0x00000000       0x54 c:/winavr-20100110/bin/../lib/gcc/avr/4.3.3/../../../../avr/lib/avr5/crtm16.o
                0x00000000                __vectors
                0x00000000                __vector_default
 *(.vectors)
 *(.progmem.gcc*)
 *(.progmem*)
                0x00000054                . = ALIGN (0x2)
                0x00000054                __trampolines_start = .
 *(.trampolines)
 .trampolines   0x00000054        0x0 linker stubs
 *(.trampolines*)
                0x00000054                __trampolines_end = .
 *(.jumptables)
 *(.jumptables*)
 *(.lowtext)
 *(.lowtext*)
                0x00000054                __ctors_start = .
 *(.ctors)
                0x00000054                __ctors_end = .
                0x00000054                __dtors_start = .
 *(.dtors)
                0x00000054                __dtors_end = .
 SORT(*)(.ctors)
 SORT(*)(.dtors)
 *(.init0)
 .init0         0x00000054        0x0 c:/winavr-20100110/bin/../lib/gcc/avr/4.3.3/../../../../avr/lib/avr5/crtm16.o
                0x00000054                __init
 *(.init0)
 *(.init1)
 *(.init1)
 *(.init2)
 .init2         0x00000054        0xc c:/winavr-20100110/bin/../lib/gcc/avr/4.3.3/../../../../avr/lib/avr5/crtm16.o
 *(.init2)
 *(.init3)
 *(.init3)
 *(.init4)
 .init4         0x00000060       0x16 c:/winavr-20100110/bin/../lib/gcc/avr/4.3.3/avr5\libgcc.a(_copy_data.o)
                0x00000060                __do_copy_data
 .init4         0x00000076       0x10 c:/winavr-20100110/bin/../lib/gcc/avr/4.3.3/avr5\libgcc.a(_clear_bss.o)
                0x00000076                __do_clear_bss
 *(.init4)
 *(.init5)
 *(.init5)
 *(.init6)
 *(.init6)
 *(.init7)
 *(.init7)
 *(.init8)
 *(.init8)
 *(.init9)
 .init9         0x00000086        0x8 c:/winavr-20100110/bin/../lib/gcc/avr/4.3.3/../../../../avr/lib/avr5/crtm16.o
 *(.init9)
 *(.text)
 .text          0x0000008e        0x4 c:/winavr-20100110/bin/../lib/gcc/avr/4.3.3/../../../../avr/lib/avr5/crtm16.o
                0x0000008e                __vector_12
                0x0000008e                __bad_interrupt
                0x0000008e                __vector_6
                0x0000008e                __vector_13
                0x0000008e                __vector_17
                0x0000008e                __vector_19
                0x0000008e                __vector_7
                0x0000008e                __vector_5
                0x0000008e                __vector_4
                0x0000008e                __vector_9
                0x0000008e                __vector_15
                0x0000008e                __vector_8
                0x0000008e                __vector_14
                0x0000008e                __vector_10
                0x0000008e                __vector_16
                0x0000008e                __vector_18
                0x0000008e                __vector_20
 .text          0x00000092        0x0 ./MCAL/TIM0/TIM0_program.o
 .text          0x00000092        0x0 ./MCAL/GIE/GIE_program.o
 .text          0x00000092        0x0 ./MCAL/EXTI/EXTI_program.o
 .text          0x00000092        0x0 ./MCAL/DIO/DIO_program.o
 .text          0x00000092        0x0 ./HAL/Steper/Steper_program.o
 .text          0x00000092        0x0 ./HAL/SEG/SEG_program.o
 .text          0x00000092        0x0 ./HAL/LED/LED_program.o
 .text          0x00000092        0x0 ./HAL/LCD/LCD_program.o
 .text          0x00000092        0x0 ./HAL/KeyPade/KeyPade_program.o
 .text          0x00000092        0x0 ./HAL/Button/Button_program.o
 .text          0x00000092        0x0 ./APP/main.o
 .text          0x00000092        0x0 c:/winavr-20100110/bin/../lib/gcc/avr/4.3.3/avr5\libgcc.a(_exit.o)
 .text          0x00000092        0x0 c:/winavr-20100110/bin/../lib/gcc/avr/4.3.3/avr5\libgcc.a(_copy_data.o)
 .text          0x00000092        0x0 c:/winavr-20100110/bin/../lib/gcc/avr/4.3.3/avr5\libgcc.a(_clear_bss.o)
 .text          0x00000092       0x58 c:/winavr-20100110/bin/../lib/gcc/avr/4.3.3/avr5\libgcc.a(_fixunssfsi.o)
                0x00000092                __fixunssfsi
 .text          0x000000ea      0x354 c:/winavr-20100110/bin/../lib/gcc/avr/4.3.3/avr5\libgcc.a(_addsub_sf.o)
                0x00000382                __subsf3
                0x000003e4                __addsf3
 .text          0x0000043e      0x1f4 c:/winavr-20100110/bin/../lib/gcc/avr/4.3.3/avr5\libgcc.a(_mul_sf.o)
                0x0000043e                __mulsf3
 .text          0x00000632       0x60 c:/winavr-20100110/bin/../lib/gcc/avr/4.3.3/avr5\libgcc.a(_gt_sf.o)
                0x00000632                __gtsf2
 .text          0x00000692       0x60 c:/winavr-20100110/bin/../lib/gcc/avr/4.3.3/avr5\libgcc.a(_ge_sf.o)
                0x00000692                __gesf2
 .text          0x000006f2       0x60 c:/winavr-20100110/bin/../lib/gcc/avr/4.3.3/avr5\libgcc.a(_lt_sf.o)
                0x000006f2                __ltsf2
 .text          0x00000752       0xa8 c:/winavr-20100110/bin/../lib/gcc/avr/4.3.3/avr5\libgcc.a(_sf_to_si.o)
                0x00000752                __fixsfsi
 .text          0x000007fa        0x0 c:/winavr-20100110/bin/../lib/gcc/avr/4.3.3/avr5\libgcc.a(_thenan_sf.o)
 .text          0x000007fa        0x0 c:/winavr-20100110/bin/../lib/gcc/avr/4.3.3/avr5\libgcc.a(_prologue.o)
 .text          0x000007fa        0x0 c:/winavr-20100110/bin/../lib/gcc/avr/4.3.3/avr5\libgcc.a(_epilogue.o)
 .text          0x000007fa      0x1aa c:/winavr-20100110/bin/../lib/gcc/avr/4.3.3/avr5\libgcc.a(_pack_sf.o)
                0x000007fa                __pack_f
 .text          0x000009a4       0xf0 c:/winavr-20100110/bin/../lib/gcc/avr/4.3.3/avr5\libgcc.a(_unpack_sf.o)
                0x000009a4                __unpack_f
 .text          0x00000a94       0xb2 c:/winavr-20100110/bin/../lib/gcc/avr/4.3.3/avr5\libgcc.a(_fpcmp_parts_sf.o)
                0x00000a94                __fpcmp_parts_f
                0x00000b46                . = ALIGN (0x2)
 *(.text.*)
 .text.TIM0_Init
                0x00000b46       0x38 ./MCAL/TIM0/TIM0_program.o
                0x00000b46                TIM0_Init
 .text.TIM0_SetValueUS
                0x00000b7e       0x88 ./MCAL/TIM0/TIM0_program.o
                0x00000b7e                TIM0_SetValueUS
 .text.TIM0_Disable
                0x00000c06       0x38 ./MCAL/TIM0/TIM0_program.o
                0x00000c06                TIM0_Disable
 .text.TIM0_SetOVFCallback
                0x00000c3e       0x24 ./MCAL/TIM0/TIM0_program.o
                0x00000c3e                TIM0_SetOVFCallback
 .text.__vector_11
                0x00000c62       0x98 ./MCAL/TIM0/TIM0_program.o
                0x00000c62                __vector_11
 .text.GIE_Enable
                0x00000cfa       0x1c ./MCAL/GIE/GIE_program.o
                0x00000cfa                GIE_Enable
 .text.GIE_Disable
                0x00000d16       0x1c ./MCAL/GIE/GIE_program.o
                0x00000d16                GIE_Disable
 .text.EXTI_Init
                0x00000d32       0x54 ./MCAL/EXTI/EXTI_program.o
                0x00000d32                EXTI_Init
 .text.EXTI_Enable
                0x00000d86       0x6e ./MCAL/EXTI/EXTI_program.o
                0x00000d86                EXTI_Enable
 .text.EXTI_Disable
                0x00000df4       0x6e ./MCAL/EXTI/EXTI_program.o
                0x00000df4                EXTI_Disable
 .text.Exti_setCallback
                0x00000e62       0x72 ./MCAL/EXTI/EXTI_program.o
                0x00000e62                Exti_setCallback
 .text.__vector_1
                0x00000ed4       0x5a ./MCAL/EXTI/EXTI_program.o
                0x00000ed4                __vector_1
 .text.__vector_2
                0x00000f2e       0x5a ./MCAL/EXTI/EXTI_program.o
                0x00000f2e                __vector_2
 .text.__vector_3
                0x00000f88       0x5a ./MCAL/EXTI/EXTI_program.o
                0x00000f88                __vector_3
 .text.DIO_u8SetPinValue
                0x00000fe2      0x214 ./MCAL/DIO/DIO_program.o
                0x00000fe2                DIO_u8SetPinValue
 .text.DIO_u8SetPinDirection
                0x000011f6      0x214 ./MCAL/DIO/DIO_program.o
                0x000011f6                DIO_u8SetPinDirection
 .text.DIO_u8GetBit
                0x0000140a       0xfe ./MCAL/DIO/DIO_program.o
                0x0000140a                DIO_u8GetBit
 .text.DIO_u8GetPort
                0x00001508       0x90 ./MCAL/DIO/DIO_program.o
                0x00001508                DIO_u8GetPort
 .text.DIO_u8SetPortValue
                0x00001598       0x92 ./MCAL/DIO/DIO_program.o
                0x00001598                DIO_u8SetPortValue
 .text.DIO_u8SetPortDirection
                0x0000162a       0xa0 ./MCAL/DIO/DIO_program.o
                0x0000162a                DIO_u8SetPortDirection
 .text.Steper_Init
                0x000016ca       0x50 ./HAL/Steper/Steper_program.o
                0x000016ca                Steper_Init
 .text.Steper_StepCW
                0x0000171a       0x92 ./HAL/Steper/Steper_program.o
                0x0000171a                Steper_StepCW
 .text.Steper_StepCCW
                0x000017ac       0x94 ./HAL/Steper/Steper_program.o
                0x000017ac                Steper_StepCCW
 .text.SEG_voidInit
                0x00001840       0x28 ./HAL/SEG/SEG_program.o
                0x00001840                SEG_voidInit
 .text.SEG_display
                0x00001868       0x3a ./HAL/SEG/SEG_program.o
                0x00001868                SEG_display
 .text.SEG_VoidClear
                0x000018a2       0x14 ./HAL/SEG/SEG_program.o
                0x000018a2                SEG_VoidClear
 .text.LED_voidInit
                0x000018b6       0x9c ./HAL/LED/LED_program.o
                0x000018b6                LED_voidInit
 .text.LED_voidSetLEDHigh
                0x00001952       0x9c ./HAL/LED/LED_program.o
                0x00001952                LED_voidSetLEDHigh
 .text.LED_voidSetLEDLow
                0x000019ee       0x9c ./HAL/LED/LED_program.o
                0x000019ee                LED_voidSetLEDLow
 .text.HLCD_voidinit
                0x00001a8a      0x3f4 ./HAL/LCD/LCD_program.o
                0x00001a8a                HLCD_voidinit
 .text.HLCD_voidCommand
                0x00001e7e       0x34 ./HAL/LCD/LCD_program.o
                0x00001e7e                HLCD_voidCommand
 .text.HLCD_voidSetDDRAM_Address
                0x00001eb2       0x20 ./HAL/LCD/LCD_program.o
                0x00001eb2                HLCD_voidSetDDRAM_Address
 .text.HLCD_voidSendPulse
                0x00001ed2      0x202 ./HAL/LCD/LCD_program.o
 .text.HLCD_SendData
                0x000020d4       0x34 ./HAL/LCD/LCD_program.o
                0x000020d4                HLCD_SendData
 .text.HLCD_PrintString
                0x00002108       0x7a ./HAL/LCD/LCD_program.o
                0x00002108                HLCD_PrintString
 .text.HLCD_GOTO_XY
                0x00002182       0x40 ./HAL/LCD/LCD_program.o
                0x00002182                HLCD_GOTO_XY
 .text.Keypad_init
                0x000021c2       0x86 ./HAL/KeyPade/KeyPade_program.o
                0x000021c2                Keypad_init
 .text.Keypad_getkey
                0x00002248       0xea ./HAL/KeyPade/KeyPade_program.o
                0x00002248                Keypad_getkey
 .text.Button_Init
                0x00002332       0x80 ./HAL/Button/Button_program.o
                0x00002332                Button_Init
 .text.Button_u8GetButtonstatus
                0x000023b2       0x66 ./HAL/Button/Button_program.o
                0x000023b2                Button_u8GetButtonstatus
 .text.Button_voidWaitForButton
                0x00002418       0x28 ./HAL/Button/Button_program.o
                0x00002418                Button_voidWaitForButton
 .text.main     0x00002440       0x28 ./APP/main.o
                0x00002440                main
 .text.f1       0x00002468       0x2e ./APP/main.o
                0x00002468                f1
 .text.libgcc   0x00002496        0x0 c:/winavr-20100110/bin/../lib/gcc/avr/4.3.3/avr5\libgcc.a(_exit.o)
 .text.libgcc   0x00002496        0x0 c:/winavr-20100110/bin/../lib/gcc/avr/4.3.3/avr5\libgcc.a(_copy_data.o)
 .text.libgcc   0x00002496        0x0 c:/winavr-20100110/bin/../lib/gcc/avr/4.3.3/avr5\libgcc.a(_clear_bss.o)
 .text.libgcc   0x00002496       0x38 c:/winavr-20100110/bin/../lib/gcc/avr/4.3.3/avr5\libgcc.a(_prologue.o)
                0x00002496                __prologue_saves__
 .text.libgcc   0x000024ce       0x36 c:/winavr-20100110/bin/../lib/gcc/avr/4.3.3/avr5\libgcc.a(_epilogue.o)
                0x000024ce                __epilogue_restores__
                0x00002504                . = ALIGN (0x2)
 *(.fini9)
 .fini9         0x00002504        0x0 c:/winavr-20100110/bin/../lib/gcc/avr/4.3.3/avr5\libgcc.a(_exit.o)
                0x00002504                exit
                0x00002504                _exit
 *(.fini9)
 *(.fini8)
 *(.fini8)
 *(.fini7)
 *(.fini7)
 *(.fini6)
 *(.fini6)
 *(.fini5)
 *(.fini5)
 *(.fini4)
 *(.fini4)
 *(.fini3)
 *(.fini3)
 *(.fini2)
 *(.fini2)
 *(.fini1)
 *(.fini1)
 *(.fini0)
 .fini0         0x00002504        0x4 c:/winavr-20100110/bin/../lib/gcc/avr/4.3.3/avr5\libgcc.a(_exit.o)
 *(.fini0)
                0x00002508                _etext = .

.data           0x00800060       0x42 load address 0x00002508
                0x00800060                PROVIDE (__data_start, .)
 *(.data)
 .data          0x00800060        0x0 c:/winavr-20100110/bin/../lib/gcc/avr/4.3.3/../../../../avr/lib/avr5/crtm16.o
 .data          0x00800060        0x0 ./MCAL/TIM0/TIM0_program.o
 .data          0x00800060        0x0 ./MCAL/GIE/GIE_program.o
 .data          0x00800060        0x0 ./MCAL/EXTI/EXTI_program.o
 .data          0x00800060        0x0 ./MCAL/DIO/DIO_program.o
 .data          0x00800060        0x0 ./HAL/Steper/Steper_program.o
 .data          0x00800060        0x0 ./HAL/SEG/SEG_program.o
 .data          0x00800060        0x0 ./HAL/LED/LED_program.o
 .data          0x00800060        0x0 ./HAL/LCD/LCD_program.o
 .data          0x00800060        0x0 ./HAL/KeyPade/KeyPade_program.o
 .data          0x00800060        0x0 ./HAL/Button/Button_program.o
 .data          0x00800060        0x0 ./APP/main.o
 .data          0x00800060        0x0 c:/winavr-20100110/bin/../lib/gcc/avr/4.3.3/avr5\libgcc.a(_exit.o)
 .data          0x00800060        0x0 c:/winavr-20100110/bin/../lib/gcc/avr/4.3.3/avr5\libgcc.a(_copy_data.o)
 .data          0x00800060        0x0 c:/winavr-20100110/bin/../lib/gcc/avr/4.3.3/avr5\libgcc.a(_clear_bss.o)
 .data          0x00800060        0x0 c:/winavr-20100110/bin/../lib/gcc/avr/4.3.3/avr5\libgcc.a(_fixunssfsi.o)
 .data          0x00800060        0x0 c:/winavr-20100110/bin/../lib/gcc/avr/4.3.3/avr5\libgcc.a(_addsub_sf.o)
 .data          0x00800060        0x0 c:/winavr-20100110/bin/../lib/gcc/avr/4.3.3/avr5\libgcc.a(_mul_sf.o)
 .data          0x00800060        0x0 c:/winavr-20100110/bin/../lib/gcc/avr/4.3.3/avr5\libgcc.a(_gt_sf.o)
 .data          0x00800060        0x0 c:/winavr-20100110/bin/../lib/gcc/avr/4.3.3/avr5\libgcc.a(_ge_sf.o)
 .data          0x00800060        0x0 c:/winavr-20100110/bin/../lib/gcc/avr/4.3.3/avr5\libgcc.a(_lt_sf.o)
 .data          0x00800060        0x0 c:/winavr-20100110/bin/../lib/gcc/avr/4.3.3/avr5\libgcc.a(_sf_to_si.o)
 .data          0x00800060        0x8 c:/winavr-20100110/bin/../lib/gcc/avr/4.3.3/avr5\libgcc.a(_thenan_sf.o)
                0x00800060                __thenan_sf
 .data          0x00800068        0x0 c:/winavr-20100110/bin/../lib/gcc/avr/4.3.3/avr5\libgcc.a(_prologue.o)
 .data          0x00800068        0x0 c:/winavr-20100110/bin/../lib/gcc/avr/4.3.3/avr5\libgcc.a(_epilogue.o)
 .data          0x00800068        0x0 c:/winavr-20100110/bin/../lib/gcc/avr/4.3.3/avr5\libgcc.a(_pack_sf.o)
 .data          0x00800068        0x0 c:/winavr-20100110/bin/../lib/gcc/avr/4.3.3/avr5\libgcc.a(_unpack_sf.o)
 .data          0x00800068        0x0 c:/winavr-20100110/bin/../lib/gcc/avr/4.3.3/avr5\libgcc.a(_fpcmp_parts_sf.o)
 *(.data*)
 .data.coils    0x00800068        0x8 ./HAL/Steper/Steper_program.o
                0x00800068                coils
 .data.sequnce  0x00800070        0x8 ./HAL/Steper/Steper_program.o
                0x00800070                sequnce
 .data.Key_padRow
                0x00800078        0x8 ./HAL/KeyPade/KeyPade_program.o
 .data.Key_padCol
                0x00800080        0x8 ./HAL/KeyPade/KeyPade_program.o
 .data.digit    0x00800088       0x10 ./HAL/KeyPade/KeyPade_program.o
 *(.rodata)
 *(.rodata*)
 .rodata.seg    0x00800098        0xa ./HAL/SEG/SEG_program.o
 *(.gnu.linkonce.d*)
                0x008000a2                . = ALIGN (0x2)
                0x008000a2                _edata = .
                0x008000a2                PROVIDE (__data_end, .)

.bss            0x008000a2       0x10
                0x008000a2                PROVIDE (__bss_start, .)
 *(.bss)
 .bss           0x008000a2        0x0 c:/winavr-20100110/bin/../lib/gcc/avr/4.3.3/../../../../avr/lib/avr5/crtm16.o
 .bss           0x008000a2        0x0 ./MCAL/TIM0/TIM0_program.o
 .bss           0x008000a2        0x0 ./MCAL/GIE/GIE_program.o
 .bss           0x008000a2        0x0 ./MCAL/EXTI/EXTI_program.o
 .bss           0x008000a2        0x0 ./MCAL/DIO/DIO_program.o
 .bss           0x008000a2        0x0 ./HAL/Steper/Steper_program.o
 .bss           0x008000a2        0x0 ./HAL/SEG/SEG_program.o
 .bss           0x008000a2        0x0 ./HAL/LED/LED_program.o
 .bss           0x008000a2        0x0 ./HAL/LCD/LCD_program.o
 .bss           0x008000a2        0x0 ./HAL/KeyPade/KeyPade_program.o
 .bss           0x008000a2        0x0 ./HAL/Button/Button_program.o
 .bss           0x008000a2        0x0 ./APP/main.o
 .bss           0x008000a2        0x0 c:/winavr-20100110/bin/../lib/gcc/avr/4.3.3/avr5\libgcc.a(_exit.o)
 .bss           0x008000a2        0x0 c:/winavr-20100110/bin/../lib/gcc/avr/4.3.3/avr5\libgcc.a(_copy_data.o)
 .bss           0x008000a2        0x0 c:/winavr-20100110/bin/../lib/gcc/avr/4.3.3/avr5\libgcc.a(_clear_bss.o)
 .bss           0x008000a2        0x0 c:/winavr-20100110/bin/../lib/gcc/avr/4.3.3/avr5\libgcc.a(_fixunssfsi.o)
 .bss           0x008000a2        0x0 c:/winavr-20100110/bin/../lib/gcc/avr/4.3.3/avr5\libgcc.a(_addsub_sf.o)
 .bss           0x008000a2        0x0 c:/winavr-20100110/bin/../lib/gcc/avr/4.3.3/avr5\libgcc.a(_mul_sf.o)
 .bss           0x008000a2        0x0 c:/winavr-20100110/bin/../lib/gcc/avr/4.3.3/avr5\libgcc.a(_gt_sf.o)
 .bss           0x008000a2        0x0 c:/winavr-20100110/bin/../lib/gcc/avr/4.3.3/avr5\libgcc.a(_ge_sf.o)
 .bss           0x008000a2        0x0 c:/winavr-20100110/bin/../lib/gcc/avr/4.3.3/avr5\libgcc.a(_lt_sf.o)
 .bss           0x008000a2        0x0 c:/winavr-20100110/bin/../lib/gcc/avr/4.3.3/avr5\libgcc.a(_sf_to_si.o)
 .bss           0x008000a2        0x0 c:/winavr-20100110/bin/../lib/gcc/avr/4.3.3/avr5\libgcc.a(_thenan_sf.o)
 .bss           0x008000a2        0x0 c:/winavr-20100110/bin/../lib/gcc/avr/4.3.3/avr5\libgcc.a(_prologue.o)
 .bss           0x008000a2        0x0 c:/winavr-20100110/bin/../lib/gcc/avr/4.3.3/avr5\libgcc.a(_epilogue.o)
 .bss           0x008000a2        0x0 c:/winavr-20100110/bin/../lib/gcc/avr/4.3.3/avr5\libgcc.a(_pack_sf.o)
 .bss           0x008000a2        0x0 c:/winavr-20100110/bin/../lib/gcc/avr/4.3.3/avr5\libgcc.a(_unpack_sf.o)
 .bss           0x008000a2        0x0 c:/winavr-20100110/bin/../lib/gcc/avr/4.3.3/avr5\libgcc.a(_fpcmp_parts_sf.o)
 *(.bss*)
 .bss.counter.1272
                0x008000a2        0x2 ./MCAL/TIM0/TIM0_program.o
 .bss.Current_pattern
                0x008000a4        0x1 ./HAL/Steper/Steper_program.o
 .bss.x.1325    0x008000a5        0x1 ./APP/main.o
 *(COMMON)
 COMMON         0x008000a6        0x6 ./MCAL/TIM0/TIM0_program.o
                0x008000a6                preload
                0x008000a8                NoCounts
                0x008000aa                func_ptr
 COMMON         0x008000ac        0x6 ./MCAL/EXTI/EXTI_program.o
                0x008000ac                ptr3
                0x008000ae                ptr1
                0x008000b0                ptr2
                0x008000b2                PROVIDE (__bss_end, .)
                0x00002508                __data_load_start = LOADADDR (.data)
                0x0000254a                __data_load_end = (__data_load_start + SIZEOF (.data))

.noinit         0x008000b2        0x0
                0x008000b2                PROVIDE (__noinit_start, .)
 *(.noinit*)
                0x008000b2                PROVIDE (__noinit_end, .)
                0x008000b2                _end = .
                0x008000b2                PROVIDE (__heap_start, .)

.eeprom         0x00810000        0x0
 *(.eeprom*)
                0x00810000                __eeprom_end = .

.fuse
 *(.fuse)
 *(.lfuse)
 *(.hfuse)
 *(.efuse)

.lock
 *(.lock*)

.signature
 *(.signature*)

.stab
 *(.stab)

.stabstr
 *(.stabstr)

.stab.excl
 *(.stab.excl)

.stab.exclstr
 *(.stab.exclstr)

.stab.index
 *(.stab.index)

.stab.indexstr
 *(.stab.indexstr)

.comment
 *(.comment)

.debug
 *(.debug)

.line
 *(.line)

.debug_srcinfo
 *(.debug_srcinfo)

.debug_sfnames
 *(.debug_sfnames)

.debug_aranges  0x00000000      0x3a0
 *(.debug_aranges)
 .debug_aranges
                0x00000000       0x40 ./MCAL/TIM0/TIM0_program.o
 .debug_aranges
                0x00000040       0x28 ./MCAL/GIE/GIE_program.o
 .debug_aranges
                0x00000068       0x50 ./MCAL/EXTI/EXTI_program.o
 .debug_aranges
                0x000000b8       0x48 ./MCAL/DIO/DIO_program.o
 .debug_aranges
                0x00000100       0x30 ./HAL/Steper/Steper_program.o
 .debug_aranges
                0x00000130       0x30 ./HAL/SEG/SEG_program.o
 .debug_aranges
                0x00000160       0x30 ./HAL/LED/LED_program.o
 .debug_aranges
                0x00000190       0x50 ./HAL/LCD/LCD_program.o
 .debug_aranges
                0x000001e0       0x28 ./HAL/KeyPade/KeyPade_program.o
 .debug_aranges
                0x00000208       0x30 ./HAL/Button/Button_program.o
 .debug_aranges
                0x00000238       0x28 ./APP/main.o
 .debug_aranges
                0x00000260       0x20 c:/winavr-20100110/bin/../lib/gcc/avr/4.3.3/avr5\libgcc.a(_fixunssfsi.o)
 .debug_aranges
                0x00000280       0x20 c:/winavr-20100110/bin/../lib/gcc/avr/4.3.3/avr5\libgcc.a(_addsub_sf.o)
 .debug_aranges
                0x000002a0       0x20 c:/winavr-20100110/bin/../lib/gcc/avr/4.3.3/avr5\libgcc.a(_mul_sf.o)
 .debug_aranges
                0x000002c0       0x20 c:/winavr-20100110/bin/../lib/gcc/avr/4.3.3/avr5\libgcc.a(_gt_sf.o)
 .debug_aranges
                0x000002e0       0x20 c:/winavr-20100110/bin/../lib/gcc/avr/4.3.3/avr5\libgcc.a(_ge_sf.o)
 .debug_aranges
                0x00000300       0x20 c:/winavr-20100110/bin/../lib/gcc/avr/4.3.3/avr5\libgcc.a(_lt_sf.o)
 .debug_aranges
                0x00000320       0x20 c:/winavr-20100110/bin/../lib/gcc/avr/4.3.3/avr5\libgcc.a(_sf_to_si.o)
 .debug_aranges
                0x00000340       0x20 c:/winavr-20100110/bin/../lib/gcc/avr/4.3.3/avr5\libgcc.a(_pack_sf.o)
 .debug_aranges
                0x00000360       0x20 c:/winavr-20100110/bin/../lib/gcc/avr/4.3.3/avr5\libgcc.a(_unpack_sf.o)
 .debug_aranges
                0x00000380       0x20 c:/winavr-20100110/bin/../lib/gcc/avr/4.3.3/avr5\libgcc.a(_fpcmp_parts_sf.o)

.debug_pubnames
                0x00000000      0x59c
 *(.debug_pubnames)
 .debug_pubnames
                0x00000000       0x93 ./MCAL/TIM0/TIM0_program.o
 .debug_pubnames
                0x00000093       0x31 ./MCAL/GIE/GIE_program.o
 .debug_pubnames
                0x000000c4       0x9e ./MCAL/EXTI/EXTI_program.o
 .debug_pubnames
                0x00000162       0x97 ./MCAL/DIO/DIO_program.o
 .debug_pubnames
                0x000001f9       0x5d ./HAL/Steper/Steper_program.o
 .debug_pubnames
                0x00000256       0x45 ./HAL/SEG/SEG_program.o
 .debug_pubnames
                0x0000029b       0x50 ./HAL/LED/LED_program.o
 .debug_pubnames
                0x000002eb       0x8f ./HAL/LCD/LCD_program.o
 .debug_pubnames
                0x0000037a       0x34 ./HAL/KeyPade/KeyPade_program.o
 .debug_pubnames
                0x000003ae       0x5c ./HAL/Button/Button_program.o
 .debug_pubnames
                0x0000040a       0x22 ./APP/main.o
 .debug_pubnames
                0x0000042c       0x23 c:/winavr-20100110/bin/../lib/gcc/avr/4.3.3/avr5\libgcc.a(_fixunssfsi.o)
 .debug_pubnames
                0x0000044f       0x2c c:/winavr-20100110/bin/../lib/gcc/avr/4.3.3/avr5\libgcc.a(_addsub_sf.o)
 .debug_pubnames
                0x0000047b       0x1f c:/winavr-20100110/bin/../lib/gcc/avr/4.3.3/avr5\libgcc.a(_mul_sf.o)
 .debug_pubnames
                0x0000049a       0x1e c:/winavr-20100110/bin/../lib/gcc/avr/4.3.3/avr5\libgcc.a(_gt_sf.o)
 .debug_pubnames
                0x000004b8       0x1e c:/winavr-20100110/bin/../lib/gcc/avr/4.3.3/avr5\libgcc.a(_ge_sf.o)
 .debug_pubnames
                0x000004d6       0x1e c:/winavr-20100110/bin/../lib/gcc/avr/4.3.3/avr5\libgcc.a(_lt_sf.o)
 .debug_pubnames
                0x000004f4       0x20 c:/winavr-20100110/bin/../lib/gcc/avr/4.3.3/avr5\libgcc.a(_sf_to_si.o)
 .debug_pubnames
                0x00000514       0x22 c:/winavr-20100110/bin/../lib/gcc/avr/4.3.3/avr5\libgcc.a(_thenan_sf.o)
 .debug_pubnames
                0x00000536       0x1f c:/winavr-20100110/bin/../lib/gcc/avr/4.3.3/avr5\libgcc.a(_pack_sf.o)
 .debug_pubnames
                0x00000555       0x21 c:/winavr-20100110/bin/../lib/gcc/avr/4.3.3/avr5\libgcc.a(_unpack_sf.o)
 .debug_pubnames
                0x00000576       0x26 c:/winavr-20100110/bin/../lib/gcc/avr/4.3.3/avr5\libgcc.a(_fpcmp_parts_sf.o)

.debug_info     0x00000000     0x2cbb
 *(.debug_info)
 .debug_info    0x00000000      0x174 ./MCAL/TIM0/TIM0_program.o
 .debug_info    0x00000174       0xa6 ./MCAL/GIE/GIE_program.o
 .debug_info    0x0000021a      0x19e ./MCAL/EXTI/EXTI_program.o
 .debug_info    0x000003b8      0x21a ./MCAL/DIO/DIO_program.o
 .debug_info    0x000005d2      0x194 ./HAL/Steper/Steper_program.o
 .debug_info    0x00000766      0x135 ./HAL/SEG/SEG_program.o
 .debug_info    0x0000089b       0xfa ./HAL/LED/LED_program.o
 .debug_info    0x00000995      0x3bb ./HAL/LCD/LCD_program.o
 .debug_info    0x00000d50      0x145 ./HAL/KeyPade/KeyPade_program.o
 .debug_info    0x00000e95      0x10c ./HAL/Button/Button_program.o
 .debug_info    0x00000fa1       0xd1 ./APP/main.o
 .debug_info    0x00001072       0xb1 c:/winavr-20100110/bin/../lib/gcc/avr/4.3.3/avr5\libgcc.a(_fixunssfsi.o)
 .debug_info    0x00001123      0x47a c:/winavr-20100110/bin/../lib/gcc/avr/4.3.3/avr5\libgcc.a(_addsub_sf.o)
 .debug_info    0x0000159d      0x485 c:/winavr-20100110/bin/../lib/gcc/avr/4.3.3/avr5\libgcc.a(_mul_sf.o)
 .debug_info    0x00001a22      0x27f c:/winavr-20100110/bin/../lib/gcc/avr/4.3.3/avr5\libgcc.a(_gt_sf.o)
 .debug_info    0x00001ca1      0x27f c:/winavr-20100110/bin/../lib/gcc/avr/4.3.3/avr5\libgcc.a(_ge_sf.o)
 .debug_info    0x00001f20      0x27f c:/winavr-20100110/bin/../lib/gcc/avr/4.3.3/avr5\libgcc.a(_lt_sf.o)
 .debug_info    0x0000219f      0x2b0 c:/winavr-20100110/bin/../lib/gcc/avr/4.3.3/avr5\libgcc.a(_sf_to_si.o)
 .debug_info    0x0000244f      0x12c c:/winavr-20100110/bin/../lib/gcc/avr/4.3.3/avr5\libgcc.a(_thenan_sf.o)
 .debug_info    0x0000257b      0x2df c:/winavr-20100110/bin/../lib/gcc/avr/4.3.3/avr5\libgcc.a(_pack_sf.o)
 .debug_info    0x0000285a      0x251 c:/winavr-20100110/bin/../lib/gcc/avr/4.3.3/avr5\libgcc.a(_unpack_sf.o)
 .debug_info    0x00002aab      0x210 c:/winavr-20100110/bin/../lib/gcc/avr/4.3.3/avr5\libgcc.a(_fpcmp_parts_sf.o)
 *(.gnu.linkonce.wi.*)

.debug_abbrev   0x00000000     0x15f0
 *(.debug_abbrev)
 .debug_abbrev  0x00000000       0xb3 ./MCAL/TIM0/TIM0_program.o
 .debug_abbrev  0x000000b3       0x41 ./MCAL/GIE/GIE_program.o
 .debug_abbrev  0x000000f4       0xbc ./MCAL/EXTI/EXTI_program.o
 .debug_abbrev  0x000001b0       0x9d ./MCAL/DIO/DIO_program.o
 .debug_abbrev  0x0000024d       0xce ./HAL/Steper/Steper_program.o
 .debug_abbrev  0x0000031b       0x9f ./HAL/SEG/SEG_program.o
 .debug_abbrev  0x000003ba       0x74 ./HAL/LED/LED_program.o
 .debug_abbrev  0x0000042e      0x122 ./HAL/LCD/LCD_program.o
 .debug_abbrev  0x00000550       0xa7 ./HAL/KeyPade/KeyPade_program.o
 .debug_abbrev  0x000005f7       0x9c ./HAL/Button/Button_program.o
 .debug_abbrev  0x00000693       0x72 ./APP/main.o
 .debug_abbrev  0x00000705       0x5d c:/winavr-20100110/bin/../lib/gcc/avr/4.3.3/avr5\libgcc.a(_fixunssfsi.o)
 .debug_abbrev  0x00000762      0x1ea c:/winavr-20100110/bin/../lib/gcc/avr/4.3.3/avr5\libgcc.a(_addsub_sf.o)
 .debug_abbrev  0x0000094c      0x21b c:/winavr-20100110/bin/../lib/gcc/avr/4.3.3/avr5\libgcc.a(_mul_sf.o)
 .debug_abbrev  0x00000b67      0x15a c:/winavr-20100110/bin/../lib/gcc/avr/4.3.3/avr5\libgcc.a(_gt_sf.o)
 .debug_abbrev  0x00000cc1      0x15a c:/winavr-20100110/bin/../lib/gcc/avr/4.3.3/avr5\libgcc.a(_ge_sf.o)
 .debug_abbrev  0x00000e1b      0x15a c:/winavr-20100110/bin/../lib/gcc/avr/4.3.3/avr5\libgcc.a(_lt_sf.o)
 .debug_abbrev  0x00000f75      0x17f c:/winavr-20100110/bin/../lib/gcc/avr/4.3.3/avr5\libgcc.a(_sf_to_si.o)
 .debug_abbrev  0x000010f4       0xad c:/winavr-20100110/bin/../lib/gcc/avr/4.3.3/avr5\libgcc.a(_thenan_sf.o)
 .debug_abbrev  0x000011a1      0x1c0 c:/winavr-20100110/bin/../lib/gcc/avr/4.3.3/avr5\libgcc.a(_pack_sf.o)
 .debug_abbrev  0x00001361      0x154 c:/winavr-20100110/bin/../lib/gcc/avr/4.3.3/avr5\libgcc.a(_unpack_sf.o)
 .debug_abbrev  0x000014b5      0x13b c:/winavr-20100110/bin/../lib/gcc/avr/4.3.3/avr5\libgcc.a(_fpcmp_parts_sf.o)

.debug_line     0x00000000     0x21f4
 *(.debug_line)
 .debug_line    0x00000000      0x1a7 ./MCAL/TIM0/TIM0_program.o
 .debug_line    0x000001a7       0x9f ./MCAL/GIE/GIE_program.o
 .debug_line    0x00000246      0x1f5 ./MCAL/EXTI/EXTI_program.o
 .debug_line    0x0000043b      0x331 ./MCAL/DIO/DIO_program.o
 .debug_line    0x0000076c      0x16e ./HAL/Steper/Steper_program.o
 .debug_line    0x000008da      0x107 ./HAL/SEG/SEG_program.o
 .debug_line    0x000009e1      0x166 ./HAL/LED/LED_program.o
 .debug_line    0x00000b47      0x533 ./HAL/LCD/LCD_program.o
 .debug_line    0x0000107a      0x18f ./HAL/KeyPade/KeyPade_program.o
 .debug_line    0x00001209      0x14f ./HAL/Button/Button_program.o
 .debug_line    0x00001358       0xef ./APP/main.o
 .debug_line    0x00001447       0xa7 c:/winavr-20100110/bin/../lib/gcc/avr/4.3.3/avr5\libgcc.a(_fixunssfsi.o)
 .debug_line    0x000014ee      0x2af c:/winavr-20100110/bin/../lib/gcc/avr/4.3.3/avr5\libgcc.a(_addsub_sf.o)
 .debug_line    0x0000179d      0x239 c:/winavr-20100110/bin/../lib/gcc/avr/4.3.3/avr5\libgcc.a(_mul_sf.o)
 .debug_line    0x000019d6       0xd3 c:/winavr-20100110/bin/../lib/gcc/avr/4.3.3/avr5\libgcc.a(_gt_sf.o)
 .debug_line    0x00001aa9       0xd3 c:/winavr-20100110/bin/../lib/gcc/avr/4.3.3/avr5\libgcc.a(_ge_sf.o)
 .debug_line    0x00001b7c       0xd3 c:/winavr-20100110/bin/../lib/gcc/avr/4.3.3/avr5\libgcc.a(_lt_sf.o)
 .debug_line    0x00001c4f      0x109 c:/winavr-20100110/bin/../lib/gcc/avr/4.3.3/avr5\libgcc.a(_sf_to_si.o)
 .debug_line    0x00001d58       0x90 c:/winavr-20100110/bin/../lib/gcc/avr/4.3.3/avr5\libgcc.a(_thenan_sf.o)
 .debug_line    0x00001de8      0x18a c:/winavr-20100110/bin/../lib/gcc/avr/4.3.3/avr5\libgcc.a(_pack_sf.o)
 .debug_line    0x00001f72      0x14b c:/winavr-20100110/bin/../lib/gcc/avr/4.3.3/avr5\libgcc.a(_unpack_sf.o)
 .debug_line    0x000020bd      0x137 c:/winavr-20100110/bin/../lib/gcc/avr/4.3.3/avr5\libgcc.a(_fpcmp_parts_sf.o)

.debug_frame    0x00000000      0x4c0
 *(.debug_frame)
 .debug_frame   0x00000000       0x60 ./MCAL/TIM0/TIM0_program.o
 .debug_frame   0x00000060       0x30 ./MCAL/GIE/GIE_program.o
 .debug_frame   0x00000090       0x80 ./MCAL/EXTI/EXTI_program.o
 .debug_frame   0x00000110       0x70 ./MCAL/DIO/DIO_program.o
 .debug_frame   0x00000180       0x40 ./HAL/Steper/Steper_program.o
 .debug_frame   0x000001c0       0x40 ./HAL/SEG/SEG_program.o
 .debug_frame   0x00000200       0x40 ./HAL/LED/LED_program.o
 .debug_frame   0x00000240       0x80 ./HAL/LCD/LCD_program.o
 .debug_frame   0x000002c0       0x30 ./HAL/KeyPade/KeyPade_program.o
 .debug_frame   0x000002f0       0x40 ./HAL/Button/Button_program.o
 .debug_frame   0x00000330       0x30 ./APP/main.o
 .debug_frame   0x00000360       0x20 c:/winavr-20100110/bin/../lib/gcc/avr/4.3.3/avr5\libgcc.a(_fixunssfsi.o)
 .debug_frame   0x00000380       0x40 c:/winavr-20100110/bin/../lib/gcc/avr/4.3.3/avr5\libgcc.a(_addsub_sf.o)
 .debug_frame   0x000003c0       0x20 c:/winavr-20100110/bin/../lib/gcc/avr/4.3.3/avr5\libgcc.a(_mul_sf.o)
 .debug_frame   0x000003e0       0x20 c:/winavr-20100110/bin/../lib/gcc/avr/4.3.3/avr5\libgcc.a(_gt_sf.o)
 .debug_frame   0x00000400       0x20 c:/winavr-20100110/bin/../lib/gcc/avr/4.3.3/avr5\libgcc.a(_ge_sf.o)
 .debug_frame   0x00000420       0x20 c:/winavr-20100110/bin/../lib/gcc/avr/4.3.3/avr5\libgcc.a(_lt_sf.o)
 .debug_frame   0x00000440       0x20 c:/winavr-20100110/bin/../lib/gcc/avr/4.3.3/avr5\libgcc.a(_sf_to_si.o)
 .debug_frame   0x00000460       0x20 c:/winavr-20100110/bin/../lib/gcc/avr/4.3.3/avr5\libgcc.a(_pack_sf.o)
 .debug_frame   0x00000480       0x20 c:/winavr-20100110/bin/../lib/gcc/avr/4.3.3/avr5\libgcc.a(_unpack_sf.o)
 .debug_frame   0x000004a0       0x20 c:/winavr-20100110/bin/../lib/gcc/avr/4.3.3/avr5\libgcc.a(_fpcmp_parts_sf.o)

.debug_str      0x00000000      0x7f4
 *(.debug_str)
 .debug_str     0x00000000      0x141 ./MCAL/TIM0/TIM0_program.o
                                0x165 (size before relaxing)
 .debug_str     0x00000141       0x31 ./MCAL/GIE/GIE_program.o
                                0x10b (size before relaxing)
 .debug_str     0x00000172       0x97 ./MCAL/EXTI/EXTI_program.o
                                0x171 (size before relaxing)
 .debug_str     0x00000209       0xc4 ./MCAL/DIO/DIO_program.o
                                0x1a9 (size before relaxing)
 .debug_str     0x000002cd       0x70 ./HAL/Steper/Steper_program.o
                                0x14f (size before relaxing)
 .debug_str     0x0000033d       0x48 ./HAL/SEG/SEG_program.o
                                0x127 (size before relaxing)
 .debug_str     0x00000385       0x53 ./HAL/LED/LED_program.o
                                0x132 (size before relaxing)
 .debug_str     0x000003d8       0xf7 ./HAL/LCD/LCD_program.o
                                0x1f7 (size before relaxing)
 .debug_str     0x000004cf       0x57 ./HAL/KeyPade/KeyPade_program.o
                                0x136 (size before relaxing)
 .debug_str     0x00000526       0x77 ./HAL/Button/Button_program.o
                                0x156 (size before relaxing)
 .debug_str     0x0000059d       0x13 ./APP/main.o
                                0x10d (size before relaxing)
 .debug_str     0x000005b0       0x80 c:/winavr-20100110/bin/../lib/gcc/avr/4.3.3/avr5\libgcc.a(_fixunssfsi.o)
                                 0xfe (size before relaxing)
 .debug_str     0x00000630      0x143 c:/winavr-20100110/bin/../lib/gcc/avr/4.3.3/avr5\libgcc.a(_addsub_sf.o)
                                0x206 (size before relaxing)
 .debug_str     0x00000773       0x27 c:/winavr-20100110/bin/../lib/gcc/avr/4.3.3/avr5\libgcc.a(_mul_sf.o)
                                0x1bf (size before relaxing)
 .debug_str     0x0000079a        0xf c:/winavr-20100110/bin/../lib/gcc/avr/4.3.3/avr5\libgcc.a(_gt_sf.o)
                                0x195 (size before relaxing)
 .debug_str     0x000007a9        0x8 c:/winavr-20100110/bin/../lib/gcc/avr/4.3.3/avr5\libgcc.a(_ge_sf.o)
                                0x195 (size before relaxing)
 .debug_str     0x000007b1        0x8 c:/winavr-20100110/bin/../lib/gcc/avr/4.3.3/avr5\libgcc.a(_lt_sf.o)
                                0x195 (size before relaxing)
 .debug_str     0x000007b9        0xa c:/winavr-20100110/bin/../lib/gcc/avr/4.3.3/avr5\libgcc.a(_sf_to_si.o)
                                0x19e (size before relaxing)
 .debug_str     0x00000000      0x103 c:/winavr-20100110/bin/../lib/gcc/avr/4.3.3/avr5\libgcc.a(_thenan_sf.o)
 .debug_str     0x000007c3       0x16 c:/winavr-20100110/bin/../lib/gcc/avr/4.3.3/avr5\libgcc.a(_pack_sf.o)
                                0x19d (size before relaxing)
 .debug_str     0x000007d9        0xb c:/winavr-20100110/bin/../lib/gcc/avr/4.3.3/avr5\libgcc.a(_unpack_sf.o)
                                0x17f (size before relaxing)
 .debug_str     0x000007e4       0x10 c:/winavr-20100110/bin/../lib/gcc/avr/4.3.3/avr5\libgcc.a(_fpcmp_parts_sf.o)
                                0x163 (size before relaxing)

.debug_loc      0x00000000      0x7ce
 *(.debug_loc)
 .debug_loc     0x00000000       0x34 c:/winavr-20100110/bin/../lib/gcc/avr/4.3.3/avr5\libgcc.a(_fixunssfsi.o)
 .debug_loc     0x00000034      0x32a c:/winavr-20100110/bin/../lib/gcc/avr/4.3.3/avr5\libgcc.a(_addsub_sf.o)
 .debug_loc     0x0000035e      0x104 c:/winavr-20100110/bin/../lib/gcc/avr/4.3.3/avr5\libgcc.a(_mul_sf.o)
 .debug_loc     0x00000462       0x3c c:/winavr-20100110/bin/../lib/gcc/avr/4.3.3/avr5\libgcc.a(_gt_sf.o)
 .debug_loc     0x0000049e       0x3c c:/winavr-20100110/bin/../lib/gcc/avr/4.3.3/avr5\libgcc.a(_ge_sf.o)
 .debug_loc     0x000004da       0x3c c:/winavr-20100110/bin/../lib/gcc/avr/4.3.3/avr5\libgcc.a(_lt_sf.o)
 .debug_loc     0x00000516       0x7e c:/winavr-20100110/bin/../lib/gcc/avr/4.3.3/avr5\libgcc.a(_sf_to_si.o)
 .debug_loc     0x00000594      0x13e c:/winavr-20100110/bin/../lib/gcc/avr/4.3.3/avr5\libgcc.a(_pack_sf.o)
 .debug_loc     0x000006d2       0xac c:/winavr-20100110/bin/../lib/gcc/avr/4.3.3/avr5\libgcc.a(_unpack_sf.o)
 .debug_loc     0x0000077e       0x50 c:/winavr-20100110/bin/../lib/gcc/avr/4.3.3/avr5\libgcc.a(_fpcmp_parts_sf.o)

.debug_macinfo
 *(.debug_macinfo)
OUTPUT(TIMER0.elf elf32-avr)
LOAD linker stubs

.debug_ranges   0x00000000      0x258
 .debug_ranges  0x00000000       0x38 ./MCAL/TIM0/TIM0_program.o
 .debug_ranges  0x00000038       0x20 ./MCAL/GIE/GIE_program.o
 .debug_ranges  0x00000058       0x48 ./MCAL/EXTI/EXTI_program.o
 .debug_ranges  0x000000a0       0x40 ./MCAL/DIO/DIO_program.o
 .debug_ranges  0x000000e0       0x28 ./HAL/Steper/Steper_program.o
 .debug_ranges  0x00000108       0x28 ./HAL/SEG/SEG_program.o
 .debug_ranges  0x00000130       0x28 ./HAL/LED/LED_program.o
 .debug_ranges  0x00000158       0x48 ./HAL/LCD/LCD_program.o
 .debug_ranges  0x000001a0       0x20 ./HAL/KeyPade/KeyPade_program.o
 .debug_ranges  0x000001c0       0x28 ./HAL/Button/Button_program.o
 .debug_ranges  0x000001e8       0x20 ./APP/main.o
 .debug_ranges  0x00000208       0x50 c:/winavr-20100110/bin/../lib/gcc/avr/4.3.3/avr5\libgcc.a(_mul_sf.o)
