Archive member included because of file (symbol)

c:/winavr-20100110/bin/../lib/gcc/avr/4.3.3/avr5\libgcc.a(_mulsi3.o)
                              ./MCAL/I2C/I2C_program.o (__mulsi3)
c:/winavr-20100110/bin/../lib/gcc/avr/4.3.3/avr5\libgcc.a(_udivmodsi4.o)
                              ./MCAL/UART/UART_program.o (__udivmodsi4)
c:/winavr-20100110/bin/../lib/gcc/avr/4.3.3/avr5\libgcc.a(_exit.o)
                              c:/winavr-20100110/bin/../lib/gcc/avr/4.3.3/../../../../avr/lib/avr5/crtm32.o (exit)
c:/winavr-20100110/bin/../lib/gcc/avr/4.3.3/avr5\libgcc.a(_copy_data.o)
                              ./MCAL/UART/UART_program.o (__do_copy_data)
c:/winavr-20100110/bin/../lib/gcc/avr/4.3.3/avr5\libgcc.a(_clear_bss.o)
                              ./MCAL/UART/UART_program.o (__do_clear_bss)
c:/winavr-20100110/bin/../lib/gcc/avr/4.3.3/avr5\libgcc.a(_fixunssfsi.o)
                              ./HAL/Motor/Motor_program.o (__fixunssfsi)
c:/winavr-20100110/bin/../lib/gcc/avr/4.3.3/avr5\libgcc.a(_addsub_sf.o)
                              c:/winavr-20100110/bin/../lib/gcc/avr/4.3.3/avr5\libgcc.a(_fixunssfsi.o) (__subsf3)
c:/winavr-20100110/bin/../lib/gcc/avr/4.3.3/avr5\libgcc.a(_mul_sf.o)
                              ./HAL/Motor/Motor_program.o (__mulsf3)
c:/winavr-20100110/bin/../lib/gcc/avr/4.3.3/avr5\libgcc.a(_gt_sf.o)
                              ./HAL/Motor/Motor_program.o (__gtsf2)
c:/winavr-20100110/bin/../lib/gcc/avr/4.3.3/avr5\libgcc.a(_ge_sf.o)
                              c:/winavr-20100110/bin/../lib/gcc/avr/4.3.3/avr5\libgcc.a(_fixunssfsi.o) (__gesf2)
c:/winavr-20100110/bin/../lib/gcc/avr/4.3.3/avr5\libgcc.a(_lt_sf.o)
                              ./HAL/Motor/Motor_program.o (__ltsf2)
c:/winavr-20100110/bin/../lib/gcc/avr/4.3.3/avr5\libgcc.a(_sf_to_si.o)
                              c:/winavr-20100110/bin/../lib/gcc/avr/4.3.3/avr5\libgcc.a(_fixunssfsi.o) (__fixsfsi)
c:/winavr-20100110/bin/../lib/gcc/avr/4.3.3/avr5\libgcc.a(_thenan_sf.o)
                              c:/winavr-20100110/bin/../lib/gcc/avr/4.3.3/avr5\libgcc.a(_addsub_sf.o) (__thenan_sf)
c:/winavr-20100110/bin/../lib/gcc/avr/4.3.3/avr5\libgcc.a(_prologue.o)
                              c:/winavr-20100110/bin/../lib/gcc/avr/4.3.3/avr5\libgcc.a(_addsub_sf.o) (__prologue_saves__)
c:/winavr-20100110/bin/../lib/gcc/avr/4.3.3/avr5\libgcc.a(_epilogue.o)
                              c:/winavr-20100110/bin/../lib/gcc/avr/4.3.3/avr5\libgcc.a(_addsub_sf.o) (__epilogue_restores__)
c:/winavr-20100110/bin/../lib/gcc/avr/4.3.3/avr5\libgcc.a(_pack_sf.o)
                              c:/winavr-20100110/bin/../lib/gcc/avr/4.3.3/avr5\libgcc.a(_addsub_sf.o) (__pack_f)
c:/winavr-20100110/bin/../lib/gcc/avr/4.3.3/avr5\libgcc.a(_unpack_sf.o)
                              c:/winavr-20100110/bin/../lib/gcc/avr/4.3.3/avr5\libgcc.a(_addsub_sf.o) (__unpack_f)
c:/winavr-20100110/bin/../lib/gcc/avr/4.3.3/avr5\libgcc.a(_fpcmp_parts_sf.o)
                              c:/winavr-20100110/bin/../lib/gcc/avr/4.3.3/avr5\libgcc.a(_gt_sf.o) (__fpcmp_parts_f)
c:/winavr-20100110/bin/../lib/gcc/avr/4.3.3/../../../../avr/lib/avr5\libc.a(strcmp.o)
                              ./APP/main.o (strcmp)
c:/winavr-20100110/bin/../lib/gcc/avr/4.3.3/../../../../avr/lib/avr5\libc.a(itoa.o)
                              ./HAL/LCD/LCD_program.o (itoa)
c:/winavr-20100110/bin/../lib/gcc/avr/4.3.3/../../../../avr/lib/avr5\libc.a(strrev.o)
                              c:/winavr-20100110/bin/../lib/gcc/avr/4.3.3/../../../../avr/lib/avr5\libc.a(itoa.o) (strrev)
c:/winavr-20100110/bin/../lib/gcc/avr/4.3.3/avr5\libgcc.a(_udivmodhi4.o)
                              c:/winavr-20100110/bin/../lib/gcc/avr/4.3.3/../../../../avr/lib/avr5\libc.a(itoa.o) (__udivmodhi4)

Allocating common symbols
Common symbol       size              file

preload             0x4               ./MCAL/TIM0/TIM0_program.o
func_ptr_ovf        0x2               ./MCAL/TIM0/TIM0_program.o
NoCounts            0x4               ./MCAL/TIM0/TIM0_program.o
callback_ptr1       0x2               ./MCAL/EXTI/EXTI_program.o
NAME                0x14              ./APP/main.o
callback_ptr2       0x2               ./MCAL/EXTI/EXTI_program.o
callback_ptr3       0x2               ./MCAL/EXTI/EXTI_program.o
data                0x1               ./APP/main.o
tim1_callback_ptr   0x2               ./MCAL/TIM1/TIM1_program.o
func_ptr_ctc        0x2               ./MCAL/TIM0/TIM0_program.o

Memory Configuration

Name             Origin             Length             Attributes
text             0x00000000         0x00020000         xr
data             0x00800060         0x0000ffa0         rw !x
eeprom           0x00810000         0x00010000         rw !x
fuse             0x00820000         0x00000400         rw !x
lock             0x00830000         0x00000400         rw !x
signature        0x00840000         0x00000400         rw !x
*default*        0x00000000         0xffffffff

Linker script and memory map

LOAD c:/winavr-20100110/bin/../lib/gcc/avr/4.3.3/../../../../avr/lib/avr5/crtm32.o
LOAD ./MCAL/USART/USART_programe.o
LOAD ./MCAL/UART/UART_program.o
LOAD ./MCAL/TIM1/TIM1_program.o
LOAD ./MCAL/TIM0/TIM0_program.o
LOAD ./MCAL/SPI/SPI_Program.o
LOAD ./MCAL/I2C/I2C_program.o
LOAD ./MCAL/GIE/GIE_program.o
LOAD ./MCAL/EXTI/EXTI_program.o
LOAD ./MCAL/DIO/DIO_program.o
LOAD ./MCAL/ADC/ADC_program.o
LOAD ./HAL/Stepper/Stepper_program.o
LOAD ./HAL/SevenSegment/SS_program.o
LOAD ./HAL/Servo/Servo_program.o
LOAD ./HAL/Motor/Motor_program.o
LOAD ./HAL/LED/LED_program.o
LOAD ./HAL/LCD/LCD_program.o
LOAD ./HAL/KeyPade/KeyPade_program.o
LOAD ./HAL/ICU/ICU_program.o
LOAD ./HAL/EEPROM/EEPROM_program.o
LOAD ./HAL/Bluetooth/Bluetooth_programe.o
LOAD ./HAL/BUZZER/BUZZER_programe.o
LOAD ./APP/main.o
LOAD c:/winavr-20100110/bin/../lib/gcc/avr/4.3.3/avr5\libgcc.a
LOAD c:/winavr-20100110/bin/../lib/gcc/avr/4.3.3/../../../../avr/lib/avr5\libc.a
LOAD c:/winavr-20100110/bin/../lib/gcc/avr/4.3.3/avr5\libgcc.a

.hash
 *(.hash)

.dynsym
 *(.dynsym)

.dynstr
 *(.dynstr)

.gnu.version
 *(.gnu.version)

.gnu.version_d
 *(.gnu.version_d)

.gnu.version_r
 *(.gnu.version_r)

.rel.init
 *(.rel.init)

.rela.init
 *(.rela.init)

.rel.text
 *(.rel.text)
 *(.rel.text.*)
 *(.rel.gnu.linkonce.t*)

.rela.text
 *(.rela.text)
 *(.rela.text.*)
 *(.rela.gnu.linkonce.t*)

.rel.fini
 *(.rel.fini)

.rela.fini
 *(.rela.fini)

.rel.rodata
 *(.rel.rodata)
 *(.rel.rodata.*)
 *(.rel.gnu.linkonce.r*)

.rela.rodata
 *(.rela.rodata)
 *(.rela.rodata.*)
 *(.rela.gnu.linkonce.r*)

.rel.data
 *(.rel.data)
 *(.rel.data.*)
 *(.rel.gnu.linkonce.d*)

.rela.data
 *(.rela.data)
 *(.rela.data.*)
 *(.rela.gnu.linkonce.d*)

.rel.ctors
 *(.rel.ctors)

.rela.ctors
 *(.rela.ctors)

.rel.dtors
 *(.rel.dtors)

.rela.dtors
 *(.rela.dtors)

.rel.got
 *(.rel.got)

.rela.got
 *(.rela.got)

.rel.bss
 *(.rel.bss)

.rela.bss
 *(.rela.bss)

.rel.plt
 *(.rel.plt)

.rela.plt
 *(.rela.plt)

.text           0x00000000     0x4e9e
 *(.vectors)
 .vectors       0x00000000       0x54 c:/winavr-20100110/bin/../lib/gcc/avr/4.3.3/../../../../avr/lib/avr5/crtm32.o
                0x00000000                __vectors
                0x00000000                __vector_default
 *(.vectors)
 *(.progmem.gcc*)
 *(.progmem*)
                0x00000054                . = ALIGN (0x2)
                0x00000054                __trampolines_start = .
 *(.trampolines)
 .trampolines   0x00000054        0x0 linker stubs
 *(.trampolines*)
                0x00000054                __trampolines_end = .
 *(.jumptables)
 *(.jumptables*)
 *(.lowtext)
 *(.lowtext*)
                0x00000054                __ctors_start = .
 *(.ctors)
                0x00000054                __ctors_end = .
                0x00000054                __dtors_start = .
 *(.dtors)
                0x00000054                __dtors_end = .
 SORT(*)(.ctors)
 SORT(*)(.dtors)
 *(.init0)
 .init0         0x00000054        0x0 c:/winavr-20100110/bin/../lib/gcc/avr/4.3.3/../../../../avr/lib/avr5/crtm32.o
                0x00000054                __init
 *(.init0)
 *(.init1)
 *(.init1)
 *(.init2)
 .init2         0x00000054        0xc c:/winavr-20100110/bin/../lib/gcc/avr/4.3.3/../../../../avr/lib/avr5/crtm32.o
 *(.init2)
 *(.init3)
 *(.init3)
 *(.init4)
 .init4         0x00000060       0x16 c:/winavr-20100110/bin/../lib/gcc/avr/4.3.3/avr5\libgcc.a(_copy_data.o)
                0x00000060                __do_copy_data
 .init4         0x00000076       0x10 c:/winavr-20100110/bin/../lib/gcc/avr/4.3.3/avr5\libgcc.a(_clear_bss.o)
                0x00000076                __do_clear_bss
 *(.init4)
 *(.init5)
 *(.init5)
 *(.init6)
 *(.init6)
 *(.init7)
 *(.init7)
 *(.init8)
 *(.init8)
 *(.init9)
 .init9         0x00000086        0x8 c:/winavr-20100110/bin/../lib/gcc/avr/4.3.3/../../../../avr/lib/avr5/crtm32.o
 *(.init9)
 *(.text)
 .text          0x0000008e        0x4 c:/winavr-20100110/bin/../lib/gcc/avr/4.3.3/../../../../avr/lib/avr5/crtm32.o
                0x0000008e                __bad_interrupt
                0x0000008e                __vector_17
                0x0000008e                __vector_19
                0x0000008e                __vector_7
                0x0000008e                __vector_5
                0x0000008e                __vector_4
                0x0000008e                __vector_9
                0x0000008e                __vector_15
                0x0000008e                __vector_8
                0x0000008e                __vector_14
                0x0000008e                __vector_16
                0x0000008e                __vector_18
                0x0000008e                __vector_20
 .text          0x00000092        0x0 ./MCAL/USART/USART_programe.o
 .text          0x00000092        0x0 ./MCAL/UART/UART_program.o
 .text          0x00000092        0x0 ./MCAL/TIM1/TIM1_program.o
 .text          0x00000092        0x0 ./MCAL/TIM0/TIM0_program.o
 .text          0x00000092        0x0 ./MCAL/SPI/SPI_Program.o
 .text          0x00000092        0x0 ./MCAL/I2C/I2C_program.o
 .text          0x00000092        0x0 ./MCAL/GIE/GIE_program.o
 .text          0x00000092        0x0 ./MCAL/EXTI/EXTI_program.o
 .text          0x00000092        0x0 ./MCAL/DIO/DIO_program.o
 .text          0x00000092        0x0 ./MCAL/ADC/ADC_program.o
 .text          0x00000092        0x0 ./HAL/Stepper/Stepper_program.o
 .text          0x00000092        0x0 ./HAL/SevenSegment/SS_program.o
 .text          0x00000092        0x0 ./HAL/Servo/Servo_program.o
 .text          0x00000092        0x0 ./HAL/Motor/Motor_program.o
 .text          0x00000092        0x0 ./HAL/LED/LED_program.o
 .text          0x00000092        0x0 ./HAL/LCD/LCD_program.o
 .text          0x00000092        0x0 ./HAL/KeyPade/KeyPade_program.o
 .text          0x00000092        0x0 ./HAL/ICU/ICU_program.o
 .text          0x00000092        0x0 ./HAL/EEPROM/EEPROM_program.o
 .text          0x00000092        0x0 ./HAL/Bluetooth/Bluetooth_programe.o
 .text          0x00000092        0x0 ./HAL/BUZZER/BUZZER_programe.o
 .text          0x00000092        0x0 ./APP/main.o
 .text          0x00000092        0x0 c:/winavr-20100110/bin/../lib/gcc/avr/4.3.3/avr5\libgcc.a(_mulsi3.o)
 .text          0x00000092        0x0 c:/winavr-20100110/bin/../lib/gcc/avr/4.3.3/avr5\libgcc.a(_udivmodsi4.o)
 .text          0x00000092        0x0 c:/winavr-20100110/bin/../lib/gcc/avr/4.3.3/avr5\libgcc.a(_exit.o)
 .text          0x00000092        0x0 c:/winavr-20100110/bin/../lib/gcc/avr/4.3.3/avr5\libgcc.a(_copy_data.o)
 .text          0x00000092        0x0 c:/winavr-20100110/bin/../lib/gcc/avr/4.3.3/avr5\libgcc.a(_clear_bss.o)
 .text          0x00000092       0x58 c:/winavr-20100110/bin/../lib/gcc/avr/4.3.3/avr5\libgcc.a(_fixunssfsi.o)
                0x00000092                __fixunssfsi
 .text          0x000000ea      0x354 c:/winavr-20100110/bin/../lib/gcc/avr/4.3.3/avr5\libgcc.a(_addsub_sf.o)
                0x00000382                __subsf3
                0x000003e4                __addsf3
 .text          0x0000043e      0x1f4 c:/winavr-20100110/bin/../lib/gcc/avr/4.3.3/avr5\libgcc.a(_mul_sf.o)
                0x0000043e                __mulsf3
 .text          0x00000632       0x60 c:/winavr-20100110/bin/../lib/gcc/avr/4.3.3/avr5\libgcc.a(_gt_sf.o)
                0x00000632                __gtsf2
 .text          0x00000692       0x60 c:/winavr-20100110/bin/../lib/gcc/avr/4.3.3/avr5\libgcc.a(_ge_sf.o)
                0x00000692                __gesf2
 .text          0x000006f2       0x60 c:/winavr-20100110/bin/../lib/gcc/avr/4.3.3/avr5\libgcc.a(_lt_sf.o)
                0x000006f2                __ltsf2
 .text          0x00000752       0xa8 c:/winavr-20100110/bin/../lib/gcc/avr/4.3.3/avr5\libgcc.a(_sf_to_si.o)
                0x00000752                __fixsfsi
 .text          0x000007fa        0x0 c:/winavr-20100110/bin/../lib/gcc/avr/4.3.3/avr5\libgcc.a(_thenan_sf.o)
 .text          0x000007fa        0x0 c:/winavr-20100110/bin/../lib/gcc/avr/4.3.3/avr5\libgcc.a(_prologue.o)
 .text          0x000007fa        0x0 c:/winavr-20100110/bin/../lib/gcc/avr/4.3.3/avr5\libgcc.a(_epilogue.o)
 .text          0x000007fa      0x1aa c:/winavr-20100110/bin/../lib/gcc/avr/4.3.3/avr5\libgcc.a(_pack_sf.o)
                0x000007fa                __pack_f
 .text          0x000009a4       0xf0 c:/winavr-20100110/bin/../lib/gcc/avr/4.3.3/avr5\libgcc.a(_unpack_sf.o)
                0x000009a4                __unpack_f
 .text          0x00000a94       0xb2 c:/winavr-20100110/bin/../lib/gcc/avr/4.3.3/avr5\libgcc.a(_fpcmp_parts_sf.o)
                0x00000a94                __fpcmp_parts_f
 .text          0x00000b46        0x0 c:/winavr-20100110/bin/../lib/gcc/avr/4.3.3/../../../../avr/lib/avr5\libc.a(strcmp.o)
 .text          0x00000b46        0x0 c:/winavr-20100110/bin/../lib/gcc/avr/4.3.3/../../../../avr/lib/avr5\libc.a(itoa.o)
 .text          0x00000b46        0x0 c:/winavr-20100110/bin/../lib/gcc/avr/4.3.3/../../../../avr/lib/avr5\libc.a(strrev.o)
 .text          0x00000b46        0x0 c:/winavr-20100110/bin/../lib/gcc/avr/4.3.3/avr5\libgcc.a(_udivmodhi4.o)
                0x00000b46                . = ALIGN (0x2)
 *(.text.*)
 .text.USART_enuInit
                0x00000b46       0xba ./MCAL/USART/USART_programe.o
                0x00000b46                USART_enuInit
 .text.USART_enuSendCharacter
                0x00000c00       0x3e ./MCAL/USART/USART_programe.o
                0x00000c00                USART_enuSendCharacter
 .text.USART_enuReceiveCharacter
                0x00000c3e       0x48 ./MCAL/USART/USART_programe.o
                0x00000c3e                USART_enuReceiveCharacter
 .text.USART_enuSendString
                0x00000c86       0x6c ./MCAL/USART/USART_programe.o
                0x00000c86                USART_enuSendString
 .text.USART_enuReceiveStringUntilEnter
                0x00000cf2       0x88 ./MCAL/USART/USART_programe.o
                0x00000cf2                USART_enuReceiveStringUntilEnter
 .text.USART_enuReceiveStringWithKey
                0x00000d7a       0x9a ./MCAL/USART/USART_programe.o
                0x00000d7a                USART_enuReceiveStringWithKey
 .text.MCAL_UART_init
                0x00000e14      0x1f2 ./MCAL/UART/UART_program.o
                0x00000e14                MCAL_UART_init
 .text.MCAL_UART_Send
                0x00001006       0x34 ./MCAL/UART/UART_program.o
                0x00001006                MCAL_UART_Send
 .text.MCAL_UART_Receive
                0x0000103a       0x1e ./MCAL/UART/UART_program.o
                0x0000103a                MCAL_UART_Receive
 .text.MCAL_UART_SndNumberU32
                0x00001058       0x64 ./MCAL/UART/UART_program.o
                0x00001058                MCAL_UART_SndNumberU32
 .text.MCAL_UART_ReceiveNumberU32
                0x000010bc       0x7c ./MCAL/UART/UART_program.o
                0x000010bc                MCAL_UART_ReceiveNumberU32
 .text.MCAL_UART_Send_Str
                0x00001138       0x58 ./MCAL/UART/UART_program.o
                0x00001138                MCAL_UART_Send_Str
 .text.MCAL_UART_Receive_Str
                0x00001190       0x86 ./MCAL/UART/UART_program.o
                0x00001190                MCAL_UART_Receive_Str
 .text.MCAL_UART_Receive_perodicCheck
                0x00001216       0x3c ./MCAL/UART/UART_program.o
                0x00001216                MCAL_UART_Receive_perodicCheck
 .text.MCAL_UART_SendNoBlock
                0x00001252       0x1c ./MCAL/UART/UART_program.o
                0x00001252                MCAL_UART_SendNoBlock
 .text.MCAL_UART_ReceiveNoBlock
                0x0000126e       0x14 ./MCAL/UART/UART_program.o
                0x0000126e                MCAL_UART_ReceiveNoBlock
 .text.MCAL_UART_SendString_Asynch
                0x00001282       0x2e ./MCAL/UART/UART_program.o
                0x00001282                MCAL_UART_SendString_Asynch
 .text.ISR      0x000012b0       0x68 ./MCAL/UART/UART_program.o
                0x000012b0                ISR
 .text.__vector_13
                0x00001318       0x2c ./MCAL/UART/UART_program.o
                0x00001318                __vector_13
 .text.TIM1_voidInit
                0x00001344       0x78 ./MCAL/TIM1/TIM1_program.o
                0x00001344                TIM1_voidInit
 .text.TIM1_voidICUInit
                0x000013bc       0x86 ./MCAL/TIM1/TIM1_program.o
                0x000013bc                TIM1_voidICUInit
 .text.TIM1_SetEdge
                0x00001442       0x54 ./MCAL/TIM1/TIM1_program.o
                0x00001442                TIM1_SetEdge
 .text.TIM1_GetICRValue
                0x00001496       0x16 ./MCAL/TIM1/TIM1_program.o
                0x00001496                TIM1_GetICRValue
 .text.TIM1_setCallback
                0x000014ac       0x24 ./MCAL/TIM1/TIM1_program.o
                0x000014ac                TIM1_setCallback
 .text.__vector_6
                0x000014d0       0x5a ./MCAL/TIM1/TIM1_program.o
                0x000014d0                __vector_6
 .text.TIM1_GetCounterValueUs
                0x0000152a       0x16 ./MCAL/TIM1/TIM1_program.o
                0x0000152a                TIM1_GetCounterValueUs
 .text.TIM1_ClearCounterValue
                0x00001540       0x16 ./MCAL/TIM1/TIM1_program.o
                0x00001540                TIM1_ClearCounterValue
 .text.TIM1_voidFPWMInit
                0x00001556       0xc6 ./MCAL/TIM1/TIM1_program.o
                0x00001556                TIM1_voidFPWMInit
 .text.TIM1_setDutyCycle
                0x0000161c       0x5c ./MCAL/TIM1/TIM1_program.o
                0x0000161c                TIM1_setDutyCycle
 .text.TIM0_Init
                0x00001678       0x38 ./MCAL/TIM0/TIM0_program.o
                0x00001678                TIM0_Init
 .text.TIM0_SetValueUS
                0x000016b0       0xc0 ./MCAL/TIM0/TIM0_program.o
                0x000016b0                TIM0_SetValueUS
 .text.TIM0_Disable
                0x00001770       0x38 ./MCAL/TIM0/TIM0_program.o
                0x00001770                TIM0_Disable
 .text.TIM0_SetOVFCallback
                0x000017a8       0x24 ./MCAL/TIM0/TIM0_program.o
                0x000017a8                TIM0_SetOVFCallback
 .text.TIM0_SetCTCCallback
                0x000017cc       0x24 ./MCAL/TIM0/TIM0_program.o
                0x000017cc                TIM0_SetCTCCallback
 .text.__vector_11
                0x000017f0       0xd0 ./MCAL/TIM0/TIM0_program.o
                0x000017f0                __vector_11
 .text.__vector_10
                0x000018c0       0xba ./MCAL/TIM0/TIM0_program.o
                0x000018c0                __vector_10
 .text.SPI_voidINIT
                0x0000197a       0x88 ./MCAL/SPI/SPI_Program.o
                0x0000197a                SPI_voidINIT
 .text.SPI_voidSend_Receive
                0x00001a02       0x44 ./MCAL/SPI/SPI_Program.o
                0x00001a02                SPI_voidSend_Receive
 .text.SPI_u8receive
                0x00001a46       0x1e ./MCAL/SPI/SPI_Program.o
                0x00001a46                SPI_u8receive
 .text.SPI_Enable_Interrupt
                0x00001a64       0x1c ./MCAL/SPI/SPI_Program.o
                0x00001a64                SPI_Enable_Interrupt
 .text.SPI_Disable_Interrupt
                0x00001a80       0x1c ./MCAL/SPI/SPI_Program.o
                0x00001a80                SPI_Disable_Interrupt
 .text.SPI_SetCallback
                0x00001a9c       0x24 ./MCAL/SPI/SPI_Program.o
                0x00001a9c                SPI_SetCallback
 .text.__vector_12
                0x00001ac0       0x24 ./MCAL/SPI/SPI_Program.o
                0x00001ac0                __vector_12
 .text.I2C_InitMaster
                0x00001ae4       0x80 ./MCAL/I2C/I2C_program.o
                0x00001ae4                I2C_InitMaster
 .text.I2C_InitSlave
                0x00001b64       0x24 ./MCAL/I2C/I2C_program.o
                0x00001b64                I2C_InitSlave
 .text.I2C_SendStart
                0x00001b88       0x2e ./MCAL/I2C/I2C_program.o
                0x00001b88                I2C_SendStart
 .text.I2C_SendRepStart
                0x00001bb6       0x3c ./MCAL/I2C/I2C_program.o
                0x00001bb6                I2C_SendRepStart
 .text.I2C_SendAddress
                0x00001bf2       0x4e ./MCAL/I2C/I2C_program.o
                0x00001bf2                I2C_SendAddress
 .text.I2C_SendData
                0x00001c40       0x3c ./MCAL/I2C/I2C_program.o
                0x00001c40                I2C_SendData
 .text.I2C_SendStop
                0x00001c7c       0x32 ./MCAL/I2C/I2C_program.o
                0x00001c7c                I2C_SendStop
 .text.I2C_ReceiveWihtAck
                0x00001cae       0x2c ./MCAL/I2C/I2C_program.o
                0x00001cae                I2C_ReceiveWihtAck
 .text.I2C_ReceiveWithoutAck
                0x00001cda       0x2c ./MCAL/I2C/I2C_program.o
                0x00001cda                I2C_ReceiveWithoutAck
 .text.I2C_SendFram
                0x00001d06       0xaa ./MCAL/I2C/I2C_program.o
                0x00001d06                I2C_SendFram
 .text.GIE_Enable
                0x00001db0       0x1c ./MCAL/GIE/GIE_program.o
                0x00001db0                GIE_Enable
 .text.GIE_Disable
                0x00001dcc       0x1c ./MCAL/GIE/GIE_program.o
                0x00001dcc                GIE_Disable
 .text.EXTI_SetMode
                0x00001de8       0xd0 ./MCAL/EXTI/EXTI_program.o
                0x00001de8                EXTI_SetMode
 .text.EXTI_Enable
                0x00001eb8       0x70 ./MCAL/EXTI/EXTI_program.o
                0x00001eb8                EXTI_Enable
 .text.EXTI_Disable
                0x00001f28       0x70 ./MCAL/EXTI/EXTI_program.o
                0x00001f28                EXTI_Disable
 .text.EXTI_SetCallback
                0x00001f98       0x74 ./MCAL/EXTI/EXTI_program.o
                0x00001f98                EXTI_SetCallback
 .text.__vector_1
                0x0000200c       0x5a ./MCAL/EXTI/EXTI_program.o
                0x0000200c                __vector_1
 .text.__vector_2
                0x00002066       0x5a ./MCAL/EXTI/EXTI_program.o
                0x00002066                __vector_2
 .text.__vector_3
                0x000020c0       0x5a ./MCAL/EXTI/EXTI_program.o
                0x000020c0                __vector_3
 .text.DIO_u8SetPinValue
                0x0000211a      0x214 ./MCAL/DIO/DIO_program.o
                0x0000211a                DIO_u8SetPinValue
 .text.DIO_u8SetPinDirection
                0x0000232e      0x214 ./MCAL/DIO/DIO_program.o
                0x0000232e                DIO_u8SetPinDirection
 .text.DIO_u8GET_BIT
                0x00002542       0xfe ./MCAL/DIO/DIO_program.o
                0x00002542                DIO_u8GET_BIT
 .text.DIO_u8GetPort
                0x00002640       0x90 ./MCAL/DIO/DIO_program.o
                0x00002640                DIO_u8GetPort
 .text.DIO_u8SetPortValue
                0x000026d0       0x92 ./MCAL/DIO/DIO_program.o
                0x000026d0                DIO_u8SetPortValue
 .text.DIO_u8SetPortDirection
                0x00002762       0xa0 ./MCAL/DIO/DIO_program.o
                0x00002762                DIO_u8SetPortDirection
 .text.ADC_Init
                0x00002802       0x3a ./MCAL/ADC/ADC_program.o
                0x00002802                ADC_Init
 .text.ADC_StartConversion
                0x0000283c       0x6c ./MCAL/ADC/ADC_program.o
                0x0000283c                ADC_StartConversion
 .text.Stepper_Init
                0x000028a8       0x58 ./HAL/Stepper/Stepper_program.o
                0x000028a8                Stepper_Init
 .text.Stepper_StepCW
                0x00002900       0x92 ./HAL/Stepper/Stepper_program.o
                0x00002900                Stepper_StepCW
 .text.Stepper_StepCCW
                0x00002992       0x94 ./HAL/Stepper/Stepper_program.o
                0x00002992                Stepper_StepCCW
 .text.SevenSegment_voidInit
                0x00002a26       0x22 ./HAL/SevenSegment/SS_program.o
                0x00002a26                SevenSegment_voidInit
 .text.SevenSegment_voidSetValue
                0x00002a48       0x3e ./HAL/SevenSegment/SS_program.o
                0x00002a48                SevenSegment_voidSetValue
 .text.SevenSegment_voidClear
                0x00002a86       0x2a ./HAL/SevenSegment/SS_program.o
                0x00002a86                SevenSegment_voidClear
 .text.Servo_Init
                0x00002ab0       0x2a ./HAL/Servo/Servo_program.o
                0x00002ab0                Servo_Init
 .text.Servo_SetAngle
                0x00002ada       0xc2 ./HAL/Servo/Servo_program.o
                0x00002ada                Servo_SetAngle
 .text.Motor_Init
                0x00002b9c       0x26 ./HAL/Motor/Motor_program.o
                0x00002b9c                Motor_Init
 .text.Motor_SetDirection
                0x00002bc2      0x23a ./HAL/Motor/Motor_program.o
                0x00002bc2                Motor_SetDirection
 .text.Motor_Stop
                0x00002dfc       0x22 ./HAL/Motor/Motor_program.o
                0x00002dfc                Motor_Stop
 .text.LED_voidInit
                0x00002e1e       0x9c ./HAL/LED/LED_program.o
                0x00002e1e                LED_voidInit
 .text.LED_voidSetLEDHigh
                0x00002eba       0x9c ./HAL/LED/LED_program.o
                0x00002eba                LED_voidSetLEDHigh
 .text.LED_voidSetLEDLow
                0x00002f56       0x9c ./HAL/LED/LED_program.o
                0x00002f56                LED_voidSetLEDLow
 .text.HLCD_voidinit
                0x00002ff2      0x3f4 ./HAL/LCD/LCD_program.o
                0x00002ff2                HLCD_voidinit
 .text.HLCD_voidCommand
                0x000033e6       0x3c ./HAL/LCD/LCD_program.o
                0x000033e6                HLCD_voidCommand
 .text.HLCD_voidSetDDRAM_Address
                0x00003422       0x20 ./HAL/LCD/LCD_program.o
                0x00003422                HLCD_voidSetDDRAM_Address
 .text.HLCD_voidSendPulse
                0x00003442      0x202 ./HAL/LCD/LCD_program.o
 .text.HLCD_SendData
                0x00003644       0x3c ./HAL/LCD/LCD_program.o
                0x00003644                HLCD_SendData
 .text.HLCD_PrintString
                0x00003680       0x7a ./HAL/LCD/LCD_program.o
                0x00003680                HLCD_PrintString
 .text.LCD_display_number
                0x000036fa       0x46 ./HAL/LCD/LCD_program.o
                0x000036fa                LCD_display_number
 .text.HLCD_GOTO_XY
                0x00003740       0x40 ./HAL/LCD/LCD_program.o
                0x00003740                HLCD_GOTO_XY
 .text.Keypad_init
                0x00003780       0x86 ./HAL/KeyPade/KeyPade_program.o
                0x00003780                Keypad_init
 .text.Keypad_getkey
                0x00003806       0x76 ./HAL/KeyPade/KeyPade_program.o
                0x00003806                Keypad_getkey
 .text.ICU_Init
                0x0000387c       0x3a ./HAL/ICU/ICU_program.o
                0x0000387c                ICU_Init
 .text.ICU_GetOnTimeUs
                0x000038b6       0x16 ./HAL/ICU/ICU_program.o
                0x000038b6                ICU_GetOnTimeUs
 .text.ICU_GetPeriodUs
                0x000038cc       0x16 ./HAL/ICU/ICU_program.o
                0x000038cc                ICU_GetPeriodUs
 .text.ICU_GetDutyCycle
                0x000038e2       0x5a ./HAL/ICU/ICU_program.o
                0x000038e2                ICU_GetDutyCycle
 .text.EXTI_Callback
                0x0000393c       0x84 ./HAL/ICU/ICU_program.o
                0x0000393c                EXTI_Callback
 .text.EEPROM_Init
                0x000039c0       0x3e ./HAL/EEPROM/EEPROM_program.o
                0x000039c0                EEPROM_Init
 .text.EEPROM_SendByte
                0x000039fe       0xb0 ./HAL/EEPROM/EEPROM_program.o
                0x000039fe                EEPROM_SendByte
 .text.EEPROM_SendFram
                0x00003aae       0x62 ./HAL/EEPROM/EEPROM_program.o
                0x00003aae                EEPROM_SendFram
 .text.EEPROM_ReadByte
                0x00003b10       0xb0 ./HAL/EEPROM/EEPROM_program.o
                0x00003b10                EEPROM_ReadByte
 .text.Bluetooth_Init
                0x00003bc0       0x12 ./HAL/Bluetooth/Bluetooth_programe.o
                0x00003bc0                Bluetooth_Init
 .text.Bluetooth_SendData
                0x00003bd2       0x1a ./HAL/Bluetooth/Bluetooth_programe.o
                0x00003bd2                Bluetooth_SendData
 .text.Bluetooth_RecieveData
                0x00003bec       0x20 ./HAL/Bluetooth/Bluetooth_programe.o
                0x00003bec                Bluetooth_RecieveData
 .text.BUZZER_voidInit
                0x00003c0c       0x50 ./HAL/BUZZER/BUZZER_programe.o
                0x00003c0c                BUZZER_voidInit
 .text.BUZZER_voidSetBuzzerHigh
                0x00003c5c       0x50 ./HAL/BUZZER/BUZZER_programe.o
                0x00003c5c                BUZZER_voidSetBuzzerHigh
 .text.BUZZER_voidSetBuzzerLow
                0x00003cac       0x50 ./HAL/BUZZER/BUZZER_programe.o
                0x00003cac                BUZZER_voidSetBuzzerLow
 .text.Get_Password
                0x00003cfc      0x12a ./APP/main.o
                0x00003cfc                Get_Password
 .text.Get_name
                0x00003e26       0xb2 ./APP/main.o
                0x00003e26                Get_name
 .text.main     0x00003ed8      0xe36 ./APP/main.o
                0x00003ed8                main
 .text.libgcc   0x00004d0e       0x3e c:/winavr-20100110/bin/../lib/gcc/avr/4.3.3/avr5\libgcc.a(_mulsi3.o)
                0x00004d0e                __mulsi3
 .text.libgcc   0x00004d4c       0x44 c:/winavr-20100110/bin/../lib/gcc/avr/4.3.3/avr5\libgcc.a(_udivmodsi4.o)
                0x00004d4c                __udivmodsi4
 .text.libgcc   0x00004d90        0x0 c:/winavr-20100110/bin/../lib/gcc/avr/4.3.3/avr5\libgcc.a(_exit.o)
 .text.libgcc   0x00004d90        0x0 c:/winavr-20100110/bin/../lib/gcc/avr/4.3.3/avr5\libgcc.a(_copy_data.o)
 .text.libgcc   0x00004d90        0x0 c:/winavr-20100110/bin/../lib/gcc/avr/4.3.3/avr5\libgcc.a(_clear_bss.o)
 .text.libgcc   0x00004d90       0x38 c:/winavr-20100110/bin/../lib/gcc/avr/4.3.3/avr5\libgcc.a(_prologue.o)
                0x00004d90                __prologue_saves__
 .text.libgcc   0x00004dc8       0x36 c:/winavr-20100110/bin/../lib/gcc/avr/4.3.3/avr5\libgcc.a(_epilogue.o)
                0x00004dc8                __epilogue_restores__
 .text.avr-libc
                0x00004dfe       0x12 c:/winavr-20100110/bin/../lib/gcc/avr/4.3.3/../../../../avr/lib/avr5\libc.a(strcmp.o)
                0x00004dfe                strcmp
 .text.avr-libc
                0x00004e10       0x42 c:/winavr-20100110/bin/../lib/gcc/avr/4.3.3/../../../../avr/lib/avr5\libc.a(itoa.o)
                0x00004e10                itoa
 .text.avr-libc
                0x00004e52       0x20 c:/winavr-20100110/bin/../lib/gcc/avr/4.3.3/../../../../avr/lib/avr5\libc.a(strrev.o)
                0x00004e52                strrev
 .text.libgcc   0x00004e72       0x28 c:/winavr-20100110/bin/../lib/gcc/avr/4.3.3/avr5\libgcc.a(_udivmodhi4.o)
                0x00004e72                __udivmodhi4
                0x00004e9a                . = ALIGN (0x2)
 *(.fini9)
 .fini9         0x00004e9a        0x0 c:/winavr-20100110/bin/../lib/gcc/avr/4.3.3/avr5\libgcc.a(_exit.o)
                0x00004e9a                exit
                0x00004e9a                _exit
 *(.fini9)
 *(.fini8)
 *(.fini8)
 *(.fini7)
 *(.fini7)
 *(.fini6)
 *(.fini6)
 *(.fini5)
 *(.fini5)
 *(.fini4)
 *(.fini4)
 *(.fini3)
 *(.fini3)
 *(.fini2)
 *(.fini2)
 *(.fini1)
 *(.fini1)
 *(.fini0)
 .fini0         0x00004e9a        0x4 c:/winavr-20100110/bin/../lib/gcc/avr/4.3.3/avr5\libgcc.a(_exit.o)
 *(.fini0)
                0x00004e9e                _etext = .

.data           0x00800060      0x112 load address 0x00004e9e
                0x00800060                PROVIDE (__data_start, .)
 *(.data)
 .data          0x00800060        0x0 c:/winavr-20100110/bin/../lib/gcc/avr/4.3.3/../../../../avr/lib/avr5/crtm32.o
 .data          0x00800060        0x0 ./MCAL/USART/USART_programe.o
 .data          0x00800060        0x0 ./MCAL/UART/UART_program.o
 .data          0x00800060        0x0 ./MCAL/TIM1/TIM1_program.o
 .data          0x00800060        0x0 ./MCAL/TIM0/TIM0_program.o
 .data          0x00800060        0x0 ./MCAL/SPI/SPI_Program.o
 .data          0x00800060        0x0 ./MCAL/I2C/I2C_program.o
 .data          0x00800060        0x0 ./MCAL/GIE/GIE_program.o
 .data          0x00800060        0x0 ./MCAL/EXTI/EXTI_program.o
 .data          0x00800060        0x0 ./MCAL/DIO/DIO_program.o
 .data          0x00800060        0x0 ./MCAL/ADC/ADC_program.o
 .data          0x00800060        0x0 ./HAL/Stepper/Stepper_program.o
 .data          0x00800060        0x0 ./HAL/SevenSegment/SS_program.o
 .data          0x00800060        0x0 ./HAL/Servo/Servo_program.o
 .data          0x00800060        0x0 ./HAL/Motor/Motor_program.o
 .data          0x00800060        0x0 ./HAL/LED/LED_program.o
 .data          0x00800060        0x0 ./HAL/LCD/LCD_program.o
 .data          0x00800060        0x0 ./HAL/KeyPade/KeyPade_program.o
 .data          0x00800060        0x0 ./HAL/ICU/ICU_program.o
 .data          0x00800060        0x0 ./HAL/EEPROM/EEPROM_program.o
 .data          0x00800060        0x0 ./HAL/Bluetooth/Bluetooth_programe.o
 .data          0x00800060        0x0 ./HAL/BUZZER/BUZZER_programe.o
 .data          0x00800060       0xce ./APP/main.o
 .data          0x0080012e        0x0 c:/winavr-20100110/bin/../lib/gcc/avr/4.3.3/avr5\libgcc.a(_mulsi3.o)
 .data          0x0080012e        0x0 c:/winavr-20100110/bin/../lib/gcc/avr/4.3.3/avr5\libgcc.a(_udivmodsi4.o)
 .data          0x0080012e        0x0 c:/winavr-20100110/bin/../lib/gcc/avr/4.3.3/avr5\libgcc.a(_exit.o)
 .data          0x0080012e        0x0 c:/winavr-20100110/bin/../lib/gcc/avr/4.3.3/avr5\libgcc.a(_copy_data.o)
 .data          0x0080012e        0x0 c:/winavr-20100110/bin/../lib/gcc/avr/4.3.3/avr5\libgcc.a(_clear_bss.o)
 .data          0x0080012e        0x0 c:/winavr-20100110/bin/../lib/gcc/avr/4.3.3/avr5\libgcc.a(_fixunssfsi.o)
 .data          0x0080012e        0x0 c:/winavr-20100110/bin/../lib/gcc/avr/4.3.3/avr5\libgcc.a(_addsub_sf.o)
 .data          0x0080012e        0x0 c:/winavr-20100110/bin/../lib/gcc/avr/4.3.3/avr5\libgcc.a(_mul_sf.o)
 .data          0x0080012e        0x0 c:/winavr-20100110/bin/../lib/gcc/avr/4.3.3/avr5\libgcc.a(_gt_sf.o)
 .data          0x0080012e        0x0 c:/winavr-20100110/bin/../lib/gcc/avr/4.3.3/avr5\libgcc.a(_ge_sf.o)
 .data          0x0080012e        0x0 c:/winavr-20100110/bin/../lib/gcc/avr/4.3.3/avr5\libgcc.a(_lt_sf.o)
 .data          0x0080012e        0x0 c:/winavr-20100110/bin/../lib/gcc/avr/4.3.3/avr5\libgcc.a(_sf_to_si.o)
 .data          0x0080012e        0x8 c:/winavr-20100110/bin/../lib/gcc/avr/4.3.3/avr5\libgcc.a(_thenan_sf.o)
                0x0080012e                __thenan_sf
 .data          0x00800136        0x0 c:/winavr-20100110/bin/../lib/gcc/avr/4.3.3/avr5\libgcc.a(_prologue.o)
 .data          0x00800136        0x0 c:/winavr-20100110/bin/../lib/gcc/avr/4.3.3/avr5\libgcc.a(_epilogue.o)
 .data          0x00800136        0x0 c:/winavr-20100110/bin/../lib/gcc/avr/4.3.3/avr5\libgcc.a(_pack_sf.o)
 .data          0x00800136        0x0 c:/winavr-20100110/bin/../lib/gcc/avr/4.3.3/avr5\libgcc.a(_unpack_sf.o)
 .data          0x00800136        0x0 c:/winavr-20100110/bin/../lib/gcc/avr/4.3.3/avr5\libgcc.a(_fpcmp_parts_sf.o)
 .data          0x00800136        0x0 c:/winavr-20100110/bin/../lib/gcc/avr/4.3.3/../../../../avr/lib/avr5\libc.a(strcmp.o)
 .data          0x00800136        0x0 c:/winavr-20100110/bin/../lib/gcc/avr/4.3.3/../../../../avr/lib/avr5\libc.a(itoa.o)
 .data          0x00800136        0x0 c:/winavr-20100110/bin/../lib/gcc/avr/4.3.3/../../../../avr/lib/avr5\libc.a(strrev.o)
 .data          0x00800136        0x0 c:/winavr-20100110/bin/../lib/gcc/avr/4.3.3/avr5\libgcc.a(_udivmodhi4.o)
 *(.data*)
 .data.flag_send
                0x00800136        0x1 ./MCAL/UART/UART_program.o
 .data.i.1429   0x00800137        0x1 ./MCAL/UART/UART_program.o
 .data.coils    0x00800138        0x8 ./HAL/Stepper/Stepper_program.o
                0x00800138                coils
 .data.Key_padRow
                0x00800140        0x8 ./HAL/KeyPade/KeyPade_program.o
 .data.Key_padCol
                0x00800148        0x8 ./HAL/KeyPade/KeyPade_program.o
 .data.digit    0x00800150       0x10 ./HAL/KeyPade/KeyPade_program.o
 *(.rodata)
 *(.rodata*)
 .rodata.sequence_arr
                0x00800160        0x8 ./HAL/Stepper/Stepper_program.o
                0x00800160                sequence_arr
 .rodata.digits
                0x00800168        0xa ./HAL/SevenSegment/SS_program.o
                0x00800168                digits
 *(.gnu.linkonce.d*)
                0x00800172                . = ALIGN (0x2)
                0x00800172                _edata = .
                0x00800172                PROVIDE (__data_end, .)

.bss            0x00800172       0x43
                0x00800172                PROVIDE (__bss_start, .)
 *(.bss)
 .bss           0x00800172        0x0 c:/winavr-20100110/bin/../lib/gcc/avr/4.3.3/../../../../avr/lib/avr5/crtm32.o
 .bss           0x00800172        0x0 ./MCAL/USART/USART_programe.o
 .bss           0x00800172        0x0 ./MCAL/UART/UART_program.o
 .bss           0x00800172        0x0 ./MCAL/TIM1/TIM1_program.o
 .bss           0x00800172        0x0 ./MCAL/TIM0/TIM0_program.o
 .bss           0x00800172        0x0 ./MCAL/SPI/SPI_Program.o
 .bss           0x00800172        0x0 ./MCAL/I2C/I2C_program.o
 .bss           0x00800172        0x0 ./MCAL/GIE/GIE_program.o
 .bss           0x00800172        0x0 ./MCAL/EXTI/EXTI_program.o
 .bss           0x00800172        0x0 ./MCAL/DIO/DIO_program.o
 .bss           0x00800172        0x0 ./MCAL/ADC/ADC_program.o
 .bss           0x00800172        0x0 ./HAL/Stepper/Stepper_program.o
 .bss           0x00800172        0x0 ./HAL/SevenSegment/SS_program.o
 .bss           0x00800172        0x0 ./HAL/Servo/Servo_program.o
 .bss           0x00800172        0x0 ./HAL/Motor/Motor_program.o
 .bss           0x00800172        0x0 ./HAL/LED/LED_program.o
 .bss           0x00800172        0x0 ./HAL/LCD/LCD_program.o
 .bss           0x00800172        0x0 ./HAL/KeyPade/KeyPade_program.o
 .bss           0x00800172        0x0 ./HAL/ICU/ICU_program.o
 .bss           0x00800172        0x0 ./HAL/EEPROM/EEPROM_program.o
 .bss           0x00800172        0x0 ./HAL/Bluetooth/Bluetooth_programe.o
 .bss           0x00800172        0x0 ./HAL/BUZZER/BUZZER_programe.o
 .bss           0x00800172        0x0 ./APP/main.o
 .bss           0x00800172        0x0 c:/winavr-20100110/bin/../lib/gcc/avr/4.3.3/avr5\libgcc.a(_mulsi3.o)
 .bss           0x00800172        0x0 c:/winavr-20100110/bin/../lib/gcc/avr/4.3.3/avr5\libgcc.a(_udivmodsi4.o)
 .bss           0x00800172        0x0 c:/winavr-20100110/bin/../lib/gcc/avr/4.3.3/avr5\libgcc.a(_exit.o)
 .bss           0x00800172        0x0 c:/winavr-20100110/bin/../lib/gcc/avr/4.3.3/avr5\libgcc.a(_copy_data.o)
 .bss           0x00800172        0x0 c:/winavr-20100110/bin/../lib/gcc/avr/4.3.3/avr5\libgcc.a(_clear_bss.o)
 .bss           0x00800172        0x0 c:/winavr-20100110/bin/../lib/gcc/avr/4.3.3/avr5\libgcc.a(_fixunssfsi.o)
 .bss           0x00800172        0x0 c:/winavr-20100110/bin/../lib/gcc/avr/4.3.3/avr5\libgcc.a(_addsub_sf.o)
 .bss           0x00800172        0x0 c:/winavr-20100110/bin/../lib/gcc/avr/4.3.3/avr5\libgcc.a(_mul_sf.o)
 .bss           0x00800172        0x0 c:/winavr-20100110/bin/../lib/gcc/avr/4.3.3/avr5\libgcc.a(_gt_sf.o)
 .bss           0x00800172        0x0 c:/winavr-20100110/bin/../lib/gcc/avr/4.3.3/avr5\libgcc.a(_ge_sf.o)
 .bss           0x00800172        0x0 c:/winavr-20100110/bin/../lib/gcc/avr/4.3.3/avr5\libgcc.a(_lt_sf.o)
 .bss           0x00800172        0x0 c:/winavr-20100110/bin/../lib/gcc/avr/4.3.3/avr5\libgcc.a(_sf_to_si.o)
 .bss           0x00800172        0x0 c:/winavr-20100110/bin/../lib/gcc/avr/4.3.3/avr5\libgcc.a(_thenan_sf.o)
 .bss           0x00800172        0x0 c:/winavr-20100110/bin/../lib/gcc/avr/4.3.3/avr5\libgcc.a(_prologue.o)
 .bss           0x00800172        0x0 c:/winavr-20100110/bin/../lib/gcc/avr/4.3.3/avr5\libgcc.a(_epilogue.o)
 .bss           0x00800172        0x0 c:/winavr-20100110/bin/../lib/gcc/avr/4.3.3/avr5\libgcc.a(_pack_sf.o)
 .bss           0x00800172        0x0 c:/winavr-20100110/bin/../lib/gcc/avr/4.3.3/avr5\libgcc.a(_unpack_sf.o)
 .bss           0x00800172        0x0 c:/winavr-20100110/bin/../lib/gcc/avr/4.3.3/avr5\libgcc.a(_fpcmp_parts_sf.o)
 .bss           0x00800172        0x0 c:/winavr-20100110/bin/../lib/gcc/avr/4.3.3/../../../../avr/lib/avr5\libc.a(strcmp.o)
 .bss           0x00800172        0x0 c:/winavr-20100110/bin/../lib/gcc/avr/4.3.3/../../../../avr/lib/avr5\libc.a(itoa.o)
 .bss           0x00800172        0x0 c:/winavr-20100110/bin/../lib/gcc/avr/4.3.3/../../../../avr/lib/avr5\libc.a(strrev.o)
 .bss           0x00800172        0x0 c:/winavr-20100110/bin/../lib/gcc/avr/4.3.3/avr5\libgcc.a(_udivmodhi4.o)
 *(.bss*)
 .bss.Global_UART_cfg
                0x00800172        0x2 ./MCAL/UART/UART_program.o
                0x00800172                Global_UART_cfg
 .bss.TX_str    0x00800174        0x2 ./MCAL/UART/UART_program.o
 .bss.counter.1278
                0x00800176        0x4 ./MCAL/TIM0/TIM0_program.o
 .bss.counter.1292
                0x0080017a        0x4 ./MCAL/TIM0/TIM0_program.o
 .bss.vFunptr   0x0080017e        0x2 ./MCAL/SPI/SPI_Program.o
                0x0080017e                vFunptr
 .bss.current_pattern
                0x00800180        0x1 ./HAL/Stepper/Stepper_program.o
 .bss.t_on      0x00800181        0x2 ./HAL/ICU/ICU_program.o
 .bss.period    0x00800183        0x2 ./HAL/ICU/ICU_program.o
 .bss.state.1281
                0x00800185        0x1 ./HAL/ICU/ICU_program.o
 .bss.PASSWORD  0x00800186        0x4 ./APP/main.o
                0x00800186                PASSWORD
 .bss.byte      0x0080018a        0x1 ./APP/main.o
                0x0080018a                byte
 .bss.address   0x0080018b        0x1 ./APP/main.o
                0x0080018b                address
 *(COMMON)
 COMMON         0x0080018c        0x2 ./MCAL/TIM1/TIM1_program.o
                0x0080018c                tim1_callback_ptr
 COMMON         0x0080018e        0xc ./MCAL/TIM0/TIM0_program.o
                0x0080018e                preload
                0x00800192                func_ptr_ovf
                0x00800194                NoCounts
                0x00800198                func_ptr_ctc
 COMMON         0x0080019a        0x6 ./MCAL/EXTI/EXTI_program.o
                0x0080019a                callback_ptr1
                0x0080019c                callback_ptr2
                0x0080019e                callback_ptr3
 COMMON         0x008001a0       0x15 ./APP/main.o
                0x008001a0                NAME
                0x008001b4                data
                0x008001b5                PROVIDE (__bss_end, .)
                0x00004e9e                __data_load_start = LOADADDR (.data)
                0x00004fb0                __data_load_end = (__data_load_start + SIZEOF (.data))

.noinit         0x008001b5        0x0
                0x008001b5                PROVIDE (__noinit_start, .)
 *(.noinit*)
                0x008001b5                PROVIDE (__noinit_end, .)
                0x008001b5                _end = .
                0x008001b5                PROVIDE (__heap_start, .)

.eeprom         0x00810000        0x0
 *(.eeprom*)
                0x00810000                __eeprom_end = .

.fuse
 *(.fuse)
 *(.lfuse)
 *(.hfuse)
 *(.efuse)

.lock
 *(.lock*)

.signature
 *(.signature*)

.stab
 *(.stab)

.stabstr
 *(.stabstr)

.stab.excl
 *(.stab.excl)

.stab.exclstr
 *(.stab.exclstr)

.stab.index
 *(.stab.index)

.stab.indexstr
 *(.stab.indexstr)

.comment
 *(.comment)

.debug
 *(.debug)

.line
 *(.line)

.debug_srcinfo
 *(.debug_srcinfo)

.debug_sfnames
 *(.debug_sfnames)

.debug_aranges  0x00000000      0x6d0
 *(.debug_aranges)
 .debug_aranges
                0x00000000       0x48 ./MCAL/USART/USART_programe.o
 .debug_aranges
                0x00000048       0x80 ./MCAL/UART/UART_program.o
 .debug_aranges
                0x000000c8       0x68 ./MCAL/TIM1/TIM1_program.o
 .debug_aranges
                0x00000130       0x50 ./MCAL/TIM0/TIM0_program.o
 .debug_aranges
                0x00000180       0x50 ./MCAL/SPI/SPI_Program.o
 .debug_aranges
                0x000001d0       0x68 ./MCAL/I2C/I2C_program.o
 .debug_aranges
                0x00000238       0x28 ./MCAL/GIE/GIE_program.o
 .debug_aranges
                0x00000260       0x50 ./MCAL/EXTI/EXTI_program.o
 .debug_aranges
                0x000002b0       0x48 ./MCAL/DIO/DIO_program.o
 .debug_aranges
                0x000002f8       0x28 ./MCAL/ADC/ADC_program.o
 .debug_aranges
                0x00000320       0x30 ./HAL/Stepper/Stepper_program.o
 .debug_aranges
                0x00000350       0x30 ./HAL/SevenSegment/SS_program.o
 .debug_aranges
                0x00000380       0x28 ./HAL/Servo/Servo_program.o
 .debug_aranges
                0x000003a8       0x30 ./HAL/Motor/Motor_program.o
 .debug_aranges
                0x000003d8       0x30 ./HAL/LED/LED_program.o
 .debug_aranges
                0x00000408       0x58 ./HAL/LCD/LCD_program.o
 .debug_aranges
                0x00000460       0x28 ./HAL/KeyPade/KeyPade_program.o
 .debug_aranges
                0x00000488       0x40 ./HAL/ICU/ICU_program.o
 .debug_aranges
                0x000004c8       0x38 ./HAL/EEPROM/EEPROM_program.o
 .debug_aranges
                0x00000500       0x30 ./HAL/Bluetooth/Bluetooth_programe.o
 .debug_aranges
                0x00000530       0x30 ./HAL/BUZZER/BUZZER_programe.o
 .debug_aranges
                0x00000560       0x30 ./APP/main.o
 .debug_aranges
                0x00000590       0x20 c:/winavr-20100110/bin/../lib/gcc/avr/4.3.3/avr5\libgcc.a(_fixunssfsi.o)
 .debug_aranges
                0x000005b0       0x20 c:/winavr-20100110/bin/../lib/gcc/avr/4.3.3/avr5\libgcc.a(_addsub_sf.o)
 .debug_aranges
                0x000005d0       0x20 c:/winavr-20100110/bin/../lib/gcc/avr/4.3.3/avr5\libgcc.a(_mul_sf.o)
 .debug_aranges
                0x000005f0       0x20 c:/winavr-20100110/bin/../lib/gcc/avr/4.3.3/avr5\libgcc.a(_gt_sf.o)
 .debug_aranges
                0x00000610       0x20 c:/winavr-20100110/bin/../lib/gcc/avr/4.3.3/avr5\libgcc.a(_ge_sf.o)
 .debug_aranges
                0x00000630       0x20 c:/winavr-20100110/bin/../lib/gcc/avr/4.3.3/avr5\libgcc.a(_lt_sf.o)
 .debug_aranges
                0x00000650       0x20 c:/winavr-20100110/bin/../lib/gcc/avr/4.3.3/avr5\libgcc.a(_sf_to_si.o)
 .debug_aranges
                0x00000670       0x20 c:/winavr-20100110/bin/../lib/gcc/avr/4.3.3/avr5\libgcc.a(_pack_sf.o)
 .debug_aranges
                0x00000690       0x20 c:/winavr-20100110/bin/../lib/gcc/avr/4.3.3/avr5\libgcc.a(_unpack_sf.o)
 .debug_aranges
                0x000006b0       0x20 c:/winavr-20100110/bin/../lib/gcc/avr/4.3.3/avr5\libgcc.a(_fpcmp_parts_sf.o)

.debug_pubnames
                0x00000000      0xd01
 *(.debug_pubnames)
 .debug_pubnames
                0x00000000       0xbc ./MCAL/USART/USART_programe.o
 .debug_pubnames
                0x000000bc      0x15f ./MCAL/UART/UART_program.o
 .debug_pubnames
                0x0000021b       0xfb ./MCAL/TIM1/TIM1_program.o
 .debug_pubnames
                0x00000316       0xd0 ./MCAL/TIM0/TIM0_program.o
 .debug_pubnames
                0x000003e6       0xb1 ./MCAL/SPI/SPI_Program.o
 .debug_pubnames
                0x00000497       0xd6 ./MCAL/I2C/I2C_program.o
 .debug_pubnames
                0x0000056d       0x31 ./MCAL/GIE/GIE_program.o
 .debug_pubnames
                0x0000059e       0xbc ./MCAL/EXTI/EXTI_program.o
 .debug_pubnames
                0x0000065a       0x98 ./MCAL/DIO/DIO_program.o
 .debug_pubnames
                0x000006f2       0x37 ./MCAL/ADC/ADC_program.o
 .debug_pubnames
                0x00000729       0x65 ./HAL/Stepper/Stepper_program.o
 .debug_pubnames
                0x0000078e       0x70 ./HAL/SevenSegment/SS_program.o
 .debug_pubnames
                0x000007fe       0x34 ./HAL/Servo/Servo_program.o
 .debug_pubnames
                0x00000832       0x47 ./HAL/Motor/Motor_program.o
 .debug_pubnames
                0x00000879       0x50 ./HAL/LED/LED_program.o
 .debug_pubnames
                0x000008c9       0xa6 ./HAL/LCD/LCD_program.o
 .debug_pubnames
                0x0000096f       0x34 ./HAL/KeyPade/KeyPade_program.o
 .debug_pubnames
                0x000009a3       0x6e ./HAL/ICU/ICU_program.o
 .debug_pubnames
                0x00000a11       0x5e ./HAL/EEPROM/EEPROM_program.o
 .debug_pubnames
                0x00000a6f       0x56 ./HAL/Bluetooth/Bluetooth_programe.o
 .debug_pubnames
                0x00000ac5       0x5f ./HAL/BUZZER/BUZZER_programe.o
 .debug_pubnames
                0x00000b24       0x6d ./APP/main.o
 .debug_pubnames
                0x00000b91       0x23 c:/winavr-20100110/bin/../lib/gcc/avr/4.3.3/avr5\libgcc.a(_fixunssfsi.o)
 .debug_pubnames
                0x00000bb4       0x2c c:/winavr-20100110/bin/../lib/gcc/avr/4.3.3/avr5\libgcc.a(_addsub_sf.o)
 .debug_pubnames
                0x00000be0       0x1f c:/winavr-20100110/bin/../lib/gcc/avr/4.3.3/avr5\libgcc.a(_mul_sf.o)
 .debug_pubnames
                0x00000bff       0x1e c:/winavr-20100110/bin/../lib/gcc/avr/4.3.3/avr5\libgcc.a(_gt_sf.o)
 .debug_pubnames
                0x00000c1d       0x1e c:/winavr-20100110/bin/../lib/gcc/avr/4.3.3/avr5\libgcc.a(_ge_sf.o)
 .debug_pubnames
                0x00000c3b       0x1e c:/winavr-20100110/bin/../lib/gcc/avr/4.3.3/avr5\libgcc.a(_lt_sf.o)
 .debug_pubnames
                0x00000c59       0x20 c:/winavr-20100110/bin/../lib/gcc/avr/4.3.3/avr5\libgcc.a(_sf_to_si.o)
 .debug_pubnames
                0x00000c79       0x22 c:/winavr-20100110/bin/../lib/gcc/avr/4.3.3/avr5\libgcc.a(_thenan_sf.o)
 .debug_pubnames
                0x00000c9b       0x1f c:/winavr-20100110/bin/../lib/gcc/avr/4.3.3/avr5\libgcc.a(_pack_sf.o)
 .debug_pubnames
                0x00000cba       0x21 c:/winavr-20100110/bin/../lib/gcc/avr/4.3.3/avr5\libgcc.a(_unpack_sf.o)
 .debug_pubnames
                0x00000cdb       0x26 c:/winavr-20100110/bin/../lib/gcc/avr/4.3.3/avr5\libgcc.a(_fpcmp_parts_sf.o)

.debug_info     0x00000000     0x430a
 *(.debug_info)
 .debug_info    0x00000000      0x24f ./MCAL/USART/USART_programe.o
 .debug_info    0x0000024f      0x457 ./MCAL/UART/UART_program.o
 .debug_info    0x000006a6      0x1bb ./MCAL/TIM1/TIM1_program.o
 .debug_info    0x00000861      0x1cd ./MCAL/TIM0/TIM0_program.o
 .debug_info    0x00000a2e      0x14c ./MCAL/SPI/SPI_Program.o
 .debug_info    0x00000b7a      0x214 ./MCAL/I2C/I2C_program.o
 .debug_info    0x00000d8e       0x8a ./MCAL/GIE/GIE_program.o
 .debug_info    0x00000e18      0x1ab ./MCAL/EXTI/EXTI_program.o
 .debug_info    0x00000fc3      0x1fd ./MCAL/DIO/DIO_program.o
 .debug_info    0x000011c0       0xd3 ./MCAL/ADC/ADC_program.o
 .debug_info    0x00001293      0x186 ./HAL/Stepper/Stepper_program.o
 .debug_info    0x00001419      0x105 ./HAL/SevenSegment/SS_program.o
 .debug_info    0x0000151e       0xd4 ./HAL/Servo/Servo_program.o
 .debug_info    0x000015f2      0x1be ./HAL/Motor/Motor_program.o
 .debug_info    0x000017b0       0xdd ./HAL/LED/LED_program.o
 .debug_info    0x0000188d      0x3fb ./HAL/LCD/LCD_program.o
 .debug_info    0x00001c88      0x12f ./HAL/KeyPade/KeyPade_program.o
 .debug_info    0x00001db7      0x124 ./HAL/ICU/ICU_program.o
 .debug_info    0x00001edb      0x1cc ./HAL/EEPROM/EEPROM_program.o
 .debug_info    0x000020a7       0xd4 ./HAL/Bluetooth/Bluetooth_programe.o
 .debug_info    0x0000217b       0xdd ./HAL/BUZZER/BUZZER_programe.o
 .debug_info    0x00002258      0x469 ./APP/main.o
 .debug_info    0x000026c1       0xb1 c:/winavr-20100110/bin/../lib/gcc/avr/4.3.3/avr5\libgcc.a(_fixunssfsi.o)
 .debug_info    0x00002772      0x47a c:/winavr-20100110/bin/../lib/gcc/avr/4.3.3/avr5\libgcc.a(_addsub_sf.o)
 .debug_info    0x00002bec      0x485 c:/winavr-20100110/bin/../lib/gcc/avr/4.3.3/avr5\libgcc.a(_mul_sf.o)
 .debug_info    0x00003071      0x27f c:/winavr-20100110/bin/../lib/gcc/avr/4.3.3/avr5\libgcc.a(_gt_sf.o)
 .debug_info    0x000032f0      0x27f c:/winavr-20100110/bin/../lib/gcc/avr/4.3.3/avr5\libgcc.a(_ge_sf.o)
 .debug_info    0x0000356f      0x27f c:/winavr-20100110/bin/../lib/gcc/avr/4.3.3/avr5\libgcc.a(_lt_sf.o)
 .debug_info    0x000037ee      0x2b0 c:/winavr-20100110/bin/../lib/gcc/avr/4.3.3/avr5\libgcc.a(_sf_to_si.o)
 .debug_info    0x00003a9e      0x12c c:/winavr-20100110/bin/../lib/gcc/avr/4.3.3/avr5\libgcc.a(_thenan_sf.o)
 .debug_info    0x00003bca      0x2df c:/winavr-20100110/bin/../lib/gcc/avr/4.3.3/avr5\libgcc.a(_pack_sf.o)
 .debug_info    0x00003ea9      0x251 c:/winavr-20100110/bin/../lib/gcc/avr/4.3.3/avr5\libgcc.a(_unpack_sf.o)
 .debug_info    0x000040fa      0x210 c:/winavr-20100110/bin/../lib/gcc/avr/4.3.3/avr5\libgcc.a(_fpcmp_parts_sf.o)
 *(.gnu.linkonce.wi.*)

.debug_abbrev   0x00000000     0x1e15
 *(.debug_abbrev)
 .debug_abbrev  0x00000000       0xa8 ./MCAL/USART/USART_programe.o
 .debug_abbrev  0x000000a8      0x142 ./MCAL/UART/UART_program.o
 .debug_abbrev  0x000001ea       0xb0 ./MCAL/TIM1/TIM1_program.o
 .debug_abbrev  0x0000029a       0xb1 ./MCAL/TIM0/TIM0_program.o
 .debug_abbrev  0x0000034b       0xb2 ./MCAL/SPI/SPI_Program.o
 .debug_abbrev  0x000003fd       0xe3 ./MCAL/I2C/I2C_program.o
 .debug_abbrev  0x000004e0       0x36 ./MCAL/GIE/GIE_program.o
 .debug_abbrev  0x00000516       0xa5 ./MCAL/EXTI/EXTI_program.o
 .debug_abbrev  0x000005bb       0x92 ./MCAL/DIO/DIO_program.o
 .debug_abbrev  0x0000064d       0x7a ./MCAL/ADC/ADC_program.o
 .debug_abbrev  0x000006c7       0xd7 ./HAL/Stepper/Stepper_program.o
 .debug_abbrev  0x0000079e       0x9a ./HAL/SevenSegment/SS_program.o
 .debug_abbrev  0x00000838       0x76 ./HAL/Servo/Servo_program.o
 .debug_abbrev  0x000008ae       0xed ./HAL/Motor/Motor_program.o
 .debug_abbrev  0x0000099b       0x69 ./HAL/LED/LED_program.o
 .debug_abbrev  0x00000a04      0x159 ./HAL/LCD/LCD_program.o
 .debug_abbrev  0x00000b5d       0xa7 ./HAL/KeyPade/KeyPade_program.o
 .debug_abbrev  0x00000c04       0x87 ./HAL/ICU/ICU_program.o
 .debug_abbrev  0x00000c8b       0xab ./HAL/EEPROM/EEPROM_program.o
 .debug_abbrev  0x00000d36       0x72 ./HAL/Bluetooth/Bluetooth_programe.o
 .debug_abbrev  0x00000da8       0x69 ./HAL/BUZZER/BUZZER_programe.o
 .debug_abbrev  0x00000e11      0x119 ./APP/main.o
 .debug_abbrev  0x00000f2a       0x5d c:/winavr-20100110/bin/../lib/gcc/avr/4.3.3/avr5\libgcc.a(_fixunssfsi.o)
 .debug_abbrev  0x00000f87      0x1ea c:/winavr-20100110/bin/../lib/gcc/avr/4.3.3/avr5\libgcc.a(_addsub_sf.o)
 .debug_abbrev  0x00001171      0x21b c:/winavr-20100110/bin/../lib/gcc/avr/4.3.3/avr5\libgcc.a(_mul_sf.o)
 .debug_abbrev  0x0000138c      0x15a c:/winavr-20100110/bin/../lib/gcc/avr/4.3.3/avr5\libgcc.a(_gt_sf.o)
 .debug_abbrev  0x000014e6      0x15a c:/winavr-20100110/bin/../lib/gcc/avr/4.3.3/avr5\libgcc.a(_ge_sf.o)
 .debug_abbrev  0x00001640      0x15a c:/winavr-20100110/bin/../lib/gcc/avr/4.3.3/avr5\libgcc.a(_lt_sf.o)
 .debug_abbrev  0x0000179a      0x17f c:/winavr-20100110/bin/../lib/gcc/avr/4.3.3/avr5\libgcc.a(_sf_to_si.o)
 .debug_abbrev  0x00001919       0xad c:/winavr-20100110/bin/../lib/gcc/avr/4.3.3/avr5\libgcc.a(_thenan_sf.o)
 .debug_abbrev  0x000019c6      0x1c0 c:/winavr-20100110/bin/../lib/gcc/avr/4.3.3/avr5\libgcc.a(_pack_sf.o)
 .debug_abbrev  0x00001b86      0x154 c:/winavr-20100110/bin/../lib/gcc/avr/4.3.3/avr5\libgcc.a(_unpack_sf.o)
 .debug_abbrev  0x00001cda      0x13b c:/winavr-20100110/bin/../lib/gcc/avr/4.3.3/avr5\libgcc.a(_fpcmp_parts_sf.o)

.debug_line     0x00000000     0x42ed
 *(.debug_line)
 .debug_line    0x00000000      0x361 ./MCAL/USART/USART_programe.o
 .debug_line    0x00000361      0x42b ./MCAL/UART/UART_program.o
 .debug_line    0x0000078c      0x2d9 ./MCAL/TIM1/TIM1_program.o
 .debug_line    0x00000a65      0x20b ./MCAL/TIM0/TIM0_program.o
 .debug_line    0x00000c70      0x1e0 ./MCAL/SPI/SPI_Program.o
 .debug_line    0x00000e50      0x2d6 ./MCAL/I2C/I2C_program.o
 .debug_line    0x00001126       0x9f ./MCAL/GIE/GIE_program.o
 .debug_line    0x000011c5      0x1f3 ./MCAL/EXTI/EXTI_program.o
 .debug_line    0x000013b8      0x331 ./MCAL/DIO/DIO_program.o
 .debug_line    0x000016e9      0x126 ./MCAL/ADC/ADC_program.o
 .debug_line    0x0000180f      0x173 ./HAL/Stepper/Stepper_program.o
 .debug_line    0x00001982      0x127 ./HAL/SevenSegment/SS_program.o
 .debug_line    0x00001aa9      0x102 ./HAL/Servo/Servo_program.o
 .debug_line    0x00001bab      0x27f ./HAL/Motor/Motor_program.o
 .debug_line    0x00001e2a      0x166 ./HAL/LED/LED_program.o
 .debug_line    0x00001f90      0x55d ./HAL/LCD/LCD_program.o
 .debug_line    0x000024ed      0x16f ./HAL/KeyPade/KeyPade_program.o
 .debug_line    0x0000265c      0x1b3 ./HAL/ICU/ICU_program.o
 .debug_line    0x0000280f      0x291 ./HAL/EEPROM/EEPROM_program.o
 .debug_line    0x00002aa0      0x101 ./HAL/Bluetooth/Bluetooth_programe.o
 .debug_line    0x00002ba1      0x128 ./HAL/BUZZER/BUZZER_programe.o
 .debug_line    0x00002cc9      0x877 ./APP/main.o
 .debug_line    0x00003540       0xa7 c:/winavr-20100110/bin/../lib/gcc/avr/4.3.3/avr5\libgcc.a(_fixunssfsi.o)
 .debug_line    0x000035e7      0x2af c:/winavr-20100110/bin/../lib/gcc/avr/4.3.3/avr5\libgcc.a(_addsub_sf.o)
 .debug_line    0x00003896      0x239 c:/winavr-20100110/bin/../lib/gcc/avr/4.3.3/avr5\libgcc.a(_mul_sf.o)
 .debug_line    0x00003acf       0xd3 c:/winavr-20100110/bin/../lib/gcc/avr/4.3.3/avr5\libgcc.a(_gt_sf.o)
 .debug_line    0x00003ba2       0xd3 c:/winavr-20100110/bin/../lib/gcc/avr/4.3.3/avr5\libgcc.a(_ge_sf.o)
 .debug_line    0x00003c75       0xd3 c:/winavr-20100110/bin/../lib/gcc/avr/4.3.3/avr5\libgcc.a(_lt_sf.o)
 .debug_line    0x00003d48      0x109 c:/winavr-20100110/bin/../lib/gcc/avr/4.3.3/avr5\libgcc.a(_sf_to_si.o)
 .debug_line    0x00003e51       0x90 c:/winavr-20100110/bin/../lib/gcc/avr/4.3.3/avr5\libgcc.a(_thenan_sf.o)
 .debug_line    0x00003ee1      0x18a c:/winavr-20100110/bin/../lib/gcc/avr/4.3.3/avr5\libgcc.a(_pack_sf.o)
 .debug_line    0x0000406b      0x14b c:/winavr-20100110/bin/../lib/gcc/avr/4.3.3/avr5\libgcc.a(_unpack_sf.o)
 .debug_line    0x000041b6      0x137 c:/winavr-20100110/bin/../lib/gcc/avr/4.3.3/avr5\libgcc.a(_fpcmp_parts_sf.o)

.debug_frame    0x00000000      0x9c0
 *(.debug_frame)
 .debug_frame   0x00000000       0x70 ./MCAL/USART/USART_programe.o
 .debug_frame   0x00000070       0xe0 ./MCAL/UART/UART_program.o
 .debug_frame   0x00000150       0xb0 ./MCAL/TIM1/TIM1_program.o
 .debug_frame   0x00000200       0x80 ./MCAL/TIM0/TIM0_program.o
 .debug_frame   0x00000280       0x80 ./MCAL/SPI/SPI_Program.o
 .debug_frame   0x00000300       0xb0 ./MCAL/I2C/I2C_program.o
 .debug_frame   0x000003b0       0x30 ./MCAL/GIE/GIE_program.o
 .debug_frame   0x000003e0       0x80 ./MCAL/EXTI/EXTI_program.o
 .debug_frame   0x00000460       0x70 ./MCAL/DIO/DIO_program.o
 .debug_frame   0x000004d0       0x30 ./MCAL/ADC/ADC_program.o
 .debug_frame   0x00000500       0x40 ./HAL/Stepper/Stepper_program.o
 .debug_frame   0x00000540       0x40 ./HAL/SevenSegment/SS_program.o
 .debug_frame   0x00000580       0x30 ./HAL/Servo/Servo_program.o
 .debug_frame   0x000005b0       0x40 ./HAL/Motor/Motor_program.o
 .debug_frame   0x000005f0       0x40 ./HAL/LED/LED_program.o
 .debug_frame   0x00000630       0x90 ./HAL/LCD/LCD_program.o
 .debug_frame   0x000006c0       0x30 ./HAL/KeyPade/KeyPade_program.o
 .debug_frame   0x000006f0       0x60 ./HAL/ICU/ICU_program.o
 .debug_frame   0x00000750       0x50 ./HAL/EEPROM/EEPROM_program.o
 .debug_frame   0x000007a0       0x40 ./HAL/Bluetooth/Bluetooth_programe.o
 .debug_frame   0x000007e0       0x40 ./HAL/BUZZER/BUZZER_programe.o
 .debug_frame   0x00000820       0x40 ./APP/main.o
 .debug_frame   0x00000860       0x20 c:/winavr-20100110/bin/../lib/gcc/avr/4.3.3/avr5\libgcc.a(_fixunssfsi.o)
 .debug_frame   0x00000880       0x40 c:/winavr-20100110/bin/../lib/gcc/avr/4.3.3/avr5\libgcc.a(_addsub_sf.o)
 .debug_frame   0x000008c0       0x20 c:/winavr-20100110/bin/../lib/gcc/avr/4.3.3/avr5\libgcc.a(_mul_sf.o)
 .debug_frame   0x000008e0       0x20 c:/winavr-20100110/bin/../lib/gcc/avr/4.3.3/avr5\libgcc.a(_gt_sf.o)
 .debug_frame   0x00000900       0x20 c:/winavr-20100110/bin/../lib/gcc/avr/4.3.3/avr5\libgcc.a(_ge_sf.o)
 .debug_frame   0x00000920       0x20 c:/winavr-20100110/bin/../lib/gcc/avr/4.3.3/avr5\libgcc.a(_lt_sf.o)
 .debug_frame   0x00000940       0x20 c:/winavr-20100110/bin/../lib/gcc/avr/4.3.3/avr5\libgcc.a(_sf_to_si.o)
 .debug_frame   0x00000960       0x20 c:/winavr-20100110/bin/../lib/gcc/avr/4.3.3/avr5\libgcc.a(_pack_sf.o)
 .debug_frame   0x00000980       0x20 c:/winavr-20100110/bin/../lib/gcc/avr/4.3.3/avr5\libgcc.a(_unpack_sf.o)
 .debug_frame   0x000009a0       0x20 c:/winavr-20100110/bin/../lib/gcc/avr/4.3.3/avr5\libgcc.a(_fpcmp_parts_sf.o)

.debug_str      0x00000000     0x10f9
 *(.debug_str)
 .debug_str     0x00000000      0x235 ./MCAL/USART/USART_programe.o
                                0x262 (size before relaxing)
 .debug_str     0x00000235      0x225 ./MCAL/UART/UART_program.o
                                0x2ed (size before relaxing)
 .debug_str     0x0000045a       0xf9 ./MCAL/TIM1/TIM1_program.o
                                0x1b8 (size before relaxing)
 .debug_str     0x00000553       0xb6 ./MCAL/TIM0/TIM0_program.o
                                0x175 (size before relaxing)
 .debug_str     0x00000609       0xa5 ./MCAL/SPI/SPI_Program.o
                                0x16a (size before relaxing)
 .debug_str     0x000006ae       0xd6 ./MCAL/I2C/I2C_program.o
                                0x1ad (size before relaxing)
 .debug_str     0x00000784       0x31 ./MCAL/GIE/GIE_program.o
                                 0xf0 (size before relaxing)
 .debug_str     0x000007b5       0xb3 ./MCAL/EXTI/EXTI_program.o
                                0x172 (size before relaxing)
 .debug_str     0x00000868       0xc5 ./MCAL/DIO/DIO_program.o
                                0x18a (size before relaxing)
 .debug_str     0x0000092d       0x5a ./MCAL/ADC/ADC_program.o
                                0x119 (size before relaxing)
 .debug_str     0x00000987       0x7a ./HAL/Stepper/Stepper_program.o
                                0x139 (size before relaxing)
 .debug_str     0x00000a01       0x7a ./HAL/SevenSegment/SS_program.o
                                0x143 (size before relaxing)
 .debug_str     0x00000a7b       0x43 ./HAL/Servo/Servo_program.o
                                0x102 (size before relaxing)
 .debug_str     0x00000abe       0x89 ./HAL/Motor/Motor_program.o
                                0x171 (size before relaxing)
 .debug_str     0x00000b47       0x53 ./HAL/LED/LED_program.o
                                0x112 (size before relaxing)
 .debug_str     0x00000b9a       0xc1 ./HAL/LCD/LCD_program.o
                                0x1fd (size before relaxing)
 .debug_str     0x00000c5b       0x57 ./HAL/KeyPade/KeyPade_program.o
                                0x116 (size before relaxing)
 .debug_str     0x00000cb2       0x6d ./HAL/ICU/ICU_program.o
                                0x132 (size before relaxing)
 .debug_str     0x00000d1f       0x79 ./HAL/EEPROM/EEPROM_program.o
                                0x146 (size before relaxing)
 .debug_str     0x00000d98       0x5e ./HAL/Bluetooth/Bluetooth_programe.o
                                0x137 (size before relaxing)
 .debug_str     0x00000df6       0x6c ./HAL/BUZZER/BUZZER_programe.o
                                0x12b (size before relaxing)
 .debug_str     0x00000e62       0x59 ./APP/main.o
                                0x18e (size before relaxing)
 .debug_str     0x00000ebb       0x80 c:/winavr-20100110/bin/../lib/gcc/avr/4.3.3/avr5\libgcc.a(_fixunssfsi.o)
                                 0xfe (size before relaxing)
 .debug_str     0x00000f3b      0x13d c:/winavr-20100110/bin/../lib/gcc/avr/4.3.3/avr5\libgcc.a(_addsub_sf.o)
                                0x206 (size before relaxing)
 .debug_str     0x00001078       0x27 c:/winavr-20100110/bin/../lib/gcc/avr/4.3.3/avr5\libgcc.a(_mul_sf.o)
                                0x1bf (size before relaxing)
 .debug_str     0x0000109f        0xf c:/winavr-20100110/bin/../lib/gcc/avr/4.3.3/avr5\libgcc.a(_gt_sf.o)
                                0x195 (size before relaxing)
 .debug_str     0x000010ae        0x8 c:/winavr-20100110/bin/../lib/gcc/avr/4.3.3/avr5\libgcc.a(_ge_sf.o)
                                0x195 (size before relaxing)
 .debug_str     0x000010b6        0x8 c:/winavr-20100110/bin/../lib/gcc/avr/4.3.3/avr5\libgcc.a(_lt_sf.o)
                                0x195 (size before relaxing)
 .debug_str     0x000010be        0xa c:/winavr-20100110/bin/../lib/gcc/avr/4.3.3/avr5\libgcc.a(_sf_to_si.o)
                                0x19e (size before relaxing)
 .debug_str     0x00000000      0x103 c:/winavr-20100110/bin/../lib/gcc/avr/4.3.3/avr5\libgcc.a(_thenan_sf.o)
 .debug_str     0x000010c8       0x16 c:/winavr-20100110/bin/../lib/gcc/avr/4.3.3/avr5\libgcc.a(_pack_sf.o)
                                0x19d (size before relaxing)
 .debug_str     0x000010de        0xb c:/winavr-20100110/bin/../lib/gcc/avr/4.3.3/avr5\libgcc.a(_unpack_sf.o)
                                0x17f (size before relaxing)
 .debug_str     0x000010e9       0x10 c:/winavr-20100110/bin/../lib/gcc/avr/4.3.3/avr5\libgcc.a(_fpcmp_parts_sf.o)
                                0x163 (size before relaxing)

.debug_loc      0x00000000      0x7ce
 *(.debug_loc)
 .debug_loc     0x00000000       0x34 c:/winavr-20100110/bin/../lib/gcc/avr/4.3.3/avr5\libgcc.a(_fixunssfsi.o)
 .debug_loc     0x00000034      0x32a c:/winavr-20100110/bin/../lib/gcc/avr/4.3.3/avr5\libgcc.a(_addsub_sf.o)
 .debug_loc     0x0000035e      0x104 c:/winavr-20100110/bin/../lib/gcc/avr/4.3.3/avr5\libgcc.a(_mul_sf.o)
 .debug_loc     0x00000462       0x3c c:/winavr-20100110/bin/../lib/gcc/avr/4.3.3/avr5\libgcc.a(_gt_sf.o)
 .debug_loc     0x0000049e       0x3c c:/winavr-20100110/bin/../lib/gcc/avr/4.3.3/avr5\libgcc.a(_ge_sf.o)
 .debug_loc     0x000004da       0x3c c:/winavr-20100110/bin/../lib/gcc/avr/4.3.3/avr5\libgcc.a(_lt_sf.o)
 .debug_loc     0x00000516       0x7e c:/winavr-20100110/bin/../lib/gcc/avr/4.3.3/avr5\libgcc.a(_sf_to_si.o)
 .debug_loc     0x00000594      0x13e c:/winavr-20100110/bin/../lib/gcc/avr/4.3.3/avr5\libgcc.a(_pack_sf.o)
 .debug_loc     0x000006d2       0xac c:/winavr-20100110/bin/../lib/gcc/avr/4.3.3/avr5\libgcc.a(_unpack_sf.o)
 .debug_loc     0x0000077e       0x50 c:/winavr-20100110/bin/../lib/gcc/avr/4.3.3/avr5\libgcc.a(_fpcmp_parts_sf.o)

.debug_macinfo
 *(.debug_macinfo)
OUTPUT(Smart_Home_Lock.elf elf32-avr)
LOAD linker stubs

.debug_ranges   0x00000000      0x530
 .debug_ranges  0x00000000       0x40 ./MCAL/USART/USART_programe.o
 .debug_ranges  0x00000040       0x78 ./MCAL/UART/UART_program.o
 .debug_ranges  0x000000b8       0x60 ./MCAL/TIM1/TIM1_program.o
 .debug_ranges  0x00000118       0x48 ./MCAL/TIM0/TIM0_program.o
 .debug_ranges  0x00000160       0x48 ./MCAL/SPI/SPI_Program.o
 .debug_ranges  0x000001a8       0x60 ./MCAL/I2C/I2C_program.o
 .debug_ranges  0x00000208       0x20 ./MCAL/GIE/GIE_program.o
 .debug_ranges  0x00000228       0x48 ./MCAL/EXTI/EXTI_program.o
 .debug_ranges  0x00000270       0x40 ./MCAL/DIO/DIO_program.o
 .debug_ranges  0x000002b0       0x20 ./MCAL/ADC/ADC_program.o
 .debug_ranges  0x000002d0       0x28 ./HAL/Stepper/Stepper_program.o
 .debug_ranges  0x000002f8       0x28 ./HAL/SevenSegment/SS_program.o
 .debug_ranges  0x00000320       0x20 ./HAL/Servo/Servo_program.o
 .debug_ranges  0x00000340       0x28 ./HAL/Motor/Motor_program.o
 .debug_ranges  0x00000368       0x28 ./HAL/LED/LED_program.o
 .debug_ranges  0x00000390       0x50 ./HAL/LCD/LCD_program.o
 .debug_ranges  0x000003e0       0x20 ./HAL/KeyPade/KeyPade_program.o
 .debug_ranges  0x00000400       0x38 ./HAL/ICU/ICU_program.o
 .debug_ranges  0x00000438       0x30 ./HAL/EEPROM/EEPROM_program.o
 .debug_ranges  0x00000468       0x28 ./HAL/Bluetooth/Bluetooth_programe.o
 .debug_ranges  0x00000490       0x28 ./HAL/BUZZER/BUZZER_programe.o
 .debug_ranges  0x000004b8       0x28 ./APP/main.o
 .debug_ranges  0x000004e0       0x50 c:/winavr-20100110/bin/../lib/gcc/avr/4.3.3/avr5\libgcc.a(_mul_sf.o)
